Archive member included because of file (symbol)

/home/sumanguru/Documents/SimplicityStudio_v3/developer/toolchains/gnu_arm/4.8_2013q4/bin/../lib/gcc/arm-none-eabi/4.8.3/armv7-m/libgcc.a(_arm_addsubdf3.o)
                              ./src/MPU9250.o (__aeabi_dadd)
/home/sumanguru/Documents/SimplicityStudio_v3/developer/toolchains/gnu_arm/4.8_2013q4/bin/../lib/gcc/arm-none-eabi/4.8.3/armv7-m/libgcc.a(_arm_muldivdf3.o)
                              ./src/MPU9250.o (__aeabi_dmul)
/home/sumanguru/Documents/SimplicityStudio_v3/developer/toolchains/gnu_arm/4.8_2013q4/bin/../lib/gcc/arm-none-eabi/4.8.3/armv7-m/libgcc.a(_arm_truncdfsf2.o)
                              ./src/MPU9250.o (__aeabi_d2f)
/home/sumanguru/Documents/SimplicityStudio_v3/developer/toolchains/gnu_arm/4.8_2013q4/bin/../lib/gcc/arm-none-eabi/4.8.3/armv7-m/libgcc.a(_arm_addsubsf3.o)
                              ./src/MPU9250.o (__aeabi_ui2f)
/home/sumanguru/Documents/SimplicityStudio_v3/developer/toolchains/gnu_arm/4.8_2013q4/bin/../lib/gcc/arm-none-eabi/4.8.3/armv7-m/libgcc.a(_arm_muldivsf3.o)
                              ./src/MPU9250.o (__aeabi_fdiv)
/home/sumanguru/Documents/SimplicityStudio_v3/developer/toolchains/gnu_arm/4.8_2013q4/bin/../lib/gcc/arm-none-eabi/4.8.3/../../../../arm-none-eabi/lib/armv7-m/libc_s.a(lib_a-exit.o)
                              /home/sumanguru/Documents/SimplicityStudio_v3/developer/toolchains/gnu_arm/4.8_2013q4/bin/../lib/gcc/arm-none-eabi/4.8.3/../../../../arm-none-eabi/lib/armv7-m/crt0.o (exit)
/home/sumanguru/Documents/SimplicityStudio_v3/developer/toolchains/gnu_arm/4.8_2013q4/bin/../lib/gcc/arm-none-eabi/4.8.3/../../../../arm-none-eabi/lib/armv7-m/libc_s.a(lib_a-impure.o)
                              /home/sumanguru/Documents/SimplicityStudio_v3/developer/toolchains/gnu_arm/4.8_2013q4/bin/../lib/gcc/arm-none-eabi/4.8.3/../../../../arm-none-eabi/lib/armv7-m/libc_s.a(lib_a-exit.o) (_global_impure_ptr)
/home/sumanguru/Documents/SimplicityStudio_v3/developer/toolchains/gnu_arm/4.8_2013q4/bin/../lib/gcc/arm-none-eabi/4.8.3/../../../../arm-none-eabi/lib/armv7-m/libc_s.a(lib_a-init.o)
                              /home/sumanguru/Documents/SimplicityStudio_v3/developer/toolchains/gnu_arm/4.8_2013q4/bin/../lib/gcc/arm-none-eabi/4.8.3/../../../../arm-none-eabi/lib/armv7-m/crt0.o (__libc_init_array)
/home/sumanguru/Documents/SimplicityStudio_v3/developer/toolchains/gnu_arm/4.8_2013q4/bin/../lib/gcc/arm-none-eabi/4.8.3/../../../../arm-none-eabi/lib/armv7-m/libc_s.a(lib_a-memcpy-stub.o)
                              ./src/LS013_MD.o (memcpy)
/home/sumanguru/Documents/SimplicityStudio_v3/developer/toolchains/gnu_arm/4.8_2013q4/bin/../lib/gcc/arm-none-eabi/4.8.3/../../../../arm-none-eabi/lib/armv7-m/libc_s.a(lib_a-memset.o)
                              /home/sumanguru/Documents/SimplicityStudio_v3/developer/toolchains/gnu_arm/4.8_2013q4/bin/../lib/gcc/arm-none-eabi/4.8.3/../../../../arm-none-eabi/lib/armv7-m/crt0.o (memset)
/home/sumanguru/Documents/SimplicityStudio_v3/developer/toolchains/gnu_arm/4.8_2013q4/bin/../lib/gcc/arm-none-eabi/4.8.3/../../../../arm-none-eabi/lib/armv7-m/libnosys.a(_exit.o)
                              /home/sumanguru/Documents/SimplicityStudio_v3/developer/toolchains/gnu_arm/4.8_2013q4/bin/../lib/gcc/arm-none-eabi/4.8.3/../../../../arm-none-eabi/lib/armv7-m/libc_s.a(lib_a-exit.o) (_exit)

Allocating common symbols
Common symbol       size              file

SystemCoreClock     0x4               ./CMSIS/efm32gg/system_efm32gg.o
aRes                0x4               ./src/MPU9250.o
gRes                0x4               ./src/MPU9250.o
mRes                0x4               ./src/MPU9250.o

Discarded input sections

 .text          0x00000000        0x0 /home/sumanguru/Documents/SimplicityStudio_v3/developer/toolchains/gnu_arm/4.8_2013q4/bin/../lib/gcc/arm-none-eabi/4.8.3/armv7-m/crti.o
 .data          0x00000000        0x0 /home/sumanguru/Documents/SimplicityStudio_v3/developer/toolchains/gnu_arm/4.8_2013q4/bin/../lib/gcc/arm-none-eabi/4.8.3/armv7-m/crti.o
 .bss           0x00000000        0x0 /home/sumanguru/Documents/SimplicityStudio_v3/developer/toolchains/gnu_arm/4.8_2013q4/bin/../lib/gcc/arm-none-eabi/4.8.3/armv7-m/crti.o
 .data          0x00000000        0x4 /home/sumanguru/Documents/SimplicityStudio_v3/developer/toolchains/gnu_arm/4.8_2013q4/bin/../lib/gcc/arm-none-eabi/4.8.3/armv7-m/crtbegin.o
 .data          0x00000000        0x0 /home/sumanguru/Documents/SimplicityStudio_v3/developer/toolchains/gnu_arm/4.8_2013q4/bin/../lib/gcc/arm-none-eabi/4.8.3/../../../../arm-none-eabi/lib/armv7-m/crt0.o
 .bss           0x00000000        0x0 /home/sumanguru/Documents/SimplicityStudio_v3/developer/toolchains/gnu_arm/4.8_2013q4/bin/../lib/gcc/arm-none-eabi/4.8.3/../../../../arm-none-eabi/lib/armv7-m/crt0.o
 .ARM.extab     0x00000000        0x0 /home/sumanguru/Documents/SimplicityStudio_v3/developer/toolchains/gnu_arm/4.8_2013q4/bin/../lib/gcc/arm-none-eabi/4.8.3/../../../../arm-none-eabi/lib/armv7-m/crt0.o
 .text          0x00000000        0x0 ./src/AFE4490.o
 .data          0x00000000        0x0 ./src/AFE4490.o
 .bss           0x00000000        0x0 ./src/AFE4490.o
 .rodata        0x00000000       0x18 ./src/AFE4490.o
 .text.AFE4490_Init
                0x00000000       0x7c ./src/AFE4490.o
 .debug_info    0x00000000      0x4a6 ./src/AFE4490.o
 .debug_abbrev  0x00000000       0xeb ./src/AFE4490.o
 .debug_loc     0x00000000       0x38 ./src/AFE4490.o
 .debug_aranges
                0x00000000       0x20 ./src/AFE4490.o
 .debug_ranges  0x00000000       0x10 ./src/AFE4490.o
 .debug_line    0x00000000      0x204 ./src/AFE4490.o
 .debug_str     0x00000000      0x679 ./src/AFE4490.o
 .comment       0x00000000       0x71 ./src/AFE4490.o
 .ARM.attributes
                0x00000000       0x33 ./src/AFE4490.o
 .debug_frame   0x00000000       0x34 ./src/AFE4490.o
 .text          0x00000000        0x0 ./src/BQ25010.o
 .data          0x00000000        0x0 ./src/BQ25010.o
 .bss           0x00000000        0x0 ./src/BQ25010.o
 .text.BQ25010_get_status
                0x00000000       0x30 ./src/BQ25010.o
 .text.BQ25010_charge_on
                0x00000000       0x1c ./src/BQ25010.o
 .text.BQ25010_charge_off
                0x00000000       0x1c ./src/BQ25010.o
 .text.BQ25010_USB_charge_high
                0x00000000       0x1c ./src/BQ25010.o
 .text.BQ25010_USB_charge_low
                0x00000000       0x1c ./src/BQ25010.o
 .text          0x00000000        0x0 ./src/BQ27421.o
 .data          0x00000000        0x0 ./src/BQ27421.o
 .bss           0x00000000        0x0 ./src/BQ27421.o
 .rodata.BQ27421_ADDR
                0x00000000        0x4 ./src/BQ27421.o
 .text.BQ27421_Get_Temp
                0x00000000       0x5c ./src/BQ27421.o
 .text.BQ27421_Get_Pack_Voltage
                0x00000000       0x5c ./src/BQ27421.o
 .text          0x00000000        0x0 ./src/InitDevice.o
 .data          0x00000000        0x0 ./src/InitDevice.o
 .bss           0x00000000        0x0 ./src/InitDevice.o
 .text.ADC0_enter_DefaultMode_from_RESET
                0x00000000        0xc ./src/InitDevice.o
 .text.ACMP0_enter_DefaultMode_from_RESET
                0x00000000        0xc ./src/InitDevice.o
 .text.ACMP1_enter_DefaultMode_from_RESET
                0x00000000        0xc ./src/InitDevice.o
 .text.DAC0_enter_DefaultMode_from_RESET
                0x00000000        0xc ./src/InitDevice.o
 .text.RTC_enter_DefaultMode_from_RESET
                0x00000000        0xc ./src/InitDevice.o
 .text.OPAMP0_enter_DefaultMode_from_RESET
                0x00000000        0xc ./src/InitDevice.o
 .text.OPAMP1_enter_DefaultMode_from_RESET
                0x00000000        0xc ./src/InitDevice.o
 .text.OPAMP2_enter_DefaultMode_from_RESET
                0x00000000        0xc ./src/InitDevice.o
 .text.USART2_enter_DefaultMode_from_RESET
                0x00000000        0xc ./src/InitDevice.o
 .text.LEUART0_enter_DefaultMode_from_RESET
                0x00000000        0xc ./src/InitDevice.o
 .text.LEUART1_enter_DefaultMode_from_RESET
                0x00000000        0xc ./src/InitDevice.o
 .text.VCMP_enter_DefaultMode_from_RESET
                0x00000000        0xc ./src/InitDevice.o
 .text.WDOG_enter_DefaultMode_from_RESET
                0x00000000        0xc ./src/InitDevice.o
 .text.TIMER0_enter_DefaultMode_from_RESET
                0x00000000        0xc ./src/InitDevice.o
 .text.TIMER1_enter_DefaultMode_from_RESET
                0x00000000        0xc ./src/InitDevice.o
 .text.TIMER2_enter_DefaultMode_from_RESET
                0x00000000        0xc ./src/InitDevice.o
 .text.TIMER3_enter_DefaultMode_from_RESET
                0x00000000        0xc ./src/InitDevice.o
 .text.PCNT0_enter_DefaultMode_from_RESET
                0x00000000        0xc ./src/InitDevice.o
 .text.PCNT1_enter_DefaultMode_from_RESET
                0x00000000        0xc ./src/InitDevice.o
 .text.PCNT2_enter_DefaultMode_from_RESET
                0x00000000        0xc ./src/InitDevice.o
 .text.PRS_enter_DefaultMode_from_RESET
                0x00000000        0xc ./src/InitDevice.o
 .text.ETM_enter_DefaultMode_from_RESET
                0x00000000        0xc ./src/InitDevice.o
 .text          0x00000000        0x0 ./src/MPU9250.o
 .data          0x00000000        0x0 ./src/MPU9250.o
 .bss           0x00000000        0x0 ./src/MPU9250.o
 .text.MPU9250_WhoAmI
                0x00000000       0x4c ./src/MPU9250.o
 .text.MPU9250_GetMres
                0x00000000       0x3c ./src/MPU9250.o
 .text.MPU9250_GetGres
                0x00000000       0x64 ./src/MPU9250.o
 .text.MPU9250_GetAres
                0x00000000       0x5c ./src/MPU9250.o
 .text.MPU9250_ReadAccelData
                0x00000000       0x8c ./src/MPU9250.o
 .text.MPU9250_ReadGyroData
                0x00000000       0x8c ./src/MPU9250.o
 .text.MPU9250_ReadMagData
                0x00000000       0xe0 ./src/MPU9250.o
 .text.MPU9250_ReadTempData
                0x00000000       0x54 ./src/MPU9250.o
 COMMON         0x00000000        0xc ./src/MPU9250.o
 .text          0x00000000        0x0 ./src/main.o
 .data          0x00000000        0x0 ./src/main.o
 .bss           0x00000000        0x0 ./src/main.o
 .text          0x00000000        0x0 ./emlib/em_burtc.o
 .data          0x00000000        0x0 ./emlib/em_burtc.o
 .bss           0x00000000        0x0 ./emlib/em_burtc.o
 .text.BITBAND_PeripheralRead
                0x00000000       0x2c ./emlib/em_burtc.o
 .text.BURTC_CompareGet
                0x00000000       0x1c ./emlib/em_burtc.o
 .text.BURTC_CounterReset
                0x00000000       0x20 ./emlib/em_burtc.o
 .text.BURTC_Reset
                0x00000000       0x3c ./emlib/em_burtc.o
 .text.BURTC_ClockFreqGet
                0x00000000       0x7c ./emlib/em_burtc.o
 .text          0x00000000        0x0 ./emlib/em_cmu.o
 .data          0x00000000        0x0 ./emlib/em_cmu.o
 .bss           0x00000000        0x0 ./emlib/em_cmu.o
 .text.CMU_Calibrate
                0x00000000       0x88 ./emlib/em_cmu.o
 .text.CMU_CalibrateConfig
                0x00000000       0xd8 ./emlib/em_cmu.o
 .text.CMU_FreezeEnable
                0x00000000       0x38 ./emlib/em_cmu.o
 .text.CMU_AUXHFRCOBandGet
                0x00000000       0x20 ./emlib/em_cmu.o
 .text.CMU_AUXHFRCOBandSet
                0x00000000       0xb0 ./emlib/em_cmu.o
 .text.CMU_HFRCOBandGet
                0x00000000       0x20 ./emlib/em_cmu.o
 .text.CMU_HFRCOBandSet
                0x00000000       0xcc ./emlib/em_cmu.o
 .text.CMU_HFRCOStartupDelayGet
                0x00000000       0x1c ./emlib/em_cmu.o
 .text.CMU_HFRCOStartupDelaySet
                0x00000000       0x30 ./emlib/em_cmu.o
 .text.CMU_LCDClkFDIVGet
                0x00000000       0x10 ./emlib/em_cmu.o
 .text.CMU_LCDClkFDIVSet
                0x00000000       0x14 ./emlib/em_cmu.o
 .text.CMU_OscillatorTuningGet
                0x00000000       0x50 ./emlib/em_cmu.o
 .text.CMU_OscillatorTuningSet
                0x00000000       0x74 ./emlib/em_cmu.o
 .text.CMU_PCNTClockExternalGet
                0x00000000       0x64 ./emlib/em_cmu.o
 .text.CMU_PCNTClockExternalSet
                0x00000000       0x34 ./emlib/em_cmu.o
 .text          0x00000000        0x0 ./emlib/em_emu.o
 .data          0x00000000        0x0 ./emlib/em_emu.o
 .bss           0x00000000        0x0 ./emlib/em_emu.o
 .text.SystemCoreClockUpdate
                0x00000000        0xc ./emlib/em_emu.o
 .text.BITBAND_Peripheral
                0x00000000       0x2c ./emlib/em_emu.o
 .text.EMU_BUPinEnable
                0x00000000       0x20 ./emlib/em_emu.o
 .text.EMU_Unlock
                0x00000000       0x18 ./emlib/em_emu.o
 .text.CMU_Lock
                0x00000000       0x18 ./emlib/em_emu.o
 .text.CMU_Unlock
                0x00000000       0x1c ./emlib/em_emu.o
 .text.EMU_Restore
                0x00000000       0xf4 ./emlib/em_emu.o
 .text.getErrataFixEmuE107En
                0x00000000       0x68 ./emlib/em_emu.o
 .text.EMU_EnterEM2
                0x00000000       0x9c ./emlib/em_emu.o
 .text.EMU_EnterEM3
                0x00000000       0xbc ./emlib/em_emu.o
 .text.EMU_EnterEM4
                0x00000000       0x50 ./emlib/em_emu.o
 .text.EMU_MemPwrDown
                0x00000000       0x1c ./emlib/em_emu.o
 .text.EMU_EM23Init
                0x00000000       0x34 ./emlib/em_emu.o
 .text.EMU_EM4Init
                0x00000000       0x50 ./emlib/em_emu.o
 .text.EMU_BUPDInit
                0x00000000       0xcc ./emlib/em_emu.o
 .text.EMU_BUThresholdSet
                0x00000000       0x4c ./emlib/em_emu.o
 .text.EMU_BUThresRangeSet
                0x00000000       0x50 ./emlib/em_emu.o
 .text          0x00000000        0x0 ./emlib/em_gpio.o
 .data          0x00000000        0x0 ./emlib/em_gpio.o
 .bss           0x00000000        0x0 ./emlib/em_gpio.o
 .text.BITBAND_Peripheral
                0x00000000       0x2c ./emlib/em_gpio.o
 .text.GPIO_DbgLocationSet
                0x00000000       0x2c ./emlib/em_gpio.o
 .text.GPIO_DriveModeSet
                0x00000000       0x50 ./emlib/em_gpio.o
 .text.GPIO_IntConfig
                0x00000000       0xc0 ./emlib/em_gpio.o
 .text.GPIO_PinModeSet
                0x00000000      0x144 ./emlib/em_gpio.o
 .debug_info    0x00000000      0x4d4 ./emlib/em_gpio.o
 .debug_abbrev  0x00000000      0x13a ./emlib/em_gpio.o
 .debug_loc     0x00000000      0x118 ./emlib/em_gpio.o
 .debug_aranges
                0x00000000       0x40 ./emlib/em_gpio.o
 .debug_ranges  0x00000000       0x30 ./emlib/em_gpio.o
 .debug_line    0x00000000      0x2a7 ./emlib/em_gpio.o
 .debug_str     0x00000000      0x560 ./emlib/em_gpio.o
 .comment       0x00000000       0x71 ./emlib/em_gpio.o
 .ARM.attributes
                0x00000000       0x33 ./emlib/em_gpio.o
 .debug_frame   0x00000000       0xa8 ./emlib/em_gpio.o
 .text          0x00000000        0x0 ./emlib/em_i2c.o
 .data          0x00000000        0x0 ./emlib/em_i2c.o
 .bss           0x00000000        0x0 ./emlib/em_i2c.o
 .text.I2C_BusFreqGet
                0x00000000       0x44 ./emlib/em_i2c.o
 .text.I2C_Enable
                0x00000000       0x3c ./emlib/em_i2c.o
 .text.I2C_Reset
                0x00000000       0x3c ./emlib/em_i2c.o
 .text          0x00000000        0x0 ./emlib/em_rmu.o
 .data          0x00000000        0x0 ./emlib/em_rmu.o
 .bss           0x00000000        0x0 ./emlib/em_rmu.o
 .text.EMU_Lock
                0x00000000       0x18 ./emlib/em_rmu.o
 .text.EMU_Unlock
                0x00000000       0x18 ./emlib/em_rmu.o
 .rodata.resetCauseMasks
                0x00000000       0x80 ./emlib/em_rmu.o
 .text.RMU_ResetCauseClear
                0x00000000       0x50 ./emlib/em_rmu.o
 .text.RMU_ResetCauseGet
                0x00000000       0x68 ./emlib/em_rmu.o
 .text          0x00000000        0x0 ./emlib/em_rtc.o
 .data          0x00000000        0x0 ./emlib/em_rtc.o
 .bss           0x00000000        0x0 ./emlib/em_rtc.o
 .text.RTC_CompareGet
                0x00000000       0x3c ./emlib/em_rtc.o
 .text.RTC_CompareSet
                0x00000000       0x4c ./emlib/em_rtc.o
 .text.RTC_Reset
                0x00000000       0x34 ./emlib/em_rtc.o
 .text.RTC_CounterReset
                0x00000000       0x14 ./emlib/em_rtc.o
 .text          0x00000000        0x0 ./emlib/em_system.o
 .data          0x00000000        0x0 ./emlib/em_system.o
 .bss           0x00000000        0x0 ./emlib/em_system.o
 .text.SYSTEM_GetCalibrationValue
                0x00000000       0x54 ./emlib/em_system.o
 .text          0x00000000        0x0 ./emlib/em_usart.o
 .data          0x00000000        0x0 ./emlib/em_usart.o
 .bss           0x00000000        0x0 ./emlib/em_usart.o
 .text.USART_BaudrateAsyncSet
                0x00000000       0xb0 ./emlib/em_usart.o
 .text.USART_BaudrateCalc
                0x00000000       0xb8 ./emlib/em_usart.o
 .text.USART_BaudrateGet
                0x00000000       0x50 ./emlib/em_usart.o
 .text.USART_Enable
                0x00000000       0x58 ./emlib/em_usart.o
 .text.USART_InitAsync
                0x00000000       0x9c ./emlib/em_usart.o
 .text.USART_InitIrDA
                0x00000000       0x74 ./emlib/em_usart.o
 .text.USART_InitI2s
                0x00000000       0x94 ./emlib/em_usart.o
 .text.USART_Rx
                0x00000000       0x28 ./emlib/em_usart.o
 .text.USART_RxDouble
                0x00000000       0x28 ./emlib/em_usart.o
 .text.USART_RxDoubleExt
                0x00000000       0x28 ./emlib/em_usart.o
 .text.USART_RxExt
                0x00000000       0x28 ./emlib/em_usart.o
 .text.USART_SpiTransfer
                0x00000000       0x40 ./emlib/em_usart.o
 .text.USART_TxDoubleExt
                0x00000000       0x28 ./emlib/em_usart.o
 .text.USART_TxExt
                0x00000000       0x2c ./emlib/em_usart.o
 .data          0x00000000        0x0 ./CMSIS/efm32gg/startup_gcc_efm32gg.o
 .bss           0x00000000        0x0 ./CMSIS/efm32gg/startup_gcc_efm32gg.o
 .text          0x00000000        0x0 ./CMSIS/efm32gg/system_efm32gg.o
 .data          0x00000000        0x0 ./CMSIS/efm32gg/system_efm32gg.o
 .bss           0x00000000        0x0 ./CMSIS/efm32gg/system_efm32gg.o
 .text.SystemLFXOClockSet
                0x00000000       0x2c ./CMSIS/efm32gg/system_efm32gg.o
 .text          0x00000000        0x0 ./src/LS013_MD.o
 .data          0x00000000        0x0 ./src/LS013_MD.o
 .bss           0x00000000        0x0 ./src/LS013_MD.o
 .text.LS013_ClearBufferArea
                0x00000000      0x1fc ./src/LS013_MD.o
 .text.LS013_SpriteToBuffer
                0x00000000      0x168 ./src/LS013_MD.o
 .text.LS013_StaticMode
                0x00000000       0x3c ./src/LS013_MD.o
 .text.LS013_Disable
                0x00000000       0x10 ./src/LS013_MD.o
 .text          0x00000000        0x0 ./src/mdelay.o
 .data          0x00000000        0x0 ./src/mdelay.o
 .bss           0x00000000        0x0 ./src/mdelay.o
 .text          0x00000000        0x0 ./src/udelay.o
 .data          0x00000000        0x0 ./src/udelay.o
 .bss           0x00000000        0x0 ./src/udelay.o
 .data          0x00000000        0x0 /home/sumanguru/Documents/SimplicityStudio_v3/developer/toolchains/gnu_arm/4.8_2013q4/bin/../lib/gcc/arm-none-eabi/4.8.3/armv7-m/libgcc.a(_arm_addsubdf3.o)
 .bss           0x00000000        0x0 /home/sumanguru/Documents/SimplicityStudio_v3/developer/toolchains/gnu_arm/4.8_2013q4/bin/../lib/gcc/arm-none-eabi/4.8.3/armv7-m/libgcc.a(_arm_addsubdf3.o)
 .data          0x00000000        0x0 /home/sumanguru/Documents/SimplicityStudio_v3/developer/toolchains/gnu_arm/4.8_2013q4/bin/../lib/gcc/arm-none-eabi/4.8.3/armv7-m/libgcc.a(_arm_muldivdf3.o)
 .bss           0x00000000        0x0 /home/sumanguru/Documents/SimplicityStudio_v3/developer/toolchains/gnu_arm/4.8_2013q4/bin/../lib/gcc/arm-none-eabi/4.8.3/armv7-m/libgcc.a(_arm_muldivdf3.o)
 .data          0x00000000        0x0 /home/sumanguru/Documents/SimplicityStudio_v3/developer/toolchains/gnu_arm/4.8_2013q4/bin/../lib/gcc/arm-none-eabi/4.8.3/armv7-m/libgcc.a(_arm_truncdfsf2.o)
 .bss           0x00000000        0x0 /home/sumanguru/Documents/SimplicityStudio_v3/developer/toolchains/gnu_arm/4.8_2013q4/bin/../lib/gcc/arm-none-eabi/4.8.3/armv7-m/libgcc.a(_arm_truncdfsf2.o)
 .data          0x00000000        0x0 /home/sumanguru/Documents/SimplicityStudio_v3/developer/toolchains/gnu_arm/4.8_2013q4/bin/../lib/gcc/arm-none-eabi/4.8.3/armv7-m/libgcc.a(_arm_addsubsf3.o)
 .bss           0x00000000        0x0 /home/sumanguru/Documents/SimplicityStudio_v3/developer/toolchains/gnu_arm/4.8_2013q4/bin/../lib/gcc/arm-none-eabi/4.8.3/armv7-m/libgcc.a(_arm_addsubsf3.o)
 .data          0x00000000        0x0 /home/sumanguru/Documents/SimplicityStudio_v3/developer/toolchains/gnu_arm/4.8_2013q4/bin/../lib/gcc/arm-none-eabi/4.8.3/armv7-m/libgcc.a(_arm_muldivsf3.o)
 .bss           0x00000000        0x0 /home/sumanguru/Documents/SimplicityStudio_v3/developer/toolchains/gnu_arm/4.8_2013q4/bin/../lib/gcc/arm-none-eabi/4.8.3/armv7-m/libgcc.a(_arm_muldivsf3.o)
 .text          0x00000000        0x0 /home/sumanguru/Documents/SimplicityStudio_v3/developer/toolchains/gnu_arm/4.8_2013q4/bin/../lib/gcc/arm-none-eabi/4.8.3/../../../../arm-none-eabi/lib/armv7-m/libc_s.a(lib_a-exit.o)
 .data          0x00000000        0x0 /home/sumanguru/Documents/SimplicityStudio_v3/developer/toolchains/gnu_arm/4.8_2013q4/bin/../lib/gcc/arm-none-eabi/4.8.3/../../../../arm-none-eabi/lib/armv7-m/libc_s.a(lib_a-exit.o)
 .bss           0x00000000        0x0 /home/sumanguru/Documents/SimplicityStudio_v3/developer/toolchains/gnu_arm/4.8_2013q4/bin/../lib/gcc/arm-none-eabi/4.8.3/../../../../arm-none-eabi/lib/armv7-m/libc_s.a(lib_a-exit.o)
 .text          0x00000000        0x0 /home/sumanguru/Documents/SimplicityStudio_v3/developer/toolchains/gnu_arm/4.8_2013q4/bin/../lib/gcc/arm-none-eabi/4.8.3/../../../../arm-none-eabi/lib/armv7-m/libc_s.a(lib_a-impure.o)
 .data          0x00000000        0x0 /home/sumanguru/Documents/SimplicityStudio_v3/developer/toolchains/gnu_arm/4.8_2013q4/bin/../lib/gcc/arm-none-eabi/4.8.3/../../../../arm-none-eabi/lib/armv7-m/libc_s.a(lib_a-impure.o)
 .bss           0x00000000        0x0 /home/sumanguru/Documents/SimplicityStudio_v3/developer/toolchains/gnu_arm/4.8_2013q4/bin/../lib/gcc/arm-none-eabi/4.8.3/../../../../arm-none-eabi/lib/armv7-m/libc_s.a(lib_a-impure.o)
 .data._impure_ptr
                0x00000000        0x4 /home/sumanguru/Documents/SimplicityStudio_v3/developer/toolchains/gnu_arm/4.8_2013q4/bin/../lib/gcc/arm-none-eabi/4.8.3/../../../../arm-none-eabi/lib/armv7-m/libc_s.a(lib_a-impure.o)
 .text          0x00000000        0x0 /home/sumanguru/Documents/SimplicityStudio_v3/developer/toolchains/gnu_arm/4.8_2013q4/bin/../lib/gcc/arm-none-eabi/4.8.3/../../../../arm-none-eabi/lib/armv7-m/libc_s.a(lib_a-init.o)
 .data          0x00000000        0x0 /home/sumanguru/Documents/SimplicityStudio_v3/developer/toolchains/gnu_arm/4.8_2013q4/bin/../lib/gcc/arm-none-eabi/4.8.3/../../../../arm-none-eabi/lib/armv7-m/libc_s.a(lib_a-init.o)
 .bss           0x00000000        0x0 /home/sumanguru/Documents/SimplicityStudio_v3/developer/toolchains/gnu_arm/4.8_2013q4/bin/../lib/gcc/arm-none-eabi/4.8.3/../../../../arm-none-eabi/lib/armv7-m/libc_s.a(lib_a-init.o)
 .text          0x00000000        0x0 /home/sumanguru/Documents/SimplicityStudio_v3/developer/toolchains/gnu_arm/4.8_2013q4/bin/../lib/gcc/arm-none-eabi/4.8.3/../../../../arm-none-eabi/lib/armv7-m/libc_s.a(lib_a-memcpy-stub.o)
 .data          0x00000000        0x0 /home/sumanguru/Documents/SimplicityStudio_v3/developer/toolchains/gnu_arm/4.8_2013q4/bin/../lib/gcc/arm-none-eabi/4.8.3/../../../../arm-none-eabi/lib/armv7-m/libc_s.a(lib_a-memcpy-stub.o)
 .bss           0x00000000        0x0 /home/sumanguru/Documents/SimplicityStudio_v3/developer/toolchains/gnu_arm/4.8_2013q4/bin/../lib/gcc/arm-none-eabi/4.8.3/../../../../arm-none-eabi/lib/armv7-m/libc_s.a(lib_a-memcpy-stub.o)
 .text          0x00000000        0x0 /home/sumanguru/Documents/SimplicityStudio_v3/developer/toolchains/gnu_arm/4.8_2013q4/bin/../lib/gcc/arm-none-eabi/4.8.3/../../../../arm-none-eabi/lib/armv7-m/libc_s.a(lib_a-memset.o)
 .data          0x00000000        0x0 /home/sumanguru/Documents/SimplicityStudio_v3/developer/toolchains/gnu_arm/4.8_2013q4/bin/../lib/gcc/arm-none-eabi/4.8.3/../../../../arm-none-eabi/lib/armv7-m/libc_s.a(lib_a-memset.o)
 .bss           0x00000000        0x0 /home/sumanguru/Documents/SimplicityStudio_v3/developer/toolchains/gnu_arm/4.8_2013q4/bin/../lib/gcc/arm-none-eabi/4.8.3/../../../../arm-none-eabi/lib/armv7-m/libc_s.a(lib_a-memset.o)
 .text          0x00000000        0x0 /home/sumanguru/Documents/SimplicityStudio_v3/developer/toolchains/gnu_arm/4.8_2013q4/bin/../lib/gcc/arm-none-eabi/4.8.3/../../../../arm-none-eabi/lib/armv7-m/libnosys.a(_exit.o)
 .data          0x00000000        0x0 /home/sumanguru/Documents/SimplicityStudio_v3/developer/toolchains/gnu_arm/4.8_2013q4/bin/../lib/gcc/arm-none-eabi/4.8.3/../../../../arm-none-eabi/lib/armv7-m/libnosys.a(_exit.o)
 .bss           0x00000000        0x0 /home/sumanguru/Documents/SimplicityStudio_v3/developer/toolchains/gnu_arm/4.8_2013q4/bin/../lib/gcc/arm-none-eabi/4.8.3/../../../../arm-none-eabi/lib/armv7-m/libnosys.a(_exit.o)
 .text          0x00000000        0x0 /home/sumanguru/Documents/SimplicityStudio_v3/developer/toolchains/gnu_arm/4.8_2013q4/bin/../lib/gcc/arm-none-eabi/4.8.3/armv7-m/crtend.o
 .data          0x00000000        0x0 /home/sumanguru/Documents/SimplicityStudio_v3/developer/toolchains/gnu_arm/4.8_2013q4/bin/../lib/gcc/arm-none-eabi/4.8.3/armv7-m/crtend.o
 .bss           0x00000000        0x0 /home/sumanguru/Documents/SimplicityStudio_v3/developer/toolchains/gnu_arm/4.8_2013q4/bin/../lib/gcc/arm-none-eabi/4.8.3/armv7-m/crtend.o
 .jcr           0x00000000        0x4 /home/sumanguru/Documents/SimplicityStudio_v3/developer/toolchains/gnu_arm/4.8_2013q4/bin/../lib/gcc/arm-none-eabi/4.8.3/armv7-m/crtend.o
 .text          0x00000000        0x0 /home/sumanguru/Documents/SimplicityStudio_v3/developer/toolchains/gnu_arm/4.8_2013q4/bin/../lib/gcc/arm-none-eabi/4.8.3/armv7-m/crtn.o
 .data          0x00000000        0x0 /home/sumanguru/Documents/SimplicityStudio_v3/developer/toolchains/gnu_arm/4.8_2013q4/bin/../lib/gcc/arm-none-eabi/4.8.3/armv7-m/crtn.o
 .bss           0x00000000        0x0 /home/sumanguru/Documents/SimplicityStudio_v3/developer/toolchains/gnu_arm/4.8_2013q4/bin/../lib/gcc/arm-none-eabi/4.8.3/armv7-m/crtn.o

Memory Configuration

Name             Origin             Length             Attributes
FLASH            0x00004000         0x00096000         xr
RAM              0x20000000         0x00020000         xrw
*default*        0x00000000         0xffffffff

Linker script and memory map

LOAD /home/sumanguru/Documents/SimplicityStudio_v3/developer/toolchains/gnu_arm/4.8_2013q4/bin/../lib/gcc/arm-none-eabi/4.8.3/armv7-m/crti.o
LOAD /home/sumanguru/Documents/SimplicityStudio_v3/developer/toolchains/gnu_arm/4.8_2013q4/bin/../lib/gcc/arm-none-eabi/4.8.3/armv7-m/crtbegin.o
LOAD /home/sumanguru/Documents/SimplicityStudio_v3/developer/toolchains/gnu_arm/4.8_2013q4/bin/../lib/gcc/arm-none-eabi/4.8.3/../../../../arm-none-eabi/lib/armv7-m/crt0.o
LOAD ./src/AFE4490.o
LOAD ./src/BQ25010.o
LOAD ./src/BQ27421.o
LOAD ./src/InitDevice.o
LOAD ./src/MPU9250.o
LOAD ./src/main.o
LOAD ./emlib/em_burtc.o
LOAD ./emlib/em_cmu.o
LOAD ./emlib/em_emu.o
LOAD ./emlib/em_gpio.o
LOAD ./emlib/em_i2c.o
LOAD ./emlib/em_rmu.o
LOAD ./emlib/em_rtc.o
LOAD ./emlib/em_system.o
LOAD ./emlib/em_usart.o
LOAD ./CMSIS/efm32gg/startup_gcc_efm32gg.o
LOAD ./CMSIS/efm32gg/system_efm32gg.o
LOAD ./src/LS013_MD.o
LOAD ./src/mdelay.o
LOAD ./src/udelay.o
START GROUP
LOAD /home/sumanguru/Documents/SimplicityStudio_v3/developer/toolchains/gnu_arm/4.8_2013q4/bin/../lib/gcc/arm-none-eabi/4.8.3/armv7-m/libgcc.a
LOAD /home/sumanguru/Documents/SimplicityStudio_v3/developer/toolchains/gnu_arm/4.8_2013q4/bin/../lib/gcc/arm-none-eabi/4.8.3/../../../../arm-none-eabi/lib/armv7-m/libc_s.a
LOAD /home/sumanguru/Documents/SimplicityStudio_v3/developer/toolchains/gnu_arm/4.8_2013q4/bin/../lib/gcc/arm-none-eabi/4.8.3/../../../../arm-none-eabi/lib/armv7-m/libnosys.a
END GROUP
START GROUP
LOAD /home/sumanguru/Documents/SimplicityStudio_v3/developer/toolchains/gnu_arm/4.8_2013q4/bin/../lib/gcc/arm-none-eabi/4.8.3/armv7-m/libgcc.a
LOAD /home/sumanguru/Documents/SimplicityStudio_v3/developer/toolchains/gnu_arm/4.8_2013q4/bin/../lib/gcc/arm-none-eabi/4.8.3/../../../../arm-none-eabi/lib/armv7-m/libg_s.a
LOAD /home/sumanguru/Documents/SimplicityStudio_v3/developer/toolchains/gnu_arm/4.8_2013q4/bin/../lib/gcc/arm-none-eabi/4.8.3/../../../../arm-none-eabi/lib/armv7-m/libc_s.a
END GROUP
START GROUP
LOAD /home/sumanguru/Documents/SimplicityStudio_v3/developer/toolchains/gnu_arm/4.8_2013q4/bin/../lib/gcc/arm-none-eabi/4.8.3/armv7-m/libgcc.a
LOAD /home/sumanguru/Documents/SimplicityStudio_v3/developer/toolchains/gnu_arm/4.8_2013q4/bin/../lib/gcc/arm-none-eabi/4.8.3/../../../../arm-none-eabi/lib/armv7-m/libc_s.a
END GROUP
LOAD /home/sumanguru/Documents/SimplicityStudio_v3/developer/toolchains/gnu_arm/4.8_2013q4/bin/../lib/gcc/arm-none-eabi/4.8.3/armv7-m/crtend.o
LOAD /home/sumanguru/Documents/SimplicityStudio_v3/developer/toolchains/gnu_arm/4.8_2013q4/bin/../lib/gcc/arm-none-eabi/4.8.3/armv7-m/crtn.o

.text           0x00004000     0x5a48
 *(.isr_vector)
 .isr_vector    0x00004000      0x100 ./CMSIS/efm32gg/startup_gcc_efm32gg.o
                0x00004000                __isr_vector
 *(.text*)
 .text          0x00004100       0x54 /home/sumanguru/Documents/SimplicityStudio_v3/developer/toolchains/gnu_arm/4.8_2013q4/bin/../lib/gcc/arm-none-eabi/4.8.3/armv7-m/crtbegin.o
 .text          0x00004154       0x74 /home/sumanguru/Documents/SimplicityStudio_v3/developer/toolchains/gnu_arm/4.8_2013q4/bin/../lib/gcc/arm-none-eabi/4.8.3/../../../../arm-none-eabi/lib/armv7-m/crt0.o
                0x00004154                _mainCRTStartup
                0x00004154                _start
 .text.BQ25010_init
                0x000041c8       0x28 ./src/BQ25010.o
                0x000041c8                BQ25010_init
 .text.BQ27421_Get_Device_Type
                0x000041f0       0x6c ./src/BQ27421.o
                0x000041f0                BQ27421_Get_Device_Type
 .text.BQ27421_Init
                0x0000425c       0x54 ./src/BQ27421.o
                0x0000425c                BQ27421_Init
 .text.enter_DefaultMode_from_RESET
                0x000042b0       0x2c ./src/InitDevice.o
                0x000042b0                enter_DefaultMode_from_RESET
 .text.CMU_enter_DefaultMode_from_RESET
                0x000042dc       0x60 ./src/InitDevice.o
                0x000042dc                CMU_enter_DefaultMode_from_RESET
 .text.BURTC_enter_DefaultMode_from_RESET
                0x0000433c       0x74 ./src/InitDevice.o
                0x0000433c                BURTC_enter_DefaultMode_from_RESET
 .text.HFXO_enter_DefaultMode_from_RESET
                0x000043b0       0x2c ./src/InitDevice.o
                0x000043b0                HFXO_enter_DefaultMode_from_RESET
 .text.LFXO_enter_DefaultMode_from_RESET
                0x000043dc       0x28 ./src/InitDevice.o
                0x000043dc                LFXO_enter_DefaultMode_from_RESET
 .text.USART0_enter_DefaultMode_from_RESET
                0x00004404       0x7c ./src/InitDevice.o
                0x00004404                USART0_enter_DefaultMode_from_RESET
 .text.USART1_enter_DefaultMode_from_RESET
                0x00004480       0x7c ./src/InitDevice.o
                0x00004480                USART1_enter_DefaultMode_from_RESET
 .text.I2C0_enter_DefaultMode_from_RESET
                0x000044fc       0x3c ./src/InitDevice.o
                0x000044fc                I2C0_enter_DefaultMode_from_RESET
 .text.I2C1_enter_DefaultMode_from_RESET
                0x00004538       0x3c ./src/InitDevice.o
                0x00004538                I2C1_enter_DefaultMode_from_RESET
 .text.PORTIO_enter_DefaultMode_from_RESET
                0x00004574      0x33c ./src/InitDevice.o
                0x00004574                PORTIO_enter_DefaultMode_from_RESET
 .text.MPU9250_InitAK8963
                0x000048b0      0x21c ./src/MPU9250.o
                0x000048b0                MPU9250_InitAK8963
 .text.MPU9250_Init
                0x00004acc      0x3c0 ./src/MPU9250.o
                0x00004acc                MPU9250_Init
 .text.MPU9250_Calibrate
                0x00004e8c      0xb04 ./src/MPU9250.o
                0x00004e8c                MPU9250_Calibrate
 .text.MPU9250_SelfTest
                0x00005990      0x7ec ./src/MPU9250.o
                0x00005990                MPU9250_SelfTest
 .text.CHIP_Init
                0x0000617c       0x40 ./src/main.o
 .text.main     0x000061bc       0x6c ./src/main.o
                0x000061bc                main
 .text.BITBAND_Peripheral
                0x00006228       0x2c ./emlib/em_burtc.o
 .text.BURTC_IntClear
                0x00006254       0x1c ./emlib/em_burtc.o
 .text.BURTC_Enable
                0x00006270       0x50 ./emlib/em_burtc.o
 .text.BURTC_FreezeEnable
                0x000062c0       0x20 ./emlib/em_burtc.o
 .text.BURTC_DivToLog2
                0x000062e0       0x3c ./emlib/em_burtc.o
 .text.BURTC_Sync
                0x0000631c       0x40 ./emlib/em_burtc.o
 .text.BURTC_Init
                0x0000635c       0xe8 ./emlib/em_burtc.o
                0x0000635c                BURTC_Init
 .text.BURTC_CompareSet
                0x00006444       0x20 ./emlib/em_burtc.o
                0x00006444                BURTC_CompareSet
 .text.BITBAND_Peripheral
                0x00006464       0x2c ./emlib/em_cmu.o
 .text.CMU_MaxFreqHfle
                0x00006490       0x8c ./emlib/em_cmu.o
 .text.CMU_FlashWaitStateControl
                0x0000651c       0xb8 ./emlib/em_cmu.o
 .text.CMU_FlashWaitStateMax
                0x000065d4       0x1c ./emlib/em_cmu.o
 .text.CMU_DivToLog2
                0x000065f0       0x3c ./emlib/em_cmu.o
 .text.CMU_Log2ToDiv
                0x0000662c       0x1c ./emlib/em_cmu.o
 .text.CMU_USBCClkGet
                0x00006648       0x4c ./emlib/em_cmu.o
 .text.CMU_AUXClkGet
                0x00006694       0x8c ./emlib/em_cmu.o
 .text.CMU_DBGClkGet
                0x00006720       0x58 ./emlib/em_cmu.o
 .text.CMU_LFClkGet
                0x00006778       0xb4 ./emlib/em_cmu.o
 .text.CMU_Sync
                0x0000682c       0x34 ./emlib/em_cmu.o
 .text.CMU_ClockDivGet
                0x00006860      0x134 ./emlib/em_cmu.o
                0x00006860                CMU_ClockDivGet
 .text.CMU_ClockDivSet
                0x00006994      0x1f8 ./emlib/em_cmu.o
                0x00006994                CMU_ClockDivSet
 .text.CMU_ClockEnable
                0x00006b8c       0xe0 ./emlib/em_cmu.o
                0x00006b8c                CMU_ClockEnable
 .text.CMU_ClockFreqGet
                0x00006c6c      0x190 ./emlib/em_cmu.o
                0x00006c6c                CMU_ClockFreqGet
 .text.CMU_ClockSelectGet
                0x00006dfc      0x164 ./emlib/em_cmu.o
                0x00006dfc                CMU_ClockSelectGet
 .text.CMU_ClockSelectSet
                0x00006f60      0x29c ./emlib/em_cmu.o
                0x00006f60                CMU_ClockSelectSet
 .text.CMU_OscillatorEnable
                0x000071fc       0xc0 ./emlib/em_cmu.o
                0x000071fc                CMU_OscillatorEnable
 .text.EMU_UpdateOscConfig
                0x000072bc       0x1c ./emlib/em_emu.o
                0x000072bc                EMU_UpdateOscConfig
 .text.BITBAND_Peripheral
                0x000072d8       0x2c ./emlib/em_i2c.o
 .text.I2C_BusFreqSet
                0x00007304       0x88 ./emlib/em_i2c.o
                0x00007304                I2C_BusFreqSet
 .text.I2C_Init
                0x0000738c       0x78 ./emlib/em_i2c.o
                0x0000738c                I2C_Init
 .text.I2C_Transfer
                0x00007404      0x44c ./emlib/em_i2c.o
                0x00007404                I2C_Transfer
 .text.I2C_TransferInit
                0x00007850       0xe4 ./emlib/em_i2c.o
                0x00007850                I2C_TransferInit
 .text.BITBAND_Peripheral
                0x00007934       0x2c ./emlib/em_rmu.o
 .text.RMU_ResetControl
                0x00007960       0x28 ./emlib/em_rmu.o
                0x00007960                RMU_ResetControl
 .text.BITBAND_Peripheral
                0x00007988       0x2c ./emlib/em_rtc.o
 .text.RTC_Enable
                0x000079b4       0x20 ./emlib/em_rtc.o
                0x000079b4                RTC_Enable
 .text.RTC_FreezeEnable
                0x000079d4       0x2c ./emlib/em_rtc.o
                0x000079d4                RTC_FreezeEnable
 .text.RTC_Init
                0x00007a00       0x50 ./emlib/em_rtc.o
                0x00007a00                RTC_Init
 .text.SYSTEM_ChipRevisionGet
                0x00007a50       0x74 ./emlib/em_system.o
                0x00007a50                SYSTEM_ChipRevisionGet
 .text.USART_BaudrateSyncSet
                0x00007ac4       0x6c ./emlib/em_usart.o
                0x00007ac4                USART_BaudrateSyncSet
 .text.USART_InitSync
                0x00007b30       0xc8 ./emlib/em_usart.o
                0x00007b30                USART_InitSync
 .text.USART_InitPrsTrigger
                0x00007bf8       0x60 ./emlib/em_usart.o
                0x00007bf8                USART_InitPrsTrigger
 .text.USART_Reset
                0x00007c58       0x98 ./emlib/em_usart.o
                0x00007c58                USART_Reset
 .text.USART_Tx
                0x00007cf0       0x2c ./emlib/em_usart.o
                0x00007cf0                USART_Tx
 .text.USART_TxDouble
                0x00007d1c       0x2c ./emlib/em_usart.o
                0x00007d1c                USART_TxDouble
 .text          0x00007d48       0x98 ./CMSIS/efm32gg/startup_gcc_efm32gg.o
                0x00007d48                Reset_Handler
                0x00007d7c                Default_Handler
                0x00007d7e                NMI_Handler
                0x00007d80                HardFault_Handler
                0x00007d82                MemManage_Handler
                0x00007d84                BusFault_Handler
                0x00007d86                UsageFault_Handler
                0x00007d88                SVC_Handler
                0x00007d8a                DebugMon_Handler
                0x00007d8c                PendSV_Handler
                0x00007d8e                SysTick_Handler
                0x00007d90                DMA_IRQHandler
                0x00007d92                GPIO_EVEN_IRQHandler
                0x00007d94                TIMER0_IRQHandler
                0x00007d96                USART0_RX_IRQHandler
                0x00007d98                USART0_TX_IRQHandler
                0x00007d9a                USB_IRQHandler
                0x00007d9c                ACMP0_IRQHandler
                0x00007d9e                ADC0_IRQHandler
                0x00007da0                DAC0_IRQHandler
                0x00007da2                I2C0_IRQHandler
                0x00007da4                I2C1_IRQHandler
                0x00007da6                GPIO_ODD_IRQHandler
                0x00007da8                TIMER1_IRQHandler
                0x00007daa                TIMER2_IRQHandler
                0x00007dac                TIMER3_IRQHandler
                0x00007dae                USART1_RX_IRQHandler
                0x00007db0                USART1_TX_IRQHandler
                0x00007db2                LESENSE_IRQHandler
                0x00007db4                USART2_RX_IRQHandler
                0x00007db6                USART2_TX_IRQHandler
                0x00007db8                UART0_RX_IRQHandler
                0x00007dba                UART0_TX_IRQHandler
                0x00007dbc                UART1_RX_IRQHandler
                0x00007dbe                UART1_TX_IRQHandler
                0x00007dc0                LEUART0_IRQHandler
                0x00007dc2                LEUART1_IRQHandler
                0x00007dc4                LETIMER0_IRQHandler
                0x00007dc6                PCNT0_IRQHandler
                0x00007dc8                PCNT1_IRQHandler
                0x00007dca                PCNT2_IRQHandler
                0x00007dcc                RTC_IRQHandler
                0x00007dce                BURTC_IRQHandler
                0x00007dd0                CMU_IRQHandler
                0x00007dd2                VCMP_IRQHandler
                0x00007dd4                LCD_IRQHandler
                0x00007dd6                MSC_IRQHandler
                0x00007dd8                AES_IRQHandler
                0x00007dda                EBI_IRQHandler
                0x00007ddc                EMU_IRQHandler
 .text.GetProdRev
                0x00007de0       0x1c ./CMSIS/efm32gg/system_efm32gg.o
 .text.SystemCoreClockGet
                0x00007dfc       0x48 ./CMSIS/efm32gg/system_efm32gg.o
                0x00007dfc                SystemCoreClockGet
 .text.SystemHFClockGet
                0x00007e44       0xf0 ./CMSIS/efm32gg/system_efm32gg.o
                0x00007e44                SystemHFClockGet
 .text.SystemHFXOClockGet
                0x00007f34       0x18 ./CMSIS/efm32gg/system_efm32gg.o
                0x00007f34                SystemHFXOClockGet
 .text.SystemHFXOClockSet
                0x00007f4c       0x2c ./CMSIS/efm32gg/system_efm32gg.o
                0x00007f4c                SystemHFXOClockSet
 .text.SystemInit
                0x00007f78        0xc ./CMSIS/efm32gg/system_efm32gg.o
                0x00007f78                SystemInit
 .text.SystemLFRCOClockGet
                0x00007f84       0x14 ./CMSIS/efm32gg/system_efm32gg.o
                0x00007f84                SystemLFRCOClockGet
 .text.SystemULFRCOClockGet
                0x00007f98       0x14 ./CMSIS/efm32gg/system_efm32gg.o
                0x00007f98                SystemULFRCOClockGet
 .text.SystemLFXOClockGet
                0x00007fac       0x18 ./CMSIS/efm32gg/system_efm32gg.o
                0x00007fac                SystemLFXOClockGet
 .text.GPIO_PinOutClear
                0x00007fc4       0x44 ./src/LS013_MD.o
 .text.GPIO_PinOutSet
                0x00008008       0x44 ./src/LS013_MD.o
 .text.LS013_SetBuffer
                0x0000804c       0x40 ./src/LS013_MD.o
                0x0000804c                LS013_SetBuffer
 .text.LS013_ClearBuffer
                0x0000808c       0x34 ./src/LS013_MD.o
                0x0000808c                LS013_ClearBuffer
 .text.LS013_InvertBuffer
                0x000080c0       0x40 ./src/LS013_MD.o
                0x000080c0                LS013_InvertBuffer
 .text.LS013_DispSpiTransmit
                0x00008100       0x6c ./src/LS013_MD.o
                0x00008100                LS013_DispSpiTransmit
 .text.LS013_DrawLines
                0x0000816c       0x8c ./src/LS013_MD.o
                0x0000816c                LS013_DrawLines
 .text.LS013_ClearDisp
                0x000081f8       0x58 ./src/LS013_MD.o
                0x000081f8                LS013_ClearDisp
 .text.LS013_Init
                0x00008250       0x84 ./src/LS013_MD.o
                0x00008250                LS013_Init
 .text.LS013_Refresh
                0x000082d4       0xbc ./src/LS013_MD.o
                0x000082d4                LS013_Refresh
 .text.LS013_InvertPolarity
                0x00008390       0xa0 ./src/LS013_MD.o
                0x00008390                LS013_InvertPolarity
 .text.LS013_Enable
                0x00008430       0x10 ./src/LS013_MD.o
                0x00008430                LS013_Enable
 .text.MDELAY_Delay
                0x00008440       0x30 ./src/mdelay.o
                0x00008440                MDELAY_Delay
 .text.NVIC_ClearPendingIRQ
                0x00008470       0x34 ./src/udelay.o
 .text.RTC_CounterGet
                0x000084a4       0x18 ./src/udelay.o
 .text.UDELAY_Calibrate
                0x000084bc      0x1a8 ./src/udelay.o
                0x000084bc                UDELAY_Calibrate
 .text.UDELAY_Delay
                0x00008664       0x38 ./src/udelay.o
                0x00008664                UDELAY_Delay
 .text.calibrate_delay
                0x0000869c       0xd8 ./src/udelay.o
 .text.clock    0x00008774       0x10 ./src/udelay.o
 .text._delay   0x00008784       0x18 ./src/udelay.o
 .text          0x0000879c      0x370 /home/sumanguru/Documents/SimplicityStudio_v3/developer/toolchains/gnu_arm/4.8_2013q4/bin/../lib/gcc/arm-none-eabi/4.8.3/armv7-m/libgcc.a(_arm_addsubdf3.o)
                0x0000879c                __aeabi_drsub
                0x000087a4                __aeabi_dsub
                0x000087a4                __subdf3
                0x000087a8                __adddf3
                0x000087a8                __aeabi_dadd
                0x00008a20                __aeabi_ui2d
                0x00008a20                __floatunsidf
                0x00008a40                __floatsidf
                0x00008a40                __aeabi_i2d
                0x00008a64                __extendsfdf2
                0x00008a64                __aeabi_f2d
                0x00008aa0                __aeabi_ul2d
                0x00008aa0                __floatundidf
                0x00008ab0                __floatdidf
                0x00008ab0                __aeabi_l2d
 .text          0x00008b0c      0x424 /home/sumanguru/Documents/SimplicityStudio_v3/developer/toolchains/gnu_arm/4.8_2013q4/bin/../lib/gcc/arm-none-eabi/4.8.3/armv7-m/libgcc.a(_arm_muldivdf3.o)
                0x00008b0c                __aeabi_dmul
                0x00008b0c                __muldf3
                0x00008d60                __aeabi_ddiv
                0x00008d60                __divdf3
 .text          0x00008f30       0xa0 /home/sumanguru/Documents/SimplicityStudio_v3/developer/toolchains/gnu_arm/4.8_2013q4/bin/../lib/gcc/arm-none-eabi/4.8.3/armv7-m/libgcc.a(_arm_truncdfsf2.o)
                0x00008f30                __aeabi_d2f
                0x00008f30                __truncdfsf2
 .text          0x00008fd0      0x21c /home/sumanguru/Documents/SimplicityStudio_v3/developer/toolchains/gnu_arm/4.8_2013q4/bin/../lib/gcc/arm-none-eabi/4.8.3/armv7-m/libgcc.a(_arm_addsubsf3.o)
                0x00008fd0                __aeabi_frsub
                0x00008fd8                __subsf3
                0x00008fd8                __aeabi_fsub
                0x00008fdc                __aeabi_fadd
                0x00008fdc                __addsf3
                0x0000913c                __aeabi_ui2f
                0x0000913c                __floatunsisf
                0x00009144                __aeabi_i2f
                0x00009144                __floatsisf
                0x00009160                __floatundisf
                0x00009160                __aeabi_ul2f
                0x00009170                __floatdisf
                0x00009170                __aeabi_l2f
 .text          0x000091ec      0x2a0 /home/sumanguru/Documents/SimplicityStudio_v3/developer/toolchains/gnu_arm/4.8_2013q4/bin/../lib/gcc/arm-none-eabi/4.8.3/armv7-m/libgcc.a(_arm_muldivsf3.o)
                0x000091ec                __mulsf3
                0x000091ec                __aeabi_fmul
                0x00009354                __divsf3
                0x00009354                __aeabi_fdiv
 .text.exit     0x0000948c       0x28 /home/sumanguru/Documents/SimplicityStudio_v3/developer/toolchains/gnu_arm/4.8_2013q4/bin/../lib/gcc/arm-none-eabi/4.8.3/../../../../arm-none-eabi/lib/armv7-m/libc_s.a(lib_a-exit.o)
                0x0000948c                exit
 .text.__libc_init_array
                0x000094b4       0x4c /home/sumanguru/Documents/SimplicityStudio_v3/developer/toolchains/gnu_arm/4.8_2013q4/bin/../lib/gcc/arm-none-eabi/4.8.3/../../../../arm-none-eabi/lib/armv7-m/libc_s.a(lib_a-init.o)
                0x000094b4                __libc_init_array
 .text.memcpy   0x00009500       0x12 /home/sumanguru/Documents/SimplicityStudio_v3/developer/toolchains/gnu_arm/4.8_2013q4/bin/../lib/gcc/arm-none-eabi/4.8.3/../../../../arm-none-eabi/lib/armv7-m/libc_s.a(lib_a-memcpy-stub.o)
                0x00009500                memcpy
 .text.memset   0x00009512       0x10 /home/sumanguru/Documents/SimplicityStudio_v3/developer/toolchains/gnu_arm/4.8_2013q4/bin/../lib/gcc/arm-none-eabi/4.8.3/../../../../arm-none-eabi/lib/armv7-m/libc_s.a(lib_a-memset.o)
                0x00009512                memset
 *fill*         0x00009522        0x2 
 .text._exit    0x00009524        0x4 /home/sumanguru/Documents/SimplicityStudio_v3/developer/toolchains/gnu_arm/4.8_2013q4/bin/../lib/gcc/arm-none-eabi/4.8.3/../../../../arm-none-eabi/lib/armv7-m/libnosys.a(_exit.o)
                0x00009524                _exit
 *(.init)
 .init          0x00009528        0x4 /home/sumanguru/Documents/SimplicityStudio_v3/developer/toolchains/gnu_arm/4.8_2013q4/bin/../lib/gcc/arm-none-eabi/4.8.3/armv7-m/crti.o
                0x00009528                _init
 .init          0x0000952c        0x8 /home/sumanguru/Documents/SimplicityStudio_v3/developer/toolchains/gnu_arm/4.8_2013q4/bin/../lib/gcc/arm-none-eabi/4.8.3/armv7-m/crtn.o
 *(.fini)
 .fini          0x00009534        0x4 /home/sumanguru/Documents/SimplicityStudio_v3/developer/toolchains/gnu_arm/4.8_2013q4/bin/../lib/gcc/arm-none-eabi/4.8.3/armv7-m/crti.o
                0x00009534                _fini
 .fini          0x00009538        0x8 /home/sumanguru/Documents/SimplicityStudio_v3/developer/toolchains/gnu_arm/4.8_2013q4/bin/../lib/gcc/arm-none-eabi/4.8.3/armv7-m/crtn.o
 *crtbegin.o(.ctors)
 *crtbegin?.o(.ctors)
 *(EXCLUDE_FILE(*crtend.o *crtend?.o) .ctors)
 *(SORT(.ctors.*))
 *(.ctors)
 *crtbegin.o(.dtors)
 *crtbegin?.o(.dtors)
 *(EXCLUDE_FILE(*crtend.o *crtend?.o) .dtors)
 *(SORT(.dtors.*))
 *(.dtors)
 *(.rodata*)
 .rodata        0x00009540       0x10 ./src/BQ27421.o
 .rodata        0x00009550       0x3c ./src/InitDevice.o
 .rodata        0x0000958c       0x10 ./src/MPU9250.o
 .rodata.LoadingBackground
                0x0000959c      0x480 ./src/main.o
                0x0000959c                LoadingBackground
 .rodata.i2cNSum
                0x00009a1c        0x4 ./emlib/em_i2c.o
 .rodata        0x00009a20       0x18 ./src/LS013_MD.o
 .rodata        0x00009a38        0x4 ./src/udelay.o
 .rodata.str1.1
                0x00009a3c        0x2 /home/sumanguru/Documents/SimplicityStudio_v3/developer/toolchains/gnu_arm/4.8_2013q4/bin/../lib/gcc/arm-none-eabi/4.8.3/../../../../arm-none-eabi/lib/armv7-m/libc_s.a(lib_a-impure.o)
 *fill*         0x00009a3e        0x2 
 .rodata._global_impure_ptr
                0x00009a40        0x4 /home/sumanguru/Documents/SimplicityStudio_v3/developer/toolchains/gnu_arm/4.8_2013q4/bin/../lib/gcc/arm-none-eabi/4.8.3/../../../../arm-none-eabi/lib/armv7-m/libc_s.a(lib_a-impure.o)
                0x00009a40                _global_impure_ptr
 *(.eh_frame*)
 .eh_frame      0x00009a44        0x0 /home/sumanguru/Documents/SimplicityStudio_v3/developer/toolchains/gnu_arm/4.8_2013q4/bin/../lib/gcc/arm-none-eabi/4.8.3/armv7-m/crtbegin.o
 .eh_frame      0x00009a44        0x4 /home/sumanguru/Documents/SimplicityStudio_v3/developer/toolchains/gnu_arm/4.8_2013q4/bin/../lib/gcc/arm-none-eabi/4.8.3/armv7-m/crtend.o

.glue_7         0x00009a48        0x0
 .glue_7        0x00000000        0x0 linker stubs

.glue_7t        0x00009a48        0x0
 .glue_7t       0x00000000        0x0 linker stubs

.vfp11_veneer   0x00009a48        0x0
 .vfp11_veneer  0x00000000        0x0 linker stubs

.v4_bx          0x00009a48        0x0
 .v4_bx         0x00000000        0x0 linker stubs

.iplt           0x00009a48        0x0
 .iplt          0x00000000        0x0 /home/sumanguru/Documents/SimplicityStudio_v3/developer/toolchains/gnu_arm/4.8_2013q4/bin/../lib/gcc/arm-none-eabi/4.8.3/armv7-m/crtbegin.o

.ARM.extab
 *(.ARM.extab* .gnu.linkonce.armextab.*)
                0x00009a48                __exidx_start = .

.ARM.exidx      0x00009a48        0x8
 *(.ARM.exidx* .gnu.linkonce.armexidx.*)
 .ARM.exidx     0x00009a48        0x8 /home/sumanguru/Documents/SimplicityStudio_v3/developer/toolchains/gnu_arm/4.8_2013q4/bin/../lib/gcc/arm-none-eabi/4.8.3/../../../../arm-none-eabi/lib/armv7-m/crt0.o
                0x00009a50                __exidx_end = .
                0x00009a50                __etext = .

.rel.dyn        0x00009a50        0x0
 .rel.iplt      0x00000000        0x0 /home/sumanguru/Documents/SimplicityStudio_v3/developer/toolchains/gnu_arm/4.8_2013q4/bin/../lib/gcc/arm-none-eabi/4.8.3/armv7-m/crtbegin.o

.data           0x20000000       0x78 load address 0x00009a50
                0x20000000                __data_start__ = .
 *(vtable)
 *(.data*)
 .data.Mscale   0x20000000        0x1 ./src/MPU9250.o
                0x20000000                Mscale
 .data.Mmode    0x20000001        0x1 ./src/MPU9250.o
                0x20000001                Mmode
 *fill*         0x20000002        0x2 
 .data.SystemHFXOClock
                0x20000004        0x4 ./CMSIS/efm32gg/system_efm32gg.o
 .data.SystemLFXOClock
                0x20000008        0x4 ./CMSIS/efm32gg/system_efm32gg.o
 .data.loops_per_jiffy
                0x2000000c        0x4 ./src/udelay.o
                0x2000000c                loops_per_jiffy
 .data.impure_data
                0x20000010       0x60 /home/sumanguru/Documents/SimplicityStudio_v3/developer/toolchains/gnu_arm/4.8_2013q4/bin/../lib/gcc/arm-none-eabi/4.8.3/../../../../arm-none-eabi/lib/armv7-m/libc_s.a(lib_a-impure.o)
                0x20000070                . = ALIGN (0x4)
 *(.ram)
                0x20000070                . = ALIGN (0x4)
                0x20000070                PROVIDE (__preinit_array_start, .)
 *(.preinit_array)
                0x20000070                PROVIDE (__preinit_array_end, .)
                0x20000070                . = ALIGN (0x4)
                0x20000070                PROVIDE (__init_array_start, .)
 *(SORT(.init_array.*))
 *(.init_array)
 .init_array    0x20000070        0x4 /home/sumanguru/Documents/SimplicityStudio_v3/developer/toolchains/gnu_arm/4.8_2013q4/bin/../lib/gcc/arm-none-eabi/4.8.3/armv7-m/crtbegin.o
                0x20000074                PROVIDE (__init_array_end, .)
                0x20000074                . = ALIGN (0x4)
                0x20000074                PROVIDE (__fini_array_start, .)
 *(SORT(.fini_array.*))
 *(.fini_array)
 .fini_array    0x20000074        0x4 /home/sumanguru/Documents/SimplicityStudio_v3/developer/toolchains/gnu_arm/4.8_2013q4/bin/../lib/gcc/arm-none-eabi/4.8.3/armv7-m/crtbegin.o
                0x20000078                PROVIDE (__fini_array_end, .)
                0x20000078                . = ALIGN (0x4)
                0x20000078                __data_end__ = .

.jcr            0x20000078        0x0 load address 0x00009ac8
 .jcr           0x20000078        0x0 /home/sumanguru/Documents/SimplicityStudio_v3/developer/toolchains/gnu_arm/4.8_2013q4/bin/../lib/gcc/arm-none-eabi/4.8.3/armv7-m/crtbegin.o

.igot.plt       0x20000078        0x0 load address 0x00009ac8
 .igot.plt      0x00000000        0x0 /home/sumanguru/Documents/SimplicityStudio_v3/developer/toolchains/gnu_arm/4.8_2013q4/bin/../lib/gcc/arm-none-eabi/4.8.3/armv7-m/crtbegin.o

.bss            0x20000078      0x9a4 load address 0x00009ac8
                0x20000078                __bss_start__ = .
 *(.bss*)
 .bss           0x20000078       0x1c /home/sumanguru/Documents/SimplicityStudio_v3/developer/toolchains/gnu_arm/4.8_2013q4/bin/../lib/gcc/arm-none-eabi/4.8.3/armv7-m/crtbegin.o
 .bss.Gscale    0x20000094        0x1 ./src/MPU9250.o
                0x20000094                Gscale
 .bss.Ascale    0x20000095        0x1 ./src/MPU9250.o
                0x20000095                Ascale
 *fill*         0x20000096        0x2 
 .bss.cmuStatus
                0x20000098        0x4 ./emlib/em_emu.o
 .bss.i2cTransfer
                0x2000009c       0x18 ./emlib/em_i2c.o
 .bss.framebuffer
                0x200000b4      0x900 ./src/LS013_MD.o
 .bss.linestorender
                0x200009b4       0x60 ./src/LS013_MD.o
 .bss.polarity  0x20000a14        0x1 ./src/LS013_MD.o
 .bss.mode_static
                0x20000a15        0x1 ./src/LS013_MD.o
 *(COMMON)
 *fill*         0x20000a16        0x2 
 COMMON         0x20000a18        0x4 ./CMSIS/efm32gg/system_efm32gg.o
                0x20000a18                SystemCoreClock
                0x20000a1c                __bss_end__ = .

.heap           0x20000a20      0xc00
                0x20000a20                __end__ = .
                0x20000a20                end = __end__
                0x20000a20                _end = __end__
 *(.heap*)
 .heap          0x20000a20      0xc00 ./CMSIS/efm32gg/startup_gcc_efm32gg.o
                0x20000a20                __HeapBase
                0x20001620                __HeapLimit = .

.stack_dummy    0x20000a20      0x400
 *(.stack)
 .stack         0x20000a20      0x400 ./CMSIS/efm32gg/startup_gcc_efm32gg.o
                0x20020000                __StackTop = (ORIGIN (RAM) + 0x20000)
                0x2001fc00                __StackLimit = (__StackTop - SIZEOF (.stack_dummy))
                0x20020000                PROVIDE (__stack, __StackTop)
                0x00000001                ASSERT ((__StackLimit >= __HeapLimit), region RAM overflowed with stack)
                0x00000001                ASSERT ((0x96000 >= (__etext + SIZEOF (.data))), FLASH memory overflowed !)
OUTPUT(Anastasia.axf elf32-littlearm)

.ARM.attributes
                0x00000000       0x29
 .ARM.attributes
                0x00000000       0x1d /home/sumanguru/Documents/SimplicityStudio_v3/developer/toolchains/gnu_arm/4.8_2013q4/bin/../lib/gcc/arm-none-eabi/4.8.3/armv7-m/crti.o
 .ARM.attributes
                0x0000001d       0x2d /home/sumanguru/Documents/SimplicityStudio_v3/developer/toolchains/gnu_arm/4.8_2013q4/bin/../lib/gcc/arm-none-eabi/4.8.3/armv7-m/crtbegin.o
 .ARM.attributes
                0x0000004a       0x1b /home/sumanguru/Documents/SimplicityStudio_v3/developer/toolchains/gnu_arm/4.8_2013q4/bin/../lib/gcc/arm-none-eabi/4.8.3/../../../../arm-none-eabi/lib/armv7-m/crt0.o
 .ARM.attributes
                0x00000065       0x33 ./src/BQ25010.o
 .ARM.attributes
                0x00000098       0x33 ./src/BQ27421.o
 .ARM.attributes
                0x000000cb       0x33 ./src/InitDevice.o
 .ARM.attributes
                0x000000fe       0x33 ./src/MPU9250.o
 .ARM.attributes
                0x00000131       0x33 ./src/main.o
 .ARM.attributes
                0x00000164       0x33 ./emlib/em_burtc.o
 .ARM.attributes
                0x00000197       0x33 ./emlib/em_cmu.o
 .ARM.attributes
                0x000001ca       0x33 ./emlib/em_emu.o
 .ARM.attributes
                0x000001fd       0x33 ./emlib/em_i2c.o
 .ARM.attributes
                0x00000230       0x33 ./emlib/em_rmu.o
 .ARM.attributes
                0x00000263       0x33 ./emlib/em_rtc.o
 .ARM.attributes
                0x00000296       0x33 ./emlib/em_system.o
 .ARM.attributes
                0x000002c9       0x33 ./emlib/em_usart.o
 .ARM.attributes
                0x000002fc       0x1b ./CMSIS/efm32gg/startup_gcc_efm32gg.o
 .ARM.attributes
                0x00000317       0x33 ./CMSIS/efm32gg/system_efm32gg.o
 .ARM.attributes
                0x0000034a       0x33 ./src/LS013_MD.o
 .ARM.attributes
                0x0000037d       0x33 ./src/mdelay.o
 .ARM.attributes
                0x000003b0       0x33 ./src/udelay.o
 .ARM.attributes
                0x000003e3       0x1d /home/sumanguru/Documents/SimplicityStudio_v3/developer/toolchains/gnu_arm/4.8_2013q4/bin/../lib/gcc/arm-none-eabi/4.8.3/armv7-m/libgcc.a(_arm_addsubdf3.o)
 .ARM.attributes
                0x00000400       0x1d /home/sumanguru/Documents/SimplicityStudio_v3/developer/toolchains/gnu_arm/4.8_2013q4/bin/../lib/gcc/arm-none-eabi/4.8.3/armv7-m/libgcc.a(_arm_muldivdf3.o)
 .ARM.attributes
                0x0000041d       0x1d /home/sumanguru/Documents/SimplicityStudio_v3/developer/toolchains/gnu_arm/4.8_2013q4/bin/../lib/gcc/arm-none-eabi/4.8.3/armv7-m/libgcc.a(_arm_truncdfsf2.o)
 .ARM.attributes
                0x0000043a       0x1d /home/sumanguru/Documents/SimplicityStudio_v3/developer/toolchains/gnu_arm/4.8_2013q4/bin/../lib/gcc/arm-none-eabi/4.8.3/armv7-m/libgcc.a(_arm_addsubsf3.o)
 .ARM.attributes
                0x00000457       0x1d /home/sumanguru/Documents/SimplicityStudio_v3/developer/toolchains/gnu_arm/4.8_2013q4/bin/../lib/gcc/arm-none-eabi/4.8.3/armv7-m/libgcc.a(_arm_muldivsf3.o)
 .ARM.attributes
                0x00000474       0x2d /home/sumanguru/Documents/SimplicityStudio_v3/developer/toolchains/gnu_arm/4.8_2013q4/bin/../lib/gcc/arm-none-eabi/4.8.3/../../../../arm-none-eabi/lib/armv7-m/libc_s.a(lib_a-exit.o)
 .ARM.attributes
                0x000004a1       0x2d /home/sumanguru/Documents/SimplicityStudio_v3/developer/toolchains/gnu_arm/4.8_2013q4/bin/../lib/gcc/arm-none-eabi/4.8.3/../../../../arm-none-eabi/lib/armv7-m/libc_s.a(lib_a-impure.o)
 .ARM.attributes
                0x000004ce       0x2d /home/sumanguru/Documents/SimplicityStudio_v3/developer/toolchains/gnu_arm/4.8_2013q4/bin/../lib/gcc/arm-none-eabi/4.8.3/../../../../arm-none-eabi/lib/armv7-m/libc_s.a(lib_a-init.o)
 .ARM.attributes
                0x000004fb       0x2d /home/sumanguru/Documents/SimplicityStudio_v3/developer/toolchains/gnu_arm/4.8_2013q4/bin/../lib/gcc/arm-none-eabi/4.8.3/../../../../arm-none-eabi/lib/armv7-m/libc_s.a(lib_a-memcpy-stub.o)
 .ARM.attributes
                0x00000528       0x2d /home/sumanguru/Documents/SimplicityStudio_v3/developer/toolchains/gnu_arm/4.8_2013q4/bin/../lib/gcc/arm-none-eabi/4.8.3/../../../../arm-none-eabi/lib/armv7-m/libc_s.a(lib_a-memset.o)
 .ARM.attributes
                0x00000555       0x2d /home/sumanguru/Documents/SimplicityStudio_v3/developer/toolchains/gnu_arm/4.8_2013q4/bin/../lib/gcc/arm-none-eabi/4.8.3/../../../../arm-none-eabi/lib/armv7-m/libnosys.a(_exit.o)
 .ARM.attributes
                0x00000582       0x2d /home/sumanguru/Documents/SimplicityStudio_v3/developer/toolchains/gnu_arm/4.8_2013q4/bin/../lib/gcc/arm-none-eabi/4.8.3/armv7-m/crtend.o
 .ARM.attributes
                0x000005af       0x1d /home/sumanguru/Documents/SimplicityStudio_v3/developer/toolchains/gnu_arm/4.8_2013q4/bin/../lib/gcc/arm-none-eabi/4.8.3/armv7-m/crtn.o

.comment        0x00000000       0x70
 .comment       0x00000000       0x70 ./src/BQ25010.o
                                 0x71 (size before relaxing)
 .comment       0x00000000       0x71 ./src/BQ27421.o
 .comment       0x00000000       0x71 ./src/InitDevice.o
 .comment       0x00000000       0x71 ./src/MPU9250.o
 .comment       0x00000000       0x71 ./src/main.o
 .comment       0x00000000       0x71 ./emlib/em_burtc.o
 .comment       0x00000000       0x71 ./emlib/em_cmu.o
 .comment       0x00000000       0x71 ./emlib/em_emu.o
 .comment       0x00000000       0x71 ./emlib/em_i2c.o
 .comment       0x00000000       0x71 ./emlib/em_rmu.o
 .comment       0x00000000       0x71 ./emlib/em_rtc.o
 .comment       0x00000000       0x71 ./emlib/em_system.o
 .comment       0x00000000       0x71 ./emlib/em_usart.o
 .comment       0x00000000       0x71 ./CMSIS/efm32gg/system_efm32gg.o
 .comment       0x00000000       0x71 ./src/LS013_MD.o
 .comment       0x00000000       0x71 ./src/mdelay.o
 .comment       0x00000000       0x71 ./src/udelay.o

.debug_info     0x00000000     0x833c
 .debug_info    0x00000000      0x316 ./src/BQ25010.o
 .debug_info    0x00000316      0x3d3 ./src/BQ27421.o
 .debug_info    0x000006e9     0x10d9 ./src/InitDevice.o
 .debug_info    0x000017c2      0x8a8 ./src/MPU9250.o
 .debug_info    0x0000206a      0x1d1 ./src/main.o
 .debug_info    0x0000223b      0x66f ./emlib/em_burtc.o
 .debug_info    0x000028aa     0x10bb ./emlib/em_cmu.o
 .debug_info    0x00003965      0xd9f ./emlib/em_emu.o
 .debug_info    0x00004704      0x7bd ./emlib/em_i2c.o
 .debug_info    0x00004ec1      0x3cd ./emlib/em_rmu.o
 .debug_info    0x0000528e      0x32d ./emlib/em_rtc.o
 .debug_info    0x000055bb      0x245 ./emlib/em_system.o
 .debug_info    0x00005800      0xe4a ./emlib/em_usart.o
 .debug_info    0x0000664a       0xb2 ./CMSIS/efm32gg/startup_gcc_efm32gg.o
 .debug_info    0x000066fc      0x56a ./CMSIS/efm32gg/system_efm32gg.o
 .debug_info    0x00006c66      0xc4c ./src/LS013_MD.o
 .debug_info    0x000078b2       0xc9 ./src/mdelay.o
 .debug_info    0x0000797b      0x9c1 ./src/udelay.o

.debug_abbrev   0x00000000     0x1bf7
 .debug_abbrev  0x00000000       0xe5 ./src/BQ25010.o
 .debug_abbrev  0x000000e5      0x137 ./src/BQ27421.o
 .debug_abbrev  0x0000021c      0x197 ./src/InitDevice.o
 .debug_abbrev  0x000003b3      0x1de ./src/MPU9250.o
 .debug_abbrev  0x00000591       0xf2 ./src/main.o
 .debug_abbrev  0x00000683      0x226 ./emlib/em_burtc.o
 .debug_abbrev  0x000008a9      0x2e4 ./emlib/em_cmu.o
 .debug_abbrev  0x00000b8d      0x263 ./emlib/em_emu.o
 .debug_abbrev  0x00000df0      0x234 ./emlib/em_i2c.o
 .debug_abbrev  0x00001024      0x154 ./emlib/em_rmu.o
 .debug_abbrev  0x00001178      0x198 ./emlib/em_rtc.o
 .debug_abbrev  0x00001310       0xef ./emlib/em_system.o
 .debug_abbrev  0x000013ff      0x1ba ./emlib/em_usart.o
 .debug_abbrev  0x000015b9       0x14 ./CMSIS/efm32gg/startup_gcc_efm32gg.o
 .debug_abbrev  0x000015cd      0x1a5 ./CMSIS/efm32gg/system_efm32gg.o
 .debug_abbrev  0x00001772      0x213 ./src/LS013_MD.o
 .debug_abbrev  0x00001985       0x7a ./src/mdelay.o
 .debug_abbrev  0x000019ff      0x1f8 ./src/udelay.o

.debug_loc      0x00000000     0x2888
 .debug_loc     0x00000000      0x114 ./src/BQ25010.o
 .debug_loc     0x00000114       0xe0 ./src/BQ27421.o
 .debug_loc     0x000001f4      0x5bc ./src/InitDevice.o
 .debug_loc     0x000007b0      0x282 ./src/MPU9250.o
 .debug_loc     0x00000a32       0x72 ./src/main.o
 .debug_loc     0x00000aa4      0x2cc ./emlib/em_burtc.o
 .debug_loc     0x00000d70      0x708 ./emlib/em_cmu.o
 .debug_loc     0x00001478      0x3b4 ./emlib/em_emu.o
 .debug_loc     0x0000182c      0x1c0 ./emlib/em_i2c.o
 .debug_loc     0x000019ec      0x138 ./emlib/em_rmu.o
 .debug_loc     0x00001b24      0x1a8 ./emlib/em_rtc.o
 .debug_loc     0x00001ccc       0x70 ./emlib/em_system.o
 .debug_loc     0x00001d3c      0x460 ./emlib/em_usart.o
 .debug_loc     0x0000219c      0x1e8 ./CMSIS/efm32gg/system_efm32gg.o
 .debug_loc     0x00002384      0x35c ./src/LS013_MD.o
 .debug_loc     0x000026e0       0x38 ./src/mdelay.o
 .debug_loc     0x00002718      0x170 ./src/udelay.o

.debug_aranges  0x00000000      0x7e8
 .debug_aranges
                0x00000000       0x48 ./src/BQ25010.o
 .debug_aranges
                0x00000048       0x38 ./src/BQ27421.o
 .debug_aranges
                0x00000080      0x118 ./src/InitDevice.o
 .debug_aranges
                0x00000198       0x78 ./src/MPU9250.o
 .debug_aranges
                0x00000210       0x28 ./src/main.o
 .debug_aranges
                0x00000238       0x80 ./emlib/em_burtc.o
 .debug_aranges
                0x000002b8      0x120 ./emlib/em_cmu.o
 .debug_aranges
                0x000003d8       0xa8 ./emlib/em_emu.o
 .debug_aranges
                0x00000480       0x58 ./emlib/em_i2c.o
 .debug_aranges
                0x000004d8       0x48 ./emlib/em_rmu.o
 .debug_aranges
                0x00000520       0x58 ./emlib/em_rtc.o
 .debug_aranges
                0x00000578       0x28 ./emlib/em_system.o
 .debug_aranges
                0x000005a0       0xb8 ./emlib/em_usart.o
 .debug_aranges
                0x00000658       0x20 ./CMSIS/efm32gg/startup_gcc_efm32gg.o
 .debug_aranges
                0x00000678       0x68 ./CMSIS/efm32gg/system_efm32gg.o
 .debug_aranges
                0x000006e0       0x98 ./src/LS013_MD.o
 .debug_aranges
                0x00000778       0x20 ./src/mdelay.o
 .debug_aranges
                0x00000798       0x50 ./src/udelay.o

.debug_ranges   0x00000000      0x6b8
 .debug_ranges  0x00000000       0x38 ./src/BQ25010.o
 .debug_ranges  0x00000038       0x28 ./src/BQ27421.o
 .debug_ranges  0x00000060      0x108 ./src/InitDevice.o
 .debug_ranges  0x00000168       0x68 ./src/MPU9250.o
 .debug_ranges  0x000001d0       0x18 ./src/main.o
 .debug_ranges  0x000001e8       0x70 ./emlib/em_burtc.o
 .debug_ranges  0x00000258      0x110 ./emlib/em_cmu.o
 .debug_ranges  0x00000368       0x98 ./emlib/em_emu.o
 .debug_ranges  0x00000400       0x48 ./emlib/em_i2c.o
 .debug_ranges  0x00000448       0x38 ./emlib/em_rmu.o
 .debug_ranges  0x00000480       0x48 ./emlib/em_rtc.o
 .debug_ranges  0x000004c8       0x18 ./emlib/em_system.o
 .debug_ranges  0x000004e0       0xa8 ./emlib/em_usart.o
 .debug_ranges  0x00000588       0x58 ./CMSIS/efm32gg/system_efm32gg.o
 .debug_ranges  0x000005e0       0x88 ./src/LS013_MD.o
 .debug_ranges  0x00000668       0x10 ./src/mdelay.o
 .debug_ranges  0x00000678       0x40 ./src/udelay.o

.debug_line     0x00000000     0x40f7
 .debug_line    0x00000000      0x205 ./src/BQ25010.o
 .debug_line    0x00000205      0x264 ./src/BQ27421.o
 .debug_line    0x00000469      0x578 ./src/InitDevice.o
 .debug_line    0x000009e1      0x828 ./src/MPU9250.o
 .debug_line    0x00001209      0x1c5 ./src/main.o
 .debug_line    0x000013ce      0x3b9 ./emlib/em_burtc.o
 .debug_line    0x00001787      0x807 ./emlib/em_cmu.o
 .debug_line    0x00001f8e      0x4af ./emlib/em_emu.o
 .debug_line    0x0000243d      0x3cd ./emlib/em_i2c.o
 .debug_line    0x0000280a      0x2a9 ./emlib/em_rmu.o
 .debug_line    0x00002ab3      0x2bf ./emlib/em_rtc.o
 .debug_line    0x00002d72      0x23f ./emlib/em_system.o
 .debug_line    0x00002fb1      0x4dc ./emlib/em_usart.o
 .debug_line    0x0000348d       0x9f ./CMSIS/efm32gg/startup_gcc_efm32gg.o
 .debug_line    0x0000352c      0x28a ./CMSIS/efm32gg/system_efm32gg.o
 .debug_line    0x000037b6      0x510 ./src/LS013_MD.o
 .debug_line    0x00003cc6      0x123 ./src/mdelay.o
 .debug_line    0x00003de9      0x30e ./src/udelay.o

.debug_str      0x00000000     0x302b
 .debug_str     0x00000000      0x2da ./src/BQ25010.o
                                0x320 (size before relaxing)
 .debug_str     0x000002da      0x1ee ./src/BQ27421.o
                                0x3e4 (size before relaxing)
 .debug_str     0x000004c8      0xdb3 ./src/InitDevice.o
                               0x1161 (size before relaxing)
 .debug_str     0x0000127b      0x24e ./src/MPU9250.o
                                0x5de (size before relaxing)
 .debug_str     0x000014c9       0x96 ./src/main.o
                                0x296 (size before relaxing)
 .debug_str     0x0000155f      0x18a ./emlib/em_burtc.o
                                0x4e8 (size before relaxing)
 .debug_str     0x000016e9      0x5cb ./emlib/em_cmu.o
                                0xc4b (size before relaxing)
 .debug_str     0x00001cb4      0x498 ./emlib/em_emu.o
                                0x84a (size before relaxing)
 .debug_str     0x0000214c      0x1cd ./emlib/em_i2c.o
                                0x773 (size before relaxing)
 .debug_str     0x00002319       0xd0 ./emlib/em_rmu.o
                                0x396 (size before relaxing)
 .debug_str     0x000023e9       0x29 ./emlib/em_rtc.o
                                0x2dc (size before relaxing)
 .debug_str     0x00002412       0x7b ./emlib/em_system.o
                                0x2cf (size before relaxing)
 .debug_str     0x0000248d      0x50a ./emlib/em_usart.o
                                0xd8f (size before relaxing)
 .debug_str     0x00002997      0x101 ./CMSIS/efm32gg/system_efm32gg.o
                                0x498 (size before relaxing)
 .debug_str     0x00002a98      0x248 ./src/LS013_MD.o
                                0x9a6 (size before relaxing)
 .debug_str     0x00002ce0       0x2a ./src/mdelay.o
                                0x208 (size before relaxing)
 .debug_str     0x00002d0a      0x321 ./src/udelay.o
                                0x9f7 (size before relaxing)

.debug_frame    0x00000000     0x17ec
 .debug_frame   0x00000000       0xa4 ./src/BQ25010.o
 .debug_frame   0x000000a4       0x90 ./src/BQ27421.o
 .debug_frame   0x00000134      0x350 ./src/InitDevice.o
 .debug_frame   0x00000484      0x180 ./src/MPU9250.o
 .debug_frame   0x00000604       0x50 ./src/main.o
 .debug_frame   0x00000654      0x194 ./emlib/em_burtc.o
 .debug_frame   0x000007e8      0x3cc ./emlib/em_cmu.o
 .debug_frame   0x00000bb4      0x210 ./emlib/em_emu.o
 .debug_frame   0x00000dc4      0x104 ./emlib/em_i2c.o
 .debug_frame   0x00000ec8       0xb8 ./emlib/em_rmu.o
 .debug_frame   0x00000f80       0xf0 ./emlib/em_rtc.o
 .debug_frame   0x00001070       0x48 ./emlib/em_system.o
 .debug_frame   0x000010b8      0x25c ./emlib/em_usart.o
 .debug_frame   0x00001314      0x120 ./CMSIS/efm32gg/system_efm32gg.o
 .debug_frame   0x00001434      0x1f4 ./src/LS013_MD.o
 .debug_frame   0x00001628       0x30 ./src/mdelay.o
 .debug_frame   0x00001658       0xd8 ./src/udelay.o
 .debug_frame   0x00001730       0x28 /home/sumanguru/Documents/SimplicityStudio_v3/developer/toolchains/gnu_arm/4.8_2013q4/bin/../lib/gcc/arm-none-eabi/4.8.3/../../../../arm-none-eabi/lib/armv7-m/libc_s.a(lib_a-exit.o)
 .debug_frame   0x00001758       0x2c /home/sumanguru/Documents/SimplicityStudio_v3/developer/toolchains/gnu_arm/4.8_2013q4/bin/../lib/gcc/arm-none-eabi/4.8.3/../../../../arm-none-eabi/lib/armv7-m/libc_s.a(lib_a-init.o)
 .debug_frame   0x00001784       0x28 /home/sumanguru/Documents/SimplicityStudio_v3/developer/toolchains/gnu_arm/4.8_2013q4/bin/../lib/gcc/arm-none-eabi/4.8.3/../../../../arm-none-eabi/lib/armv7-m/libc_s.a(lib_a-memcpy-stub.o)
 .debug_frame   0x000017ac       0x20 /home/sumanguru/Documents/SimplicityStudio_v3/developer/toolchains/gnu_arm/4.8_2013q4/bin/../lib/gcc/arm-none-eabi/4.8.3/../../../../arm-none-eabi/lib/armv7-m/libc_s.a(lib_a-memset.o)
 .debug_frame   0x000017cc       0x20 /home/sumanguru/Documents/SimplicityStudio_v3/developer/toolchains/gnu_arm/4.8_2013q4/bin/../lib/gcc/arm-none-eabi/4.8.3/../../../../arm-none-eabi/lib/armv7-m/libnosys.a(_exit.o)
