Archive member included because of file (symbol)

/home/sumanguru/Documents/SimplicityStudio_v3/developer/toolchains/gnu_arm/4.8_2013q4/bin/../lib/gcc/arm-none-eabi/4.8.3/armv7-m/libgcc.a(_arm_addsubdf3.o)
                              ./src/MPU9250.o (__aeabi_dadd)
/home/sumanguru/Documents/SimplicityStudio_v3/developer/toolchains/gnu_arm/4.8_2013q4/bin/../lib/gcc/arm-none-eabi/4.8.3/armv7-m/libgcc.a(_arm_muldivdf3.o)
                              ./src/MPU9250.o (__aeabi_dmul)
/home/sumanguru/Documents/SimplicityStudio_v3/developer/toolchains/gnu_arm/4.8_2013q4/bin/../lib/gcc/arm-none-eabi/4.8.3/armv7-m/libgcc.a(_arm_truncdfsf2.o)
                              ./src/MPU9250.o (__aeabi_d2f)
/home/sumanguru/Documents/SimplicityStudio_v3/developer/toolchains/gnu_arm/4.8_2013q4/bin/../lib/gcc/arm-none-eabi/4.8.3/armv7-m/libgcc.a(_arm_addsubsf3.o)
                              ./src/MPU9250.o (__aeabi_ui2f)
/home/sumanguru/Documents/SimplicityStudio_v3/developer/toolchains/gnu_arm/4.8_2013q4/bin/../lib/gcc/arm-none-eabi/4.8.3/armv7-m/libgcc.a(_arm_muldivsf3.o)
                              ./src/MPU9250.o (__aeabi_fdiv)
/home/sumanguru/Documents/SimplicityStudio_v3/developer/toolchains/gnu_arm/4.8_2013q4/bin/../lib/gcc/arm-none-eabi/4.8.3/../../../../arm-none-eabi/lib/armv7-m/libc_s.a(lib_a-exit.o)
                              /home/sumanguru/Documents/SimplicityStudio_v3/developer/toolchains/gnu_arm/4.8_2013q4/bin/../lib/gcc/arm-none-eabi/4.8.3/../../../../arm-none-eabi/lib/armv7-m/crt0.o (exit)
/home/sumanguru/Documents/SimplicityStudio_v3/developer/toolchains/gnu_arm/4.8_2013q4/bin/../lib/gcc/arm-none-eabi/4.8.3/../../../../arm-none-eabi/lib/armv7-m/libc_s.a(lib_a-impure.o)
                              /home/sumanguru/Documents/SimplicityStudio_v3/developer/toolchains/gnu_arm/4.8_2013q4/bin/../lib/gcc/arm-none-eabi/4.8.3/../../../../arm-none-eabi/lib/armv7-m/libc_s.a(lib_a-exit.o) (_global_impure_ptr)
/home/sumanguru/Documents/SimplicityStudio_v3/developer/toolchains/gnu_arm/4.8_2013q4/bin/../lib/gcc/arm-none-eabi/4.8.3/../../../../arm-none-eabi/lib/armv7-m/libc_s.a(lib_a-init.o)
                              /home/sumanguru/Documents/SimplicityStudio_v3/developer/toolchains/gnu_arm/4.8_2013q4/bin/../lib/gcc/arm-none-eabi/4.8.3/../../../../arm-none-eabi/lib/armv7-m/crt0.o (__libc_init_array)
/home/sumanguru/Documents/SimplicityStudio_v3/developer/toolchains/gnu_arm/4.8_2013q4/bin/../lib/gcc/arm-none-eabi/4.8.3/../../../../arm-none-eabi/lib/armv7-m/libc_s.a(lib_a-memcpy-stub.o)
                              ./src/LS013_MD.o (memcpy)
/home/sumanguru/Documents/SimplicityStudio_v3/developer/toolchains/gnu_arm/4.8_2013q4/bin/../lib/gcc/arm-none-eabi/4.8.3/../../../../arm-none-eabi/lib/armv7-m/libc_s.a(lib_a-memset.o)
                              /home/sumanguru/Documents/SimplicityStudio_v3/developer/toolchains/gnu_arm/4.8_2013q4/bin/../lib/gcc/arm-none-eabi/4.8.3/../../../../arm-none-eabi/lib/armv7-m/crt0.o (memset)
/home/sumanguru/Documents/SimplicityStudio_v3/developer/toolchains/gnu_arm/4.8_2013q4/bin/../lib/gcc/arm-none-eabi/4.8.3/../../../../arm-none-eabi/lib/armv7-m/libnosys.a(_exit.o)
                              /home/sumanguru/Documents/SimplicityStudio_v3/developer/toolchains/gnu_arm/4.8_2013q4/bin/../lib/gcc/arm-none-eabi/4.8.3/../../../../arm-none-eabi/lib/armv7-m/libc_s.a(lib_a-exit.o) (_exit)

Allocating common symbols
Common symbol       size              file

SystemCoreClock     0x4               ./CMSIS/efm32gg/system_efm32gg.o
aRes                0x4               ./src/MPU9250.o
gRes                0x4               ./src/MPU9250.o
mRes                0x4               ./src/MPU9250.o

Discarded input sections

 .text          0x00000000        0x0 /home/sumanguru/Documents/SimplicityStudio_v3/developer/toolchains/gnu_arm/4.8_2013q4/bin/../lib/gcc/arm-none-eabi/4.8.3/armv7-m/crti.o
 .data          0x00000000        0x0 /home/sumanguru/Documents/SimplicityStudio_v3/developer/toolchains/gnu_arm/4.8_2013q4/bin/../lib/gcc/arm-none-eabi/4.8.3/armv7-m/crti.o
 .bss           0x00000000        0x0 /home/sumanguru/Documents/SimplicityStudio_v3/developer/toolchains/gnu_arm/4.8_2013q4/bin/../lib/gcc/arm-none-eabi/4.8.3/armv7-m/crti.o
 .data          0x00000000        0x4 /home/sumanguru/Documents/SimplicityStudio_v3/developer/toolchains/gnu_arm/4.8_2013q4/bin/../lib/gcc/arm-none-eabi/4.8.3/armv7-m/crtbegin.o
 .data          0x00000000        0x0 /home/sumanguru/Documents/SimplicityStudio_v3/developer/toolchains/gnu_arm/4.8_2013q4/bin/../lib/gcc/arm-none-eabi/4.8.3/../../../../arm-none-eabi/lib/armv7-m/crt0.o
 .bss           0x00000000        0x0 /home/sumanguru/Documents/SimplicityStudio_v3/developer/toolchains/gnu_arm/4.8_2013q4/bin/../lib/gcc/arm-none-eabi/4.8.3/../../../../arm-none-eabi/lib/armv7-m/crt0.o
 .ARM.extab     0x00000000        0x0 /home/sumanguru/Documents/SimplicityStudio_v3/developer/toolchains/gnu_arm/4.8_2013q4/bin/../lib/gcc/arm-none-eabi/4.8.3/../../../../arm-none-eabi/lib/armv7-m/crt0.o
 .text          0x00000000        0x0 ./src/udelay.o
 .data          0x00000000        0x0 ./src/udelay.o
 .bss           0x00000000        0x0 ./src/udelay.o
 .text          0x00000000        0x0 ./src/AFE4490.o
 .data          0x00000000        0x0 ./src/AFE4490.o
 .bss           0x00000000        0x0 ./src/AFE4490.o
 .rodata        0x00000000       0x18 ./src/AFE4490.o
 .text.AFE4490_Init
                0x00000000       0x7c ./src/AFE4490.o
 .debug_info    0x00000000      0x4a6 ./src/AFE4490.o
 .debug_abbrev  0x00000000       0xeb ./src/AFE4490.o
 .debug_loc     0x00000000       0x38 ./src/AFE4490.o
 .debug_aranges
                0x00000000       0x20 ./src/AFE4490.o
 .debug_ranges  0x00000000       0x10 ./src/AFE4490.o
 .debug_line    0x00000000      0x204 ./src/AFE4490.o
 .debug_str     0x00000000      0x679 ./src/AFE4490.o
 .comment       0x00000000       0x71 ./src/AFE4490.o
 .ARM.attributes
                0x00000000       0x33 ./src/AFE4490.o
 .debug_frame   0x00000000       0x34 ./src/AFE4490.o
 .text          0x00000000        0x0 ./src/BQ25010.o
 .data          0x00000000        0x0 ./src/BQ25010.o
 .bss           0x00000000        0x0 ./src/BQ25010.o
 .text.BQ25010_init
                0x00000000       0x28 ./src/BQ25010.o
 .text.BQ25010_get_status
                0x00000000       0x30 ./src/BQ25010.o
 .text.BQ25010_charge_on
                0x00000000       0x1c ./src/BQ25010.o
 .text.BQ25010_charge_off
                0x00000000       0x1c ./src/BQ25010.o
 .text.BQ25010_USB_charge_high
                0x00000000       0x1c ./src/BQ25010.o
 .text.BQ25010_USB_charge_low
                0x00000000       0x1c ./src/BQ25010.o
 .debug_info    0x00000000      0x316 ./src/BQ25010.o
 .debug_abbrev  0x00000000       0xe5 ./src/BQ25010.o
 .debug_loc     0x00000000      0x114 ./src/BQ25010.o
 .debug_aranges
                0x00000000       0x48 ./src/BQ25010.o
 .debug_ranges  0x00000000       0x38 ./src/BQ25010.o
 .debug_line    0x00000000      0x205 ./src/BQ25010.o
 .debug_str     0x00000000      0x320 ./src/BQ25010.o
 .comment       0x00000000       0x71 ./src/BQ25010.o
 .ARM.attributes
                0x00000000       0x33 ./src/BQ25010.o
 .debug_frame   0x00000000       0xa4 ./src/BQ25010.o
 .text          0x00000000        0x0 ./src/BQ27421.o
 .data          0x00000000        0x0 ./src/BQ27421.o
 .bss           0x00000000        0x0 ./src/BQ27421.o
 .rodata.BQ27421_ADDR
                0x00000000        0x4 ./src/BQ27421.o
 .text.BQ27421_Get_Device_Type
                0x00000000       0x6c ./src/BQ27421.o
 .text.BQ27421_Get_Temp
                0x00000000       0x5c ./src/BQ27421.o
 .text.BQ27421_Get_Pack_Voltage
                0x00000000       0x5c ./src/BQ27421.o
 .rodata        0x00000000       0x10 ./src/BQ27421.o
 .text.BQ27421_Init
                0x00000000       0x54 ./src/BQ27421.o
 .debug_info    0x00000000      0x3d3 ./src/BQ27421.o
 .debug_abbrev  0x00000000      0x137 ./src/BQ27421.o
 .debug_loc     0x00000000       0xe0 ./src/BQ27421.o
 .debug_aranges
                0x00000000       0x38 ./src/BQ27421.o
 .debug_ranges  0x00000000       0x28 ./src/BQ27421.o
 .debug_line    0x00000000      0x264 ./src/BQ27421.o
 .debug_str     0x00000000      0x3e4 ./src/BQ27421.o
 .comment       0x00000000       0x71 ./src/BQ27421.o
 .ARM.attributes
                0x00000000       0x33 ./src/BQ27421.o
 .debug_frame   0x00000000       0x90 ./src/BQ27421.o
 .text          0x00000000        0x0 ./src/InitDevice.o
 .data          0x00000000        0x0 ./src/InitDevice.o
 .bss           0x00000000        0x0 ./src/InitDevice.o
 .text.ADC0_enter_DefaultMode_from_RESET
                0x00000000        0xc ./src/InitDevice.o
 .text.ACMP0_enter_DefaultMode_from_RESET
                0x00000000        0xc ./src/InitDevice.o
 .text.ACMP1_enter_DefaultMode_from_RESET
                0x00000000        0xc ./src/InitDevice.o
 .text.DAC0_enter_DefaultMode_from_RESET
                0x00000000        0xc ./src/InitDevice.o
 .text.OPAMP0_enter_DefaultMode_from_RESET
                0x00000000        0xc ./src/InitDevice.o
 .text.OPAMP1_enter_DefaultMode_from_RESET
                0x00000000        0xc ./src/InitDevice.o
 .text.OPAMP2_enter_DefaultMode_from_RESET
                0x00000000        0xc ./src/InitDevice.o
 .text.USART2_enter_DefaultMode_from_RESET
                0x00000000        0xc ./src/InitDevice.o
 .text.LEUART0_enter_DefaultMode_from_RESET
                0x00000000        0xc ./src/InitDevice.o
 .text.LEUART1_enter_DefaultMode_from_RESET
                0x00000000        0xc ./src/InitDevice.o
 .text.VCMP_enter_DefaultMode_from_RESET
                0x00000000        0xc ./src/InitDevice.o
 .text.WDOG_enter_DefaultMode_from_RESET
                0x00000000        0xc ./src/InitDevice.o
 .text.TIMER0_enter_DefaultMode_from_RESET
                0x00000000        0xc ./src/InitDevice.o
 .text.TIMER1_enter_DefaultMode_from_RESET
                0x00000000        0xc ./src/InitDevice.o
 .text.TIMER2_enter_DefaultMode_from_RESET
                0x00000000        0xc ./src/InitDevice.o
 .text.TIMER3_enter_DefaultMode_from_RESET
                0x00000000        0xc ./src/InitDevice.o
 .text.PCNT0_enter_DefaultMode_from_RESET
                0x00000000        0xc ./src/InitDevice.o
 .text.PCNT1_enter_DefaultMode_from_RESET
                0x00000000        0xc ./src/InitDevice.o
 .text.PCNT2_enter_DefaultMode_from_RESET
                0x00000000        0xc ./src/InitDevice.o
 .text.PRS_enter_DefaultMode_from_RESET
                0x00000000        0xc ./src/InitDevice.o
 .text.ETM_enter_DefaultMode_from_RESET
                0x00000000        0xc ./src/InitDevice.o
 .text          0x00000000        0x0 ./src/MPU9250.o
 .data          0x00000000        0x0 ./src/MPU9250.o
 .bss           0x00000000        0x0 ./src/MPU9250.o
 .bss.Gscale    0x00000000        0x1 ./src/MPU9250.o
 .bss.Ascale    0x00000000        0x1 ./src/MPU9250.o
 .data.Mscale   0x00000000        0x1 ./src/MPU9250.o
 .data.Mmode    0x00000000        0x1 ./src/MPU9250.o
 .text.MPU9250_WhoAmI
                0x00000000       0x4c ./src/MPU9250.o
 .text.MPU9250_GetMres
                0x00000000       0x3c ./src/MPU9250.o
 .text.MPU9250_GetGres
                0x00000000       0x64 ./src/MPU9250.o
 .text.MPU9250_GetAres
                0x00000000       0x5c ./src/MPU9250.o
 .text.MPU9250_ReadAccelData
                0x00000000       0x8c ./src/MPU9250.o
 .text.MPU9250_ReadGyroData
                0x00000000       0x8c ./src/MPU9250.o
 .text.MPU9250_ReadMagData
                0x00000000       0xe0 ./src/MPU9250.o
 .text.MPU9250_ReadTempData
                0x00000000       0x54 ./src/MPU9250.o
 .text.MPU9250_InitAK8963
                0x00000000      0x21c ./src/MPU9250.o
 .rodata        0x00000000       0x10 ./src/MPU9250.o
 .text.MPU9250_Init
                0x00000000      0x3c0 ./src/MPU9250.o
 .text.MPU9250_Calibrate
                0x00000000      0xb04 ./src/MPU9250.o
 .text.MPU9250_SelfTest
                0x00000000      0x7ec ./src/MPU9250.o
 .debug_info    0x00000000      0x8a8 ./src/MPU9250.o
 .debug_abbrev  0x00000000      0x1de ./src/MPU9250.o
 .debug_loc     0x00000000      0x282 ./src/MPU9250.o
 .debug_aranges
                0x00000000       0x78 ./src/MPU9250.o
 .debug_ranges  0x00000000       0x68 ./src/MPU9250.o
 .debug_line    0x00000000      0x828 ./src/MPU9250.o
 .debug_str     0x00000000      0x5de ./src/MPU9250.o
 .comment       0x00000000       0x71 ./src/MPU9250.o
 .ARM.attributes
                0x00000000       0x33 ./src/MPU9250.o
 .debug_frame   0x00000000      0x180 ./src/MPU9250.o
 COMMON         0x00000000        0xc ./src/MPU9250.o
 .text          0x00000000        0x0 ./src/Graphics.o
 .data          0x00000000        0x0 ./src/Graphics.o
 .bss           0x00000000        0x0 ./src/Graphics.o
 .rodata.LoadingBackground
                0x00000000      0x480 ./src/Graphics.o
 .debug_info    0x00000000       0x9e ./src/Graphics.o
 .debug_abbrev  0x00000000       0x5d ./src/Graphics.o
 .debug_aranges
                0x00000000       0x18 ./src/Graphics.o
 .debug_line    0x00000000       0xaa ./src/Graphics.o
 .debug_str     0x00000000      0x1ee ./src/Graphics.o
 .comment       0x00000000       0x71 ./src/Graphics.o
 .ARM.attributes
                0x00000000       0x33 ./src/Graphics.o
 .text          0x00000000        0x0 ./src/main.o
 .data          0x00000000        0x0 ./src/main.o
 .bss           0x00000000        0x0 ./src/main.o
 .text          0x00000000        0x0 ./emlib/em_burtc.o
 .data          0x00000000        0x0 ./emlib/em_burtc.o
 .bss           0x00000000        0x0 ./emlib/em_burtc.o
 .text.BITBAND_PeripheralRead
                0x00000000       0x2c ./emlib/em_burtc.o
 .text.BURTC_CompareGet
                0x00000000       0x1c ./emlib/em_burtc.o
 .text.BURTC_CounterReset
                0x00000000       0x20 ./emlib/em_burtc.o
 .text.BURTC_Reset
                0x00000000       0x3c ./emlib/em_burtc.o
 .text.BURTC_ClockFreqGet
                0x00000000       0x7c ./emlib/em_burtc.o
 .text          0x00000000        0x0 ./emlib/em_cmu.o
 .data          0x00000000        0x0 ./emlib/em_cmu.o
 .bss           0x00000000        0x0 ./emlib/em_cmu.o
 .text.CMU_DivToLog2
                0x00000000       0x3c ./emlib/em_cmu.o
 .text.CMU_Log2ToDiv
                0x00000000       0x1c ./emlib/em_cmu.o
 .text.CMU_Calibrate
                0x00000000       0x88 ./emlib/em_cmu.o
 .text.CMU_CalibrateConfig
                0x00000000       0xd8 ./emlib/em_cmu.o
 .text.CMU_ClockDivGet
                0x00000000      0x134 ./emlib/em_cmu.o
 .text.CMU_ClockDivSet
                0x00000000      0x1f8 ./emlib/em_cmu.o
 .text.CMU_FreezeEnable
                0x00000000       0x38 ./emlib/em_cmu.o
 .text.CMU_AUXHFRCOBandGet
                0x00000000       0x20 ./emlib/em_cmu.o
 .text.CMU_AUXHFRCOBandSet
                0x00000000       0xb0 ./emlib/em_cmu.o
 .text.CMU_HFRCOBandGet
                0x00000000       0x20 ./emlib/em_cmu.o
 .text.CMU_HFRCOBandSet
                0x00000000       0xcc ./emlib/em_cmu.o
 .text.CMU_HFRCOStartupDelayGet
                0x00000000       0x1c ./emlib/em_cmu.o
 .text.CMU_HFRCOStartupDelaySet
                0x00000000       0x30 ./emlib/em_cmu.o
 .text.CMU_LCDClkFDIVGet
                0x00000000       0x10 ./emlib/em_cmu.o
 .text.CMU_LCDClkFDIVSet
                0x00000000       0x14 ./emlib/em_cmu.o
 .text.CMU_OscillatorTuningGet
                0x00000000       0x50 ./emlib/em_cmu.o
 .text.CMU_OscillatorTuningSet
                0x00000000       0x74 ./emlib/em_cmu.o
 .text.CMU_PCNTClockExternalGet
                0x00000000       0x64 ./emlib/em_cmu.o
 .text.CMU_PCNTClockExternalSet
                0x00000000       0x34 ./emlib/em_cmu.o
 .text          0x00000000        0x0 ./emlib/em_emu.o
 .data          0x00000000        0x0 ./emlib/em_emu.o
 .bss           0x00000000        0x0 ./emlib/em_emu.o
 .text.SystemCoreClockUpdate
                0x00000000        0xc ./emlib/em_emu.o
 .text.BITBAND_Peripheral
                0x00000000       0x2c ./emlib/em_emu.o
 .text.EMU_BUPinEnable
                0x00000000       0x20 ./emlib/em_emu.o
 .text.EMU_Unlock
                0x00000000       0x18 ./emlib/em_emu.o
 .text.CMU_Lock
                0x00000000       0x18 ./emlib/em_emu.o
 .text.CMU_Unlock
                0x00000000       0x1c ./emlib/em_emu.o
 .text.EMU_Restore
                0x00000000       0xf4 ./emlib/em_emu.o
 .text.getErrataFixEmuE107En
                0x00000000       0x68 ./emlib/em_emu.o
 .text.EMU_EnterEM2
                0x00000000       0x9c ./emlib/em_emu.o
 .text.EMU_EnterEM3
                0x00000000       0xbc ./emlib/em_emu.o
 .text.EMU_EnterEM4
                0x00000000       0x50 ./emlib/em_emu.o
 .text.EMU_MemPwrDown
                0x00000000       0x1c ./emlib/em_emu.o
 .text.EMU_EM23Init
                0x00000000       0x34 ./emlib/em_emu.o
 .text.EMU_EM4Init
                0x00000000       0x50 ./emlib/em_emu.o
 .text.EMU_BUPDInit
                0x00000000       0xcc ./emlib/em_emu.o
 .text.EMU_BUThresholdSet
                0x00000000       0x4c ./emlib/em_emu.o
 .text.EMU_BUThresRangeSet
                0x00000000       0x50 ./emlib/em_emu.o
 .text          0x00000000        0x0 ./emlib/em_gpio.o
 .data          0x00000000        0x0 ./emlib/em_gpio.o
 .bss           0x00000000        0x0 ./emlib/em_gpio.o
 .text.BITBAND_Peripheral
                0x00000000       0x2c ./emlib/em_gpio.o
 .text.GPIO_DbgLocationSet
                0x00000000       0x2c ./emlib/em_gpio.o
 .text.GPIO_DriveModeSet
                0x00000000       0x50 ./emlib/em_gpio.o
 .text.GPIO_IntConfig
                0x00000000       0xc0 ./emlib/em_gpio.o
 .text.GPIO_PinModeSet
                0x00000000      0x144 ./emlib/em_gpio.o
 .debug_info    0x00000000      0x4d4 ./emlib/em_gpio.o
 .debug_abbrev  0x00000000      0x13a ./emlib/em_gpio.o
 .debug_loc     0x00000000      0x118 ./emlib/em_gpio.o
 .debug_aranges
                0x00000000       0x40 ./emlib/em_gpio.o
 .debug_ranges  0x00000000       0x30 ./emlib/em_gpio.o
 .debug_line    0x00000000      0x2a7 ./emlib/em_gpio.o
 .debug_str     0x00000000      0x560 ./emlib/em_gpio.o
 .comment       0x00000000       0x71 ./emlib/em_gpio.o
 .ARM.attributes
                0x00000000       0x33 ./emlib/em_gpio.o
 .debug_frame   0x00000000       0xa8 ./emlib/em_gpio.o
 .text          0x00000000        0x0 ./emlib/em_i2c.o
 .data          0x00000000        0x0 ./emlib/em_i2c.o
 .bss           0x00000000        0x0 ./emlib/em_i2c.o
 .bss.i2cTransfer
                0x00000000       0x18 ./emlib/em_i2c.o
 .text.I2C_BusFreqGet
                0x00000000       0x44 ./emlib/em_i2c.o
 .text.I2C_Enable
                0x00000000       0x3c ./emlib/em_i2c.o
 .text.I2C_Reset
                0x00000000       0x3c ./emlib/em_i2c.o
 .text.I2C_Transfer
                0x00000000      0x44c ./emlib/em_i2c.o
 .text.I2C_TransferInit
                0x00000000       0xe4 ./emlib/em_i2c.o
 .text          0x00000000        0x0 ./emlib/em_rmu.o
 .data          0x00000000        0x0 ./emlib/em_rmu.o
 .bss           0x00000000        0x0 ./emlib/em_rmu.o
 .text.EMU_Lock
                0x00000000       0x18 ./emlib/em_rmu.o
 .text.EMU_Unlock
                0x00000000       0x18 ./emlib/em_rmu.o
 .rodata.resetCauseMasks
                0x00000000       0x80 ./emlib/em_rmu.o
 .text.RMU_ResetCauseClear
                0x00000000       0x50 ./emlib/em_rmu.o
 .text.RMU_ResetCauseGet
                0x00000000       0x68 ./emlib/em_rmu.o
 .text          0x00000000        0x0 ./emlib/em_rtc.o
 .data          0x00000000        0x0 ./emlib/em_rtc.o
 .bss           0x00000000        0x0 ./emlib/em_rtc.o
 .text.BITBAND_Peripheral
                0x00000000       0x2c ./emlib/em_rtc.o
 .text.RTC_CompareGet
                0x00000000       0x3c ./emlib/em_rtc.o
 .text.RTC_CompareSet
                0x00000000       0x4c ./emlib/em_rtc.o
 .text.RTC_Enable
                0x00000000       0x20 ./emlib/em_rtc.o
 .text.RTC_FreezeEnable
                0x00000000       0x2c ./emlib/em_rtc.o
 .text.RTC_Reset
                0x00000000       0x34 ./emlib/em_rtc.o
 .text.RTC_CounterReset
                0x00000000       0x14 ./emlib/em_rtc.o
 .text          0x00000000        0x0 ./emlib/em_system.o
 .data          0x00000000        0x0 ./emlib/em_system.o
 .bss           0x00000000        0x0 ./emlib/em_system.o
 .text.SYSTEM_GetCalibrationValue
                0x00000000       0x54 ./emlib/em_system.o
 .text          0x00000000        0x0 ./emlib/em_usart.o
 .data          0x00000000        0x0 ./emlib/em_usart.o
 .bss           0x00000000        0x0 ./emlib/em_usart.o
 .text.USART_BaudrateAsyncSet
                0x00000000       0xb0 ./emlib/em_usart.o
 .text.USART_BaudrateCalc
                0x00000000       0xb8 ./emlib/em_usart.o
 .text.USART_BaudrateGet
                0x00000000       0x50 ./emlib/em_usart.o
 .text.USART_Enable
                0x00000000       0x58 ./emlib/em_usart.o
 .text.USART_InitAsync
                0x00000000       0x9c ./emlib/em_usart.o
 .text.USART_InitIrDA
                0x00000000       0x74 ./emlib/em_usart.o
 .text.USART_InitI2s
                0x00000000       0x94 ./emlib/em_usart.o
 .text.USART_Rx
                0x00000000       0x28 ./emlib/em_usart.o
 .text.USART_RxDouble
                0x00000000       0x28 ./emlib/em_usart.o
 .text.USART_RxDoubleExt
                0x00000000       0x28 ./emlib/em_usart.o
 .text.USART_RxExt
                0x00000000       0x28 ./emlib/em_usart.o
 .text.USART_SpiTransfer
                0x00000000       0x40 ./emlib/em_usart.o
 .text.USART_Tx
                0x00000000       0x2c ./emlib/em_usart.o
 .text.USART_TxDoubleExt
                0x00000000       0x28 ./emlib/em_usart.o
 .text.USART_TxExt
                0x00000000       0x2c ./emlib/em_usart.o
 .data          0x00000000        0x0 ./CMSIS/efm32gg/startup_gcc_efm32gg.o
 .bss           0x00000000        0x0 ./CMSIS/efm32gg/startup_gcc_efm32gg.o
 .text          0x00000000        0x0 ./CMSIS/efm32gg/system_efm32gg.o
 .data          0x00000000        0x0 ./CMSIS/efm32gg/system_efm32gg.o
 .bss           0x00000000        0x0 ./CMSIS/efm32gg/system_efm32gg.o
 .text.SystemLFXOClockSet
                0x00000000       0x2c ./CMSIS/efm32gg/system_efm32gg.o
 .text          0x00000000        0x0 ./src/mdelay.o
 .data          0x00000000        0x0 ./src/mdelay.o
 .bss           0x00000000        0x0 ./src/mdelay.o
 .text.MDELAY_Delay
                0x00000000       0x30 ./src/mdelay.o
 .debug_info    0x00000000       0xc9 ./src/mdelay.o
 .debug_abbrev  0x00000000       0x7a ./src/mdelay.o
 .debug_loc     0x00000000       0x38 ./src/mdelay.o
 .debug_aranges
                0x00000000       0x20 ./src/mdelay.o
 .debug_ranges  0x00000000       0x10 ./src/mdelay.o
 .debug_line    0x00000000      0x123 ./src/mdelay.o
 .debug_str     0x00000000      0x208 ./src/mdelay.o
 .comment       0x00000000       0x71 ./src/mdelay.o
 .ARM.attributes
                0x00000000       0x33 ./src/mdelay.o
 .debug_frame   0x00000000       0x30 ./src/mdelay.o
 .text          0x00000000        0x0 ./src/EEPROM.o
 .data          0x00000000        0x0 ./src/EEPROM.o
 .bss           0x00000000        0x0 ./src/EEPROM.o
 .text.EEPROM_AckPoll
                0x00000000       0x54 ./src/EEPROM.o
 .text.EEPROM_Read
                0x00000000       0x84 ./src/EEPROM.o
 .text.EEPROM_Write
                0x00000000       0xd4 ./src/EEPROM.o
 .debug_info    0x00000000      0x3c3 ./src/EEPROM.o
 .debug_abbrev  0x00000000      0x15e ./src/EEPROM.o
 .debug_loc     0x00000000       0xaa ./src/EEPROM.o
 .debug_aranges
                0x00000000       0x30 ./src/EEPROM.o
 .debug_ranges  0x00000000       0x20 ./src/EEPROM.o
 .debug_line    0x00000000      0x257 ./src/EEPROM.o
 .debug_str     0x00000000      0x35d ./src/EEPROM.o
 .comment       0x00000000       0x71 ./src/EEPROM.o
 .ARM.attributes
                0x00000000       0x33 ./src/EEPROM.o
 .debug_frame   0x00000000       0x70 ./src/EEPROM.o
 .text          0x00000000        0x0 ./src/rtc.o
 .data          0x00000000        0x0 ./src/rtc.o
 .bss           0x00000000        0x0 ./src/rtc.o
 .text.NVIC_EnableIRQ
                0x00000000       0x30 ./src/rtc.o
 .text.RTC_IntEnable
                0x00000000       0x24 ./src/rtc.o
 .rodata        0x00000000        0x4 ./src/rtc.o
 .text.RTC_Mod_Init
                0x00000000       0x4c ./src/rtc.o
 .text.RTC_GetTime
                0x00000000       0x50 ./src/rtc.o
 .text          0x00000000        0x0 ./src/LS013_MD.o
 .data          0x00000000        0x0 ./src/LS013_MD.o
 .bss           0x00000000        0x0 ./src/LS013_MD.o
 .bss.polarity  0x00000000        0x1 ./src/LS013_MD.o
 .text.LS013_SetBuffer
                0x00000000       0x40 ./src/LS013_MD.o
 .text.LS013_InvertBuffer
                0x00000000       0x3c ./src/LS013_MD.o
 .text.LS013_InvertPolarity
                0x00000000       0x8c ./src/LS013_MD.o
 .text.LS013_StaticMode
                0x00000000       0x40 ./src/LS013_MD.o
 .text.LS013_Disable
                0x00000000       0x10 ./src/LS013_MD.o
 .text          0x00000000      0x370 /home/sumanguru/Documents/SimplicityStudio_v3/developer/toolchains/gnu_arm/4.8_2013q4/bin/../lib/gcc/arm-none-eabi/4.8.3/armv7-m/libgcc.a(_arm_addsubdf3.o)
 .data          0x00000000        0x0 /home/sumanguru/Documents/SimplicityStudio_v3/developer/toolchains/gnu_arm/4.8_2013q4/bin/../lib/gcc/arm-none-eabi/4.8.3/armv7-m/libgcc.a(_arm_addsubdf3.o)
 .bss           0x00000000        0x0 /home/sumanguru/Documents/SimplicityStudio_v3/developer/toolchains/gnu_arm/4.8_2013q4/bin/../lib/gcc/arm-none-eabi/4.8.3/armv7-m/libgcc.a(_arm_addsubdf3.o)
 .ARM.attributes
                0x00000000       0x1d /home/sumanguru/Documents/SimplicityStudio_v3/developer/toolchains/gnu_arm/4.8_2013q4/bin/../lib/gcc/arm-none-eabi/4.8.3/armv7-m/libgcc.a(_arm_addsubdf3.o)
 .text          0x00000000      0x424 /home/sumanguru/Documents/SimplicityStudio_v3/developer/toolchains/gnu_arm/4.8_2013q4/bin/../lib/gcc/arm-none-eabi/4.8.3/armv7-m/libgcc.a(_arm_muldivdf3.o)
 .data          0x00000000        0x0 /home/sumanguru/Documents/SimplicityStudio_v3/developer/toolchains/gnu_arm/4.8_2013q4/bin/../lib/gcc/arm-none-eabi/4.8.3/armv7-m/libgcc.a(_arm_muldivdf3.o)
 .bss           0x00000000        0x0 /home/sumanguru/Documents/SimplicityStudio_v3/developer/toolchains/gnu_arm/4.8_2013q4/bin/../lib/gcc/arm-none-eabi/4.8.3/armv7-m/libgcc.a(_arm_muldivdf3.o)
 .ARM.attributes
                0x00000000       0x1d /home/sumanguru/Documents/SimplicityStudio_v3/developer/toolchains/gnu_arm/4.8_2013q4/bin/../lib/gcc/arm-none-eabi/4.8.3/armv7-m/libgcc.a(_arm_muldivdf3.o)
 .text          0x00000000       0xa0 /home/sumanguru/Documents/SimplicityStudio_v3/developer/toolchains/gnu_arm/4.8_2013q4/bin/../lib/gcc/arm-none-eabi/4.8.3/armv7-m/libgcc.a(_arm_truncdfsf2.o)
 .data          0x00000000        0x0 /home/sumanguru/Documents/SimplicityStudio_v3/developer/toolchains/gnu_arm/4.8_2013q4/bin/../lib/gcc/arm-none-eabi/4.8.3/armv7-m/libgcc.a(_arm_truncdfsf2.o)
 .bss           0x00000000        0x0 /home/sumanguru/Documents/SimplicityStudio_v3/developer/toolchains/gnu_arm/4.8_2013q4/bin/../lib/gcc/arm-none-eabi/4.8.3/armv7-m/libgcc.a(_arm_truncdfsf2.o)
 .ARM.attributes
                0x00000000       0x1d /home/sumanguru/Documents/SimplicityStudio_v3/developer/toolchains/gnu_arm/4.8_2013q4/bin/../lib/gcc/arm-none-eabi/4.8.3/armv7-m/libgcc.a(_arm_truncdfsf2.o)
 .text          0x00000000      0x21c /home/sumanguru/Documents/SimplicityStudio_v3/developer/toolchains/gnu_arm/4.8_2013q4/bin/../lib/gcc/arm-none-eabi/4.8.3/armv7-m/libgcc.a(_arm_addsubsf3.o)
 .data          0x00000000        0x0 /home/sumanguru/Documents/SimplicityStudio_v3/developer/toolchains/gnu_arm/4.8_2013q4/bin/../lib/gcc/arm-none-eabi/4.8.3/armv7-m/libgcc.a(_arm_addsubsf3.o)
 .bss           0x00000000        0x0 /home/sumanguru/Documents/SimplicityStudio_v3/developer/toolchains/gnu_arm/4.8_2013q4/bin/../lib/gcc/arm-none-eabi/4.8.3/armv7-m/libgcc.a(_arm_addsubsf3.o)
 .ARM.attributes
                0x00000000       0x1d /home/sumanguru/Documents/SimplicityStudio_v3/developer/toolchains/gnu_arm/4.8_2013q4/bin/../lib/gcc/arm-none-eabi/4.8.3/armv7-m/libgcc.a(_arm_addsubsf3.o)
 .text          0x00000000      0x2a0 /home/sumanguru/Documents/SimplicityStudio_v3/developer/toolchains/gnu_arm/4.8_2013q4/bin/../lib/gcc/arm-none-eabi/4.8.3/armv7-m/libgcc.a(_arm_muldivsf3.o)
 .data          0x00000000        0x0 /home/sumanguru/Documents/SimplicityStudio_v3/developer/toolchains/gnu_arm/4.8_2013q4/bin/../lib/gcc/arm-none-eabi/4.8.3/armv7-m/libgcc.a(_arm_muldivsf3.o)
 .bss           0x00000000        0x0 /home/sumanguru/Documents/SimplicityStudio_v3/developer/toolchains/gnu_arm/4.8_2013q4/bin/../lib/gcc/arm-none-eabi/4.8.3/armv7-m/libgcc.a(_arm_muldivsf3.o)
 .ARM.attributes
                0x00000000       0x1d /home/sumanguru/Documents/SimplicityStudio_v3/developer/toolchains/gnu_arm/4.8_2013q4/bin/../lib/gcc/arm-none-eabi/4.8.3/armv7-m/libgcc.a(_arm_muldivsf3.o)
 .text          0x00000000        0x0 /home/sumanguru/Documents/SimplicityStudio_v3/developer/toolchains/gnu_arm/4.8_2013q4/bin/../lib/gcc/arm-none-eabi/4.8.3/../../../../arm-none-eabi/lib/armv7-m/libc_s.a(lib_a-exit.o)
 .data          0x00000000        0x0 /home/sumanguru/Documents/SimplicityStudio_v3/developer/toolchains/gnu_arm/4.8_2013q4/bin/../lib/gcc/arm-none-eabi/4.8.3/../../../../arm-none-eabi/lib/armv7-m/libc_s.a(lib_a-exit.o)
 .bss           0x00000000        0x0 /home/sumanguru/Documents/SimplicityStudio_v3/developer/toolchains/gnu_arm/4.8_2013q4/bin/../lib/gcc/arm-none-eabi/4.8.3/../../../../arm-none-eabi/lib/armv7-m/libc_s.a(lib_a-exit.o)
 .text          0x00000000        0x0 /home/sumanguru/Documents/SimplicityStudio_v3/developer/toolchains/gnu_arm/4.8_2013q4/bin/../lib/gcc/arm-none-eabi/4.8.3/../../../../arm-none-eabi/lib/armv7-m/libc_s.a(lib_a-impure.o)
 .data          0x00000000        0x0 /home/sumanguru/Documents/SimplicityStudio_v3/developer/toolchains/gnu_arm/4.8_2013q4/bin/../lib/gcc/arm-none-eabi/4.8.3/../../../../arm-none-eabi/lib/armv7-m/libc_s.a(lib_a-impure.o)
 .bss           0x00000000        0x0 /home/sumanguru/Documents/SimplicityStudio_v3/developer/toolchains/gnu_arm/4.8_2013q4/bin/../lib/gcc/arm-none-eabi/4.8.3/../../../../arm-none-eabi/lib/armv7-m/libc_s.a(lib_a-impure.o)
 .data._impure_ptr
                0x00000000        0x4 /home/sumanguru/Documents/SimplicityStudio_v3/developer/toolchains/gnu_arm/4.8_2013q4/bin/../lib/gcc/arm-none-eabi/4.8.3/../../../../arm-none-eabi/lib/armv7-m/libc_s.a(lib_a-impure.o)
 .text          0x00000000        0x0 /home/sumanguru/Documents/SimplicityStudio_v3/developer/toolchains/gnu_arm/4.8_2013q4/bin/../lib/gcc/arm-none-eabi/4.8.3/../../../../arm-none-eabi/lib/armv7-m/libc_s.a(lib_a-init.o)
 .data          0x00000000        0x0 /home/sumanguru/Documents/SimplicityStudio_v3/developer/toolchains/gnu_arm/4.8_2013q4/bin/../lib/gcc/arm-none-eabi/4.8.3/../../../../arm-none-eabi/lib/armv7-m/libc_s.a(lib_a-init.o)
 .bss           0x00000000        0x0 /home/sumanguru/Documents/SimplicityStudio_v3/developer/toolchains/gnu_arm/4.8_2013q4/bin/../lib/gcc/arm-none-eabi/4.8.3/../../../../arm-none-eabi/lib/armv7-m/libc_s.a(lib_a-init.o)
 .text          0x00000000        0x0 /home/sumanguru/Documents/SimplicityStudio_v3/developer/toolchains/gnu_arm/4.8_2013q4/bin/../lib/gcc/arm-none-eabi/4.8.3/../../../../arm-none-eabi/lib/armv7-m/libc_s.a(lib_a-memcpy-stub.o)
 .data          0x00000000        0x0 /home/sumanguru/Documents/SimplicityStudio_v3/developer/toolchains/gnu_arm/4.8_2013q4/bin/../lib/gcc/arm-none-eabi/4.8.3/../../../../arm-none-eabi/lib/armv7-m/libc_s.a(lib_a-memcpy-stub.o)
 .bss           0x00000000        0x0 /home/sumanguru/Documents/SimplicityStudio_v3/developer/toolchains/gnu_arm/4.8_2013q4/bin/../lib/gcc/arm-none-eabi/4.8.3/../../../../arm-none-eabi/lib/armv7-m/libc_s.a(lib_a-memcpy-stub.o)
 .text.memcpy   0x00000000       0x12 /home/sumanguru/Documents/SimplicityStudio_v3/developer/toolchains/gnu_arm/4.8_2013q4/bin/../lib/gcc/arm-none-eabi/4.8.3/../../../../arm-none-eabi/lib/armv7-m/libc_s.a(lib_a-memcpy-stub.o)
 .ARM.attributes
                0x00000000       0x2d /home/sumanguru/Documents/SimplicityStudio_v3/developer/toolchains/gnu_arm/4.8_2013q4/bin/../lib/gcc/arm-none-eabi/4.8.3/../../../../arm-none-eabi/lib/armv7-m/libc_s.a(lib_a-memcpy-stub.o)
 .debug_frame   0x00000000       0x28 /home/sumanguru/Documents/SimplicityStudio_v3/developer/toolchains/gnu_arm/4.8_2013q4/bin/../lib/gcc/arm-none-eabi/4.8.3/../../../../arm-none-eabi/lib/armv7-m/libc_s.a(lib_a-memcpy-stub.o)
 .text          0x00000000        0x0 /home/sumanguru/Documents/SimplicityStudio_v3/developer/toolchains/gnu_arm/4.8_2013q4/bin/../lib/gcc/arm-none-eabi/4.8.3/../../../../arm-none-eabi/lib/armv7-m/libc_s.a(lib_a-memset.o)
 .data          0x00000000        0x0 /home/sumanguru/Documents/SimplicityStudio_v3/developer/toolchains/gnu_arm/4.8_2013q4/bin/../lib/gcc/arm-none-eabi/4.8.3/../../../../arm-none-eabi/lib/armv7-m/libc_s.a(lib_a-memset.o)
 .bss           0x00000000        0x0 /home/sumanguru/Documents/SimplicityStudio_v3/developer/toolchains/gnu_arm/4.8_2013q4/bin/../lib/gcc/arm-none-eabi/4.8.3/../../../../arm-none-eabi/lib/armv7-m/libc_s.a(lib_a-memset.o)
 .text          0x00000000        0x0 /home/sumanguru/Documents/SimplicityStudio_v3/developer/toolchains/gnu_arm/4.8_2013q4/bin/../lib/gcc/arm-none-eabi/4.8.3/../../../../arm-none-eabi/lib/armv7-m/libnosys.a(_exit.o)
 .data          0x00000000        0x0 /home/sumanguru/Documents/SimplicityStudio_v3/developer/toolchains/gnu_arm/4.8_2013q4/bin/../lib/gcc/arm-none-eabi/4.8.3/../../../../arm-none-eabi/lib/armv7-m/libnosys.a(_exit.o)
 .bss           0x00000000        0x0 /home/sumanguru/Documents/SimplicityStudio_v3/developer/toolchains/gnu_arm/4.8_2013q4/bin/../lib/gcc/arm-none-eabi/4.8.3/../../../../arm-none-eabi/lib/armv7-m/libnosys.a(_exit.o)
 .text          0x00000000        0x0 /home/sumanguru/Documents/SimplicityStudio_v3/developer/toolchains/gnu_arm/4.8_2013q4/bin/../lib/gcc/arm-none-eabi/4.8.3/armv7-m/crtend.o
 .data          0x00000000        0x0 /home/sumanguru/Documents/SimplicityStudio_v3/developer/toolchains/gnu_arm/4.8_2013q4/bin/../lib/gcc/arm-none-eabi/4.8.3/armv7-m/crtend.o
 .bss           0x00000000        0x0 /home/sumanguru/Documents/SimplicityStudio_v3/developer/toolchains/gnu_arm/4.8_2013q4/bin/../lib/gcc/arm-none-eabi/4.8.3/armv7-m/crtend.o
 .jcr           0x00000000        0x4 /home/sumanguru/Documents/SimplicityStudio_v3/developer/toolchains/gnu_arm/4.8_2013q4/bin/../lib/gcc/arm-none-eabi/4.8.3/armv7-m/crtend.o
 .text          0x00000000        0x0 /home/sumanguru/Documents/SimplicityStudio_v3/developer/toolchains/gnu_arm/4.8_2013q4/bin/../lib/gcc/arm-none-eabi/4.8.3/armv7-m/crtn.o
 .data          0x00000000        0x0 /home/sumanguru/Documents/SimplicityStudio_v3/developer/toolchains/gnu_arm/4.8_2013q4/bin/../lib/gcc/arm-none-eabi/4.8.3/armv7-m/crtn.o
 .bss           0x00000000        0x0 /home/sumanguru/Documents/SimplicityStudio_v3/developer/toolchains/gnu_arm/4.8_2013q4/bin/../lib/gcc/arm-none-eabi/4.8.3/armv7-m/crtn.o

Memory Configuration

Name             Origin             Length             Attributes
FLASH            0x00004000         0x00096000         xr
RAM              0x20000000         0x00020000         xrw
*default*        0x00000000         0xffffffff

Linker script and memory map

LOAD /home/sumanguru/Documents/SimplicityStudio_v3/developer/toolchains/gnu_arm/4.8_2013q4/bin/../lib/gcc/arm-none-eabi/4.8.3/armv7-m/crti.o
LOAD /home/sumanguru/Documents/SimplicityStudio_v3/developer/toolchains/gnu_arm/4.8_2013q4/bin/../lib/gcc/arm-none-eabi/4.8.3/armv7-m/crtbegin.o
LOAD /home/sumanguru/Documents/SimplicityStudio_v3/developer/toolchains/gnu_arm/4.8_2013q4/bin/../lib/gcc/arm-none-eabi/4.8.3/../../../../arm-none-eabi/lib/armv7-m/crt0.o
LOAD ./src/udelay.o
LOAD ./src/AFE4490.o
LOAD ./src/BQ25010.o
LOAD ./src/BQ27421.o
LOAD ./src/InitDevice.o
LOAD ./src/MPU9250.o
LOAD ./src/Graphics.o
LOAD ./src/main.o
LOAD ./emlib/em_burtc.o
LOAD ./emlib/em_cmu.o
LOAD ./emlib/em_emu.o
LOAD ./emlib/em_gpio.o
LOAD ./emlib/em_i2c.o
LOAD ./emlib/em_rmu.o
LOAD ./emlib/em_rtc.o
LOAD ./emlib/em_system.o
LOAD ./emlib/em_usart.o
LOAD ./CMSIS/efm32gg/startup_gcc_efm32gg.o
LOAD ./CMSIS/efm32gg/system_efm32gg.o
LOAD ./src/mdelay.o
LOAD ./src/EEPROM.o
LOAD ./src/rtc.o
LOAD ./src/LS013_MD.o
START GROUP
LOAD /home/sumanguru/Documents/SimplicityStudio_v3/developer/toolchains/gnu_arm/4.8_2013q4/bin/../lib/gcc/arm-none-eabi/4.8.3/armv7-m/libgcc.a
LOAD /home/sumanguru/Documents/SimplicityStudio_v3/developer/toolchains/gnu_arm/4.8_2013q4/bin/../lib/gcc/arm-none-eabi/4.8.3/../../../../arm-none-eabi/lib/armv7-m/libc_s.a
LOAD /home/sumanguru/Documents/SimplicityStudio_v3/developer/toolchains/gnu_arm/4.8_2013q4/bin/../lib/gcc/arm-none-eabi/4.8.3/../../../../arm-none-eabi/lib/armv7-m/libnosys.a
END GROUP
START GROUP
LOAD /home/sumanguru/Documents/SimplicityStudio_v3/developer/toolchains/gnu_arm/4.8_2013q4/bin/../lib/gcc/arm-none-eabi/4.8.3/armv7-m/libgcc.a
LOAD /home/sumanguru/Documents/SimplicityStudio_v3/developer/toolchains/gnu_arm/4.8_2013q4/bin/../lib/gcc/arm-none-eabi/4.8.3/../../../../arm-none-eabi/lib/armv7-m/libg_s.a
LOAD /home/sumanguru/Documents/SimplicityStudio_v3/developer/toolchains/gnu_arm/4.8_2013q4/bin/../lib/gcc/arm-none-eabi/4.8.3/../../../../arm-none-eabi/lib/armv7-m/libc_s.a
END GROUP
START GROUP
LOAD /home/sumanguru/Documents/SimplicityStudio_v3/developer/toolchains/gnu_arm/4.8_2013q4/bin/../lib/gcc/arm-none-eabi/4.8.3/armv7-m/libgcc.a
LOAD /home/sumanguru/Documents/SimplicityStudio_v3/developer/toolchains/gnu_arm/4.8_2013q4/bin/../lib/gcc/arm-none-eabi/4.8.3/../../../../arm-none-eabi/lib/armv7-m/libc_s.a
END GROUP
LOAD /home/sumanguru/Documents/SimplicityStudio_v3/developer/toolchains/gnu_arm/4.8_2013q4/bin/../lib/gcc/arm-none-eabi/4.8.3/armv7-m/crtend.o
LOAD /home/sumanguru/Documents/SimplicityStudio_v3/developer/toolchains/gnu_arm/4.8_2013q4/bin/../lib/gcc/arm-none-eabi/4.8.3/armv7-m/crtn.o

.text           0x00004000     0x2490
 *(.isr_vector)
 .isr_vector    0x00004000      0x100 ./CMSIS/efm32gg/startup_gcc_efm32gg.o
                0x00004000                __isr_vector
 *(.text*)
 .text          0x00004100       0x54 /home/sumanguru/Documents/SimplicityStudio_v3/developer/toolchains/gnu_arm/4.8_2013q4/bin/../lib/gcc/arm-none-eabi/4.8.3/armv7-m/crtbegin.o
 .text          0x00004154       0x74 /home/sumanguru/Documents/SimplicityStudio_v3/developer/toolchains/gnu_arm/4.8_2013q4/bin/../lib/gcc/arm-none-eabi/4.8.3/../../../../arm-none-eabi/lib/armv7-m/crt0.o
                0x00004154                _mainCRTStartup
                0x00004154                _start
 .text.TIMER_CounterSet
                0x000041c8       0x1c ./src/udelay.o
 .text.UDELAY_Calibrate
                0x000041e4       0x10 ./src/udelay.o
                0x000041e4                UDELAY_Calibrate
 .text.UDELAY_Delay
                0x000041f4       0x40 ./src/udelay.o
                0x000041f4                UDELAY_Delay
 .text.enter_DefaultMode_from_RESET
                0x00004234       0x30 ./src/InitDevice.o
                0x00004234                enter_DefaultMode_from_RESET
 .text.CMU_enter_DefaultMode_from_RESET
                0x00004264       0x78 ./src/InitDevice.o
                0x00004264                CMU_enter_DefaultMode_from_RESET
 .text.BURTC_enter_DefaultMode_from_RESET
                0x000042dc       0x74 ./src/InitDevice.o
                0x000042dc                BURTC_enter_DefaultMode_from_RESET
 .text.HFXO_enter_DefaultMode_from_RESET
                0x00004350       0x2c ./src/InitDevice.o
                0x00004350                HFXO_enter_DefaultMode_from_RESET
 .text.LFXO_enter_DefaultMode_from_RESET
                0x0000437c       0x28 ./src/InitDevice.o
                0x0000437c                LFXO_enter_DefaultMode_from_RESET
 .text.RTC_enter_DefaultMode_from_RESET
                0x000043a4       0x2c ./src/InitDevice.o
                0x000043a4                RTC_enter_DefaultMode_from_RESET
 .text.USART0_enter_DefaultMode_from_RESET
                0x000043d0       0x7c ./src/InitDevice.o
                0x000043d0                USART0_enter_DefaultMode_from_RESET
 .text.USART1_enter_DefaultMode_from_RESET
                0x0000444c       0x7c ./src/InitDevice.o
                0x0000444c                USART1_enter_DefaultMode_from_RESET
 .text.I2C0_enter_DefaultMode_from_RESET
                0x000044c8       0x3c ./src/InitDevice.o
                0x000044c8                I2C0_enter_DefaultMode_from_RESET
 .text.I2C1_enter_DefaultMode_from_RESET
                0x00004504       0x3c ./src/InitDevice.o
                0x00004504                I2C1_enter_DefaultMode_from_RESET
 .text.PORTIO_enter_DefaultMode_from_RESET
                0x00004540      0x33c ./src/InitDevice.o
                0x00004540                PORTIO_enter_DefaultMode_from_RESET
 .text.CHIP_Init
                0x0000487c       0x40 ./src/main.o
 .text.main     0x000048bc      0x120 ./src/main.o
                0x000048bc                main
 .text.BITBAND_Peripheral
                0x000049dc       0x2c ./emlib/em_burtc.o
 .text.BURTC_IntClear
                0x00004a08       0x1c ./emlib/em_burtc.o
 .text.BURTC_Enable
                0x00004a24       0x50 ./emlib/em_burtc.o
 .text.BURTC_FreezeEnable
                0x00004a74       0x20 ./emlib/em_burtc.o
 .text.BURTC_DivToLog2
                0x00004a94       0x3c ./emlib/em_burtc.o
 .text.BURTC_Sync
                0x00004ad0       0x40 ./emlib/em_burtc.o
 .text.BURTC_Init
                0x00004b10       0xe8 ./emlib/em_burtc.o
                0x00004b10                BURTC_Init
 .text.BURTC_CompareSet
                0x00004bf8       0x20 ./emlib/em_burtc.o
                0x00004bf8                BURTC_CompareSet
 .text.BITBAND_Peripheral
                0x00004c18       0x2c ./emlib/em_cmu.o
 .text.CMU_MaxFreqHfle
                0x00004c44       0x8c ./emlib/em_cmu.o
 .text.CMU_FlashWaitStateControl
                0x00004cd0       0xb8 ./emlib/em_cmu.o
 .text.CMU_FlashWaitStateMax
                0x00004d88       0x1c ./emlib/em_cmu.o
 .text.CMU_USBCClkGet
                0x00004da4       0x4c ./emlib/em_cmu.o
 .text.CMU_AUXClkGet
                0x00004df0       0x8c ./emlib/em_cmu.o
 .text.CMU_DBGClkGet
                0x00004e7c       0x58 ./emlib/em_cmu.o
 .text.CMU_LFClkGet
                0x00004ed4       0xb4 ./emlib/em_cmu.o
 .text.CMU_Sync
                0x00004f88       0x34 ./emlib/em_cmu.o
 .text.CMU_ClockEnable
                0x00004fbc       0xe0 ./emlib/em_cmu.o
                0x00004fbc                CMU_ClockEnable
 .text.CMU_ClockFreqGet
                0x0000509c      0x190 ./emlib/em_cmu.o
                0x0000509c                CMU_ClockFreqGet
 .text.CMU_ClockSelectGet
                0x0000522c      0x164 ./emlib/em_cmu.o
                0x0000522c                CMU_ClockSelectGet
 .text.CMU_ClockSelectSet
                0x00005390      0x29c ./emlib/em_cmu.o
                0x00005390                CMU_ClockSelectSet
 .text.CMU_OscillatorEnable
                0x0000562c       0xc0 ./emlib/em_cmu.o
                0x0000562c                CMU_OscillatorEnable
 .text.EMU_UpdateOscConfig
                0x000056ec       0x1c ./emlib/em_emu.o
                0x000056ec                EMU_UpdateOscConfig
 .text.BITBAND_Peripheral
                0x00005708       0x2c ./emlib/em_i2c.o
 .text.I2C_BusFreqSet
                0x00005734       0x88 ./emlib/em_i2c.o
                0x00005734                I2C_BusFreqSet
 .text.I2C_Init
                0x000057bc       0x78 ./emlib/em_i2c.o
                0x000057bc                I2C_Init
 .text.BITBAND_Peripheral
                0x00005834       0x2c ./emlib/em_rmu.o
 .text.RMU_ResetControl
                0x00005860       0x28 ./emlib/em_rmu.o
                0x00005860                RMU_ResetControl
 .text.RTC_Init
                0x00005888       0x50 ./emlib/em_rtc.o
                0x00005888                RTC_Init
 .text.SYSTEM_ChipRevisionGet
                0x000058d8       0x74 ./emlib/em_system.o
                0x000058d8                SYSTEM_ChipRevisionGet
 .text.USART_BaudrateSyncSet
                0x0000594c       0x6c ./emlib/em_usart.o
                0x0000594c                USART_BaudrateSyncSet
 .text.USART_InitSync
                0x000059b8       0xc8 ./emlib/em_usart.o
                0x000059b8                USART_InitSync
 .text.USART_InitPrsTrigger
                0x00005a80       0x60 ./emlib/em_usart.o
                0x00005a80                USART_InitPrsTrigger
 .text.USART_Reset
                0x00005ae0       0x98 ./emlib/em_usart.o
                0x00005ae0                USART_Reset
 .text.USART_TxDouble
                0x00005b78       0x2c ./emlib/em_usart.o
                0x00005b78                USART_TxDouble
 .text          0x00005ba4       0x98 ./CMSIS/efm32gg/startup_gcc_efm32gg.o
                0x00005ba4                Reset_Handler
                0x00005bd8                Default_Handler
                0x00005bda                NMI_Handler
                0x00005bdc                HardFault_Handler
                0x00005bde                MemManage_Handler
                0x00005be0                BusFault_Handler
                0x00005be2                UsageFault_Handler
                0x00005be4                SVC_Handler
                0x00005be6                DebugMon_Handler
                0x00005be8                PendSV_Handler
                0x00005bea                SysTick_Handler
                0x00005bec                DMA_IRQHandler
                0x00005bee                GPIO_EVEN_IRQHandler
                0x00005bf0                TIMER0_IRQHandler
                0x00005bf2                USART0_RX_IRQHandler
                0x00005bf4                USART0_TX_IRQHandler
                0x00005bf6                USB_IRQHandler
                0x00005bf8                ACMP0_IRQHandler
                0x00005bfa                ADC0_IRQHandler
                0x00005bfc                DAC0_IRQHandler
                0x00005bfe                I2C0_IRQHandler
                0x00005c00                I2C1_IRQHandler
                0x00005c02                GPIO_ODD_IRQHandler
                0x00005c04                TIMER1_IRQHandler
                0x00005c06                TIMER2_IRQHandler
                0x00005c08                TIMER3_IRQHandler
                0x00005c0a                USART1_RX_IRQHandler
                0x00005c0c                USART1_TX_IRQHandler
                0x00005c0e                LESENSE_IRQHandler
                0x00005c10                USART2_RX_IRQHandler
                0x00005c12                USART2_TX_IRQHandler
                0x00005c14                UART0_RX_IRQHandler
                0x00005c16                UART0_TX_IRQHandler
                0x00005c18                UART1_RX_IRQHandler
                0x00005c1a                UART1_TX_IRQHandler
                0x00005c1c                LEUART0_IRQHandler
                0x00005c1e                LEUART1_IRQHandler
                0x00005c20                LETIMER0_IRQHandler
                0x00005c22                PCNT0_IRQHandler
                0x00005c24                PCNT1_IRQHandler
                0x00005c26                PCNT2_IRQHandler
                0x00005c2a                BURTC_IRQHandler
                0x00005c2c                CMU_IRQHandler
                0x00005c2e                VCMP_IRQHandler
                0x00005c30                LCD_IRQHandler
                0x00005c32                MSC_IRQHandler
                0x00005c34                AES_IRQHandler
                0x00005c36                EBI_IRQHandler
                0x00005c38                EMU_IRQHandler
 .text.GetProdRev
                0x00005c3c       0x1c ./CMSIS/efm32gg/system_efm32gg.o
 .text.SystemCoreClockGet
                0x00005c58       0x48 ./CMSIS/efm32gg/system_efm32gg.o
                0x00005c58                SystemCoreClockGet
 .text.SystemHFClockGet
                0x00005ca0       0xf0 ./CMSIS/efm32gg/system_efm32gg.o
                0x00005ca0                SystemHFClockGet
 .text.SystemHFXOClockGet
                0x00005d90       0x18 ./CMSIS/efm32gg/system_efm32gg.o
                0x00005d90                SystemHFXOClockGet
 .text.SystemHFXOClockSet
                0x00005da8       0x2c ./CMSIS/efm32gg/system_efm32gg.o
                0x00005da8                SystemHFXOClockSet
 .text.SystemInit
                0x00005dd4        0xc ./CMSIS/efm32gg/system_efm32gg.o
                0x00005dd4                SystemInit
 .text.SystemLFRCOClockGet
                0x00005de0       0x14 ./CMSIS/efm32gg/system_efm32gg.o
                0x00005de0                SystemLFRCOClockGet
 .text.SystemULFRCOClockGet
                0x00005df4       0x14 ./CMSIS/efm32gg/system_efm32gg.o
                0x00005df4                SystemULFRCOClockGet
 .text.SystemLFXOClockGet
                0x00005e08       0x18 ./CMSIS/efm32gg/system_efm32gg.o
                0x00005e08                SystemLFXOClockGet
 .text.RTC_IntClear
                0x00005e20       0x1c ./src/rtc.o
 .text.RTC_IRQHandler
                0x00005e3c       0x60 ./src/rtc.o
                0x00005e3c                RTC_IRQHandler
 .text.GPIO_PinOutClear
                0x00005e9c       0x44 ./src/LS013_MD.o
 .text.GPIO_PinOutSet
                0x00005ee0       0x44 ./src/LS013_MD.o
 .text.LS013_ClearBuffer
                0x00005f24       0x34 ./src/LS013_MD.o
                0x00005f24                LS013_ClearBuffer
 .text.LS013_DispSpiTransmit
                0x00005f58       0x4c ./src/LS013_MD.o
                0x00005f58                LS013_DispSpiTransmit
 .text.LS013_DrawLines
                0x00005fa4       0x98 ./src/LS013_MD.o
                0x00005fa4                LS013_DrawLines
 .text.LS013_ClearDisp
                0x0000603c       0x4c ./src/LS013_MD.o
                0x0000603c                LS013_ClearDisp
 .text.LS013_Init
                0x00006088       0x10 ./src/LS013_MD.o
                0x00006088                LS013_Init
 .text.LS013_Refresh
                0x00006098      0x12c ./src/LS013_MD.o
                0x00006098                LS013_Refresh
 .text.LS013_ClearBufferArea
                0x000061c4       0xd8 ./src/LS013_MD.o
                0x000061c4                LS013_ClearBufferArea
 .text.LS013_DrawSprite
                0x0000629c       0xf4 ./src/LS013_MD.o
                0x0000629c                LS013_DrawSprite
 .text.LS013_Enable
                0x00006390       0x10 ./src/LS013_MD.o
                0x00006390                LS013_Enable
 .text.exit     0x000063a0       0x28 /home/sumanguru/Documents/SimplicityStudio_v3/developer/toolchains/gnu_arm/4.8_2013q4/bin/../lib/gcc/arm-none-eabi/4.8.3/../../../../arm-none-eabi/lib/armv7-m/libc_s.a(lib_a-exit.o)
                0x000063a0                exit
 .text.__libc_init_array
                0x000063c8       0x4c /home/sumanguru/Documents/SimplicityStudio_v3/developer/toolchains/gnu_arm/4.8_2013q4/bin/../lib/gcc/arm-none-eabi/4.8.3/../../../../arm-none-eabi/lib/armv7-m/libc_s.a(lib_a-init.o)
                0x000063c8                __libc_init_array
 .text.memset   0x00006414       0x10 /home/sumanguru/Documents/SimplicityStudio_v3/developer/toolchains/gnu_arm/4.8_2013q4/bin/../lib/gcc/arm-none-eabi/4.8.3/../../../../arm-none-eabi/lib/armv7-m/libc_s.a(lib_a-memset.o)
                0x00006414                memset
 .text._exit    0x00006424        0x4 /home/sumanguru/Documents/SimplicityStudio_v3/developer/toolchains/gnu_arm/4.8_2013q4/bin/../lib/gcc/arm-none-eabi/4.8.3/../../../../arm-none-eabi/lib/armv7-m/libnosys.a(_exit.o)
                0x00006424                _exit
 *(.init)
 .init          0x00006428        0x4 /home/sumanguru/Documents/SimplicityStudio_v3/developer/toolchains/gnu_arm/4.8_2013q4/bin/../lib/gcc/arm-none-eabi/4.8.3/armv7-m/crti.o
                0x00006428                _init
 .init          0x0000642c        0x8 /home/sumanguru/Documents/SimplicityStudio_v3/developer/toolchains/gnu_arm/4.8_2013q4/bin/../lib/gcc/arm-none-eabi/4.8.3/armv7-m/crtn.o
 *(.fini)
 .fini          0x00006434        0x4 /home/sumanguru/Documents/SimplicityStudio_v3/developer/toolchains/gnu_arm/4.8_2013q4/bin/../lib/gcc/arm-none-eabi/4.8.3/armv7-m/crti.o
                0x00006434                _fini
 .fini          0x00006438        0x8 /home/sumanguru/Documents/SimplicityStudio_v3/developer/toolchains/gnu_arm/4.8_2013q4/bin/../lib/gcc/arm-none-eabi/4.8.3/armv7-m/crtn.o
 *crtbegin.o(.ctors)
 *crtbegin?.o(.ctors)
 *(EXCLUDE_FILE(*crtend.o *crtend?.o) .ctors)
 *(SORT(.ctors.*))
 *(.ctors)
 *crtbegin.o(.dtors)
 *crtbegin?.o(.dtors)
 *(EXCLUDE_FILE(*crtend.o *crtend?.o) .dtors)
 *(SORT(.dtors.*))
 *(.dtors)
 *(.rodata*)
 .rodata        0x00006440       0x40 ./src/InitDevice.o
 .rodata.i2cNSum
                0x00006480        0x4 ./emlib/em_i2c.o
 .rodata.str1.1
                0x00006484        0x2 /home/sumanguru/Documents/SimplicityStudio_v3/developer/toolchains/gnu_arm/4.8_2013q4/bin/../lib/gcc/arm-none-eabi/4.8.3/../../../../arm-none-eabi/lib/armv7-m/libc_s.a(lib_a-impure.o)
 *fill*         0x00006486        0x2 
 .rodata._global_impure_ptr
                0x00006488        0x4 /home/sumanguru/Documents/SimplicityStudio_v3/developer/toolchains/gnu_arm/4.8_2013q4/bin/../lib/gcc/arm-none-eabi/4.8.3/../../../../arm-none-eabi/lib/armv7-m/libc_s.a(lib_a-impure.o)
                0x00006488                _global_impure_ptr
 *(.eh_frame*)
 .eh_frame      0x0000648c        0x0 /home/sumanguru/Documents/SimplicityStudio_v3/developer/toolchains/gnu_arm/4.8_2013q4/bin/../lib/gcc/arm-none-eabi/4.8.3/armv7-m/crtbegin.o
 .eh_frame      0x0000648c        0x4 /home/sumanguru/Documents/SimplicityStudio_v3/developer/toolchains/gnu_arm/4.8_2013q4/bin/../lib/gcc/arm-none-eabi/4.8.3/armv7-m/crtend.o

.glue_7         0x00006490        0x0
 .glue_7        0x00000000        0x0 linker stubs

.glue_7t        0x00006490        0x0
 .glue_7t       0x00000000        0x0 linker stubs

.vfp11_veneer   0x00006490        0x0
 .vfp11_veneer  0x00000000        0x0 linker stubs

.v4_bx          0x00006490        0x0
 .v4_bx         0x00000000        0x0 linker stubs

.iplt           0x00006490        0x0
 .iplt          0x00000000        0x0 /home/sumanguru/Documents/SimplicityStudio_v3/developer/toolchains/gnu_arm/4.8_2013q4/bin/../lib/gcc/arm-none-eabi/4.8.3/armv7-m/crtbegin.o

.ARM.extab
 *(.ARM.extab* .gnu.linkonce.armextab.*)
                0x00006490                __exidx_start = .

.ARM.exidx      0x00006490        0x8
 *(.ARM.exidx* .gnu.linkonce.armexidx.*)
 .ARM.exidx     0x00006490        0x8 /home/sumanguru/Documents/SimplicityStudio_v3/developer/toolchains/gnu_arm/4.8_2013q4/bin/../lib/gcc/arm-none-eabi/4.8.3/../../../../arm-none-eabi/lib/armv7-m/crt0.o
                0x00006498                __exidx_end = .
                0x00006498                __etext = .

.rel.dyn        0x00006498        0x0
 .rel.iplt      0x00000000        0x0 /home/sumanguru/Documents/SimplicityStudio_v3/developer/toolchains/gnu_arm/4.8_2013q4/bin/../lib/gcc/arm-none-eabi/4.8.3/armv7-m/crtbegin.o

.data           0x20000000       0x74 load address 0x00006498
                0x20000000                __data_start__ = .
 *(vtable)
 *(.data*)
 .data.SystemHFXOClock
                0x20000000        0x4 ./CMSIS/efm32gg/system_efm32gg.o
 .data.SystemLFXOClock
                0x20000004        0x4 ./CMSIS/efm32gg/system_efm32gg.o
 .data.hours    0x20000008        0x4 ./src/rtc.o
                0x20000008                hours
 .data.impure_data
                0x2000000c       0x60 /home/sumanguru/Documents/SimplicityStudio_v3/developer/toolchains/gnu_arm/4.8_2013q4/bin/../lib/gcc/arm-none-eabi/4.8.3/../../../../arm-none-eabi/lib/armv7-m/libc_s.a(lib_a-impure.o)
                0x2000006c                . = ALIGN (0x4)
 *(.ram)
                0x2000006c                . = ALIGN (0x4)
                0x2000006c                PROVIDE (__preinit_array_start, .)
 *(.preinit_array)
                0x2000006c                PROVIDE (__preinit_array_end, .)
                0x2000006c                . = ALIGN (0x4)
                0x2000006c                PROVIDE (__init_array_start, .)
 *(SORT(.init_array.*))
 *(.init_array)
 .init_array    0x2000006c        0x4 /home/sumanguru/Documents/SimplicityStudio_v3/developer/toolchains/gnu_arm/4.8_2013q4/bin/../lib/gcc/arm-none-eabi/4.8.3/armv7-m/crtbegin.o
                0x20000070                PROVIDE (__init_array_end, .)
                0x20000070                . = ALIGN (0x4)
                0x20000070                PROVIDE (__fini_array_start, .)
 *(SORT(.fini_array.*))
 *(.fini_array)
 .fini_array    0x20000070        0x4 /home/sumanguru/Documents/SimplicityStudio_v3/developer/toolchains/gnu_arm/4.8_2013q4/bin/../lib/gcc/arm-none-eabi/4.8.3/armv7-m/crtbegin.o
                0x20000074                PROVIDE (__fini_array_end, .)
                0x20000074                . = ALIGN (0x4)
                0x20000074                __data_end__ = .

.jcr            0x20000074        0x0 load address 0x0000650c
 .jcr           0x20000074        0x0 /home/sumanguru/Documents/SimplicityStudio_v3/developer/toolchains/gnu_arm/4.8_2013q4/bin/../lib/gcc/arm-none-eabi/4.8.3/armv7-m/crtbegin.o

.igot.plt       0x20000074        0x0 load address 0x0000650c
 .igot.plt      0x00000000        0x0 /home/sumanguru/Documents/SimplicityStudio_v3/developer/toolchains/gnu_arm/4.8_2013q4/bin/../lib/gcc/arm-none-eabi/4.8.3/armv7-m/crtbegin.o

.bss            0x20000074      0x510 load address 0x0000650c
                0x20000074                __bss_start__ = .
 *(.bss*)
 .bss           0x20000074       0x1c /home/sumanguru/Documents/SimplicityStudio_v3/developer/toolchains/gnu_arm/4.8_2013q4/bin/../lib/gcc/arm-none-eabi/4.8.3/armv7-m/crtbegin.o
 .bss.cmuStatus
                0x20000090        0x4 ./emlib/em_emu.o
 .bss.minutes   0x20000094        0x4 ./src/rtc.o
                0x20000094                minutes
 .bss.seconds   0x20000098        0x4 ./src/rtc.o
                0x20000098                seconds
 .bss.framebuffer
                0x2000009c      0x480 ./src/LS013_MD.o
 .bss.linestorender
                0x2000051c       0x60 ./src/LS013_MD.o
 .bss.mode_static
                0x2000057c        0x1 ./src/LS013_MD.o
 *(COMMON)
 *fill*         0x2000057d        0x3 
 COMMON         0x20000580        0x4 ./CMSIS/efm32gg/system_efm32gg.o
                0x20000580                SystemCoreClock
                0x20000584                __bss_end__ = .

.heap           0x20000588      0xc00
                0x20000588                __end__ = .
                0x20000588                end = __end__
                0x20000588                _end = __end__
 *(.heap*)
 .heap          0x20000588      0xc00 ./CMSIS/efm32gg/startup_gcc_efm32gg.o
                0x20000588                __HeapBase
                0x20001188                __HeapLimit = .

.stack_dummy    0x20000588      0x400
 *(.stack)
 .stack         0x20000588      0x400 ./CMSIS/efm32gg/startup_gcc_efm32gg.o
                0x20020000                __StackTop = (ORIGIN (RAM) + 0x20000)
                0x2001fc00                __StackLimit = (__StackTop - SIZEOF (.stack_dummy))
                0x20020000                PROVIDE (__stack, __StackTop)
                0x00000001                ASSERT ((__StackLimit >= __HeapLimit), region RAM overflowed with stack)
                0x00000001                ASSERT ((0x96000 >= (__etext + SIZEOF (.data))), FLASH memory overflowed !)
OUTPUT(Anastasia.axf elf32-littlearm)

.ARM.attributes
                0x00000000       0x29
 .ARM.attributes
                0x00000000       0x1d /home/sumanguru/Documents/SimplicityStudio_v3/developer/toolchains/gnu_arm/4.8_2013q4/bin/../lib/gcc/arm-none-eabi/4.8.3/armv7-m/crti.o
 .ARM.attributes
                0x0000001d       0x2d /home/sumanguru/Documents/SimplicityStudio_v3/developer/toolchains/gnu_arm/4.8_2013q4/bin/../lib/gcc/arm-none-eabi/4.8.3/armv7-m/crtbegin.o
 .ARM.attributes
                0x0000004a       0x1b /home/sumanguru/Documents/SimplicityStudio_v3/developer/toolchains/gnu_arm/4.8_2013q4/bin/../lib/gcc/arm-none-eabi/4.8.3/../../../../arm-none-eabi/lib/armv7-m/crt0.o
 .ARM.attributes
                0x00000065       0x33 ./src/udelay.o
 .ARM.attributes
                0x00000098       0x33 ./src/InitDevice.o
 .ARM.attributes
                0x000000cb       0x33 ./src/main.o
 .ARM.attributes
                0x000000fe       0x33 ./emlib/em_burtc.o
 .ARM.attributes
                0x00000131       0x33 ./emlib/em_cmu.o
 .ARM.attributes
                0x00000164       0x33 ./emlib/em_emu.o
 .ARM.attributes
                0x00000197       0x33 ./emlib/em_i2c.o
 .ARM.attributes
                0x000001ca       0x33 ./emlib/em_rmu.o
 .ARM.attributes
                0x000001fd       0x33 ./emlib/em_rtc.o
 .ARM.attributes
                0x00000230       0x33 ./emlib/em_system.o
 .ARM.attributes
                0x00000263       0x33 ./emlib/em_usart.o
 .ARM.attributes
                0x00000296       0x1b ./CMSIS/efm32gg/startup_gcc_efm32gg.o
 .ARM.attributes
                0x000002b1       0x33 ./CMSIS/efm32gg/system_efm32gg.o
 .ARM.attributes
                0x000002e4       0x33 ./src/rtc.o
 .ARM.attributes
                0x00000317       0x33 ./src/LS013_MD.o
 .ARM.attributes
                0x0000034a       0x2d /home/sumanguru/Documents/SimplicityStudio_v3/developer/toolchains/gnu_arm/4.8_2013q4/bin/../lib/gcc/arm-none-eabi/4.8.3/../../../../arm-none-eabi/lib/armv7-m/libc_s.a(lib_a-exit.o)
 .ARM.attributes
                0x00000377       0x2d /home/sumanguru/Documents/SimplicityStudio_v3/developer/toolchains/gnu_arm/4.8_2013q4/bin/../lib/gcc/arm-none-eabi/4.8.3/../../../../arm-none-eabi/lib/armv7-m/libc_s.a(lib_a-impure.o)
 .ARM.attributes
                0x000003a4       0x2d /home/sumanguru/Documents/SimplicityStudio_v3/developer/toolchains/gnu_arm/4.8_2013q4/bin/../lib/gcc/arm-none-eabi/4.8.3/../../../../arm-none-eabi/lib/armv7-m/libc_s.a(lib_a-init.o)
 .ARM.attributes
                0x000003d1       0x2d /home/sumanguru/Documents/SimplicityStudio_v3/developer/toolchains/gnu_arm/4.8_2013q4/bin/../lib/gcc/arm-none-eabi/4.8.3/../../../../arm-none-eabi/lib/armv7-m/libc_s.a(lib_a-memset.o)
 .ARM.attributes
                0x000003fe       0x2d /home/sumanguru/Documents/SimplicityStudio_v3/developer/toolchains/gnu_arm/4.8_2013q4/bin/../lib/gcc/arm-none-eabi/4.8.3/../../../../arm-none-eabi/lib/armv7-m/libnosys.a(_exit.o)
 .ARM.attributes
                0x0000042b       0x2d /home/sumanguru/Documents/SimplicityStudio_v3/developer/toolchains/gnu_arm/4.8_2013q4/bin/../lib/gcc/arm-none-eabi/4.8.3/armv7-m/crtend.o
 .ARM.attributes
                0x00000458       0x1d /home/sumanguru/Documents/SimplicityStudio_v3/developer/toolchains/gnu_arm/4.8_2013q4/bin/../lib/gcc/arm-none-eabi/4.8.3/armv7-m/crtn.o

.comment        0x00000000       0x70
 .comment       0x00000000       0x70 ./src/udelay.o
                                 0x71 (size before relaxing)
 .comment       0x00000000       0x71 ./src/InitDevice.o
 .comment       0x00000000       0x71 ./src/main.o
 .comment       0x00000000       0x71 ./emlib/em_burtc.o
 .comment       0x00000000       0x71 ./emlib/em_cmu.o
 .comment       0x00000000       0x71 ./emlib/em_emu.o
 .comment       0x00000000       0x71 ./emlib/em_i2c.o
 .comment       0x00000000       0x71 ./emlib/em_rmu.o
 .comment       0x00000000       0x71 ./emlib/em_rtc.o
 .comment       0x00000000       0x71 ./emlib/em_system.o
 .comment       0x00000000       0x71 ./emlib/em_usart.o
 .comment       0x00000000       0x71 ./CMSIS/efm32gg/system_efm32gg.o
 .comment       0x00000000       0x71 ./src/rtc.o
 .comment       0x00000000       0x71 ./src/LS013_MD.o

.debug_info     0x00000000     0x6f28
 .debug_info    0x00000000      0x301 ./src/udelay.o
 .debug_info    0x00000301     0x112b ./src/InitDevice.o
 .debug_info    0x0000142c      0x21d ./src/main.o
 .debug_info    0x00001649      0x66f ./emlib/em_burtc.o
 .debug_info    0x00001cb8     0x10bb ./emlib/em_cmu.o
 .debug_info    0x00002d73      0xd9f ./emlib/em_emu.o
 .debug_info    0x00003b12      0x7bd ./emlib/em_i2c.o
 .debug_info    0x000042cf      0x3cd ./emlib/em_rmu.o
 .debug_info    0x0000469c      0x32d ./emlib/em_rtc.o
 .debug_info    0x000049c9      0x245 ./emlib/em_system.o
 .debug_info    0x00004c0e      0xe4a ./emlib/em_usart.o
 .debug_info    0x00005a58       0xb2 ./CMSIS/efm32gg/startup_gcc_efm32gg.o
 .debug_info    0x00005b0a      0x56a ./CMSIS/efm32gg/system_efm32gg.o
 .debug_info    0x00006074      0x51c ./src/rtc.o
 .debug_info    0x00006590      0x998 ./src/LS013_MD.o

.debug_abbrev   0x00000000     0x184e
 .debug_abbrev  0x00000000      0x135 ./src/udelay.o
 .debug_abbrev  0x00000135      0x197 ./src/InitDevice.o
 .debug_abbrev  0x000002cc       0xfd ./src/main.o
 .debug_abbrev  0x000003c9      0x226 ./emlib/em_burtc.o
 .debug_abbrev  0x000005ef      0x2e4 ./emlib/em_cmu.o
 .debug_abbrev  0x000008d3      0x263 ./emlib/em_emu.o
 .debug_abbrev  0x00000b36      0x234 ./emlib/em_i2c.o
 .debug_abbrev  0x00000d6a      0x154 ./emlib/em_rmu.o
 .debug_abbrev  0x00000ebe      0x198 ./emlib/em_rtc.o
 .debug_abbrev  0x00001056       0xef ./emlib/em_system.o
 .debug_abbrev  0x00001145      0x1ba ./emlib/em_usart.o
 .debug_abbrev  0x000012ff       0x14 ./CMSIS/efm32gg/startup_gcc_efm32gg.o
 .debug_abbrev  0x00001313      0x1a5 ./CMSIS/efm32gg/system_efm32gg.o
 .debug_abbrev  0x000014b8      0x1aa ./src/rtc.o
 .debug_abbrev  0x00001662      0x1ec ./src/LS013_MD.o

.debug_loc      0x00000000     0x2456
 .debug_loc     0x00000000       0x9c ./src/udelay.o
 .debug_loc     0x0000009c      0x5c8 ./src/InitDevice.o
 .debug_loc     0x00000664       0x70 ./src/main.o
 .debug_loc     0x000006d4      0x2cc ./emlib/em_burtc.o
 .debug_loc     0x000009a0      0x708 ./emlib/em_cmu.o
 .debug_loc     0x000010a8      0x3b4 ./emlib/em_emu.o
 .debug_loc     0x0000145c      0x1c0 ./emlib/em_i2c.o
 .debug_loc     0x0000161c      0x138 ./emlib/em_rmu.o
 .debug_loc     0x00001754      0x1a8 ./emlib/em_rtc.o
 .debug_loc     0x000018fc       0x70 ./emlib/em_system.o
 .debug_loc     0x0000196c      0x460 ./emlib/em_usart.o
 .debug_loc     0x00001dcc      0x1e8 ./CMSIS/efm32gg/system_efm32gg.o
 .debug_loc     0x00001fb4      0x144 ./src/rtc.o
 .debug_loc     0x000020f8      0x35e ./src/LS013_MD.o

.debug_aranges  0x00000000      0x6f8
 .debug_aranges
                0x00000000       0x30 ./src/udelay.o
 .debug_aranges
                0x00000030      0x118 ./src/InitDevice.o
 .debug_aranges
                0x00000148       0x28 ./src/main.o
 .debug_aranges
                0x00000170       0x80 ./emlib/em_burtc.o
 .debug_aranges
                0x000001f0      0x120 ./emlib/em_cmu.o
 .debug_aranges
                0x00000310       0xa8 ./emlib/em_emu.o
 .debug_aranges
                0x000003b8       0x58 ./emlib/em_i2c.o
 .debug_aranges
                0x00000410       0x48 ./emlib/em_rmu.o
 .debug_aranges
                0x00000458       0x58 ./emlib/em_rtc.o
 .debug_aranges
                0x000004b0       0x28 ./emlib/em_system.o
 .debug_aranges
                0x000004d8       0xb8 ./emlib/em_usart.o
 .debug_aranges
                0x00000590       0x20 ./CMSIS/efm32gg/startup_gcc_efm32gg.o
 .debug_aranges
                0x000005b0       0x68 ./CMSIS/efm32gg/system_efm32gg.o
 .debug_aranges
                0x00000618       0x48 ./src/rtc.o
 .debug_aranges
                0x00000660       0x98 ./src/LS013_MD.o

.debug_ranges   0x00000000      0x5f8
 .debug_ranges  0x00000000       0x20 ./src/udelay.o
 .debug_ranges  0x00000020      0x108 ./src/InitDevice.o
 .debug_ranges  0x00000128       0x18 ./src/main.o
 .debug_ranges  0x00000140       0x70 ./emlib/em_burtc.o
 .debug_ranges  0x000001b0      0x110 ./emlib/em_cmu.o
 .debug_ranges  0x000002c0       0x98 ./emlib/em_emu.o
 .debug_ranges  0x00000358       0x48 ./emlib/em_i2c.o
 .debug_ranges  0x000003a0       0x38 ./emlib/em_rmu.o
 .debug_ranges  0x000003d8       0x48 ./emlib/em_rtc.o
 .debug_ranges  0x00000420       0x18 ./emlib/em_system.o
 .debug_ranges  0x00000438       0xa8 ./emlib/em_usart.o
 .debug_ranges  0x000004e0       0x58 ./CMSIS/efm32gg/system_efm32gg.o
 .debug_ranges  0x00000538       0x38 ./src/rtc.o
 .debug_ranges  0x00000570       0x88 ./src/LS013_MD.o

.debug_line     0x00000000     0x3597
 .debug_line    0x00000000      0x249 ./src/udelay.o
 .debug_line    0x00000249      0x58b ./src/InitDevice.o
 .debug_line    0x000007d4      0x283 ./src/main.o
 .debug_line    0x00000a57      0x3b9 ./emlib/em_burtc.o
 .debug_line    0x00000e10      0x807 ./emlib/em_cmu.o
 .debug_line    0x00001617      0x4af ./emlib/em_emu.o
 .debug_line    0x00001ac6      0x3cd ./emlib/em_i2c.o
 .debug_line    0x00001e93      0x2a9 ./emlib/em_rmu.o
 .debug_line    0x0000213c      0x2bf ./emlib/em_rtc.o
 .debug_line    0x000023fb      0x23f ./emlib/em_system.o
 .debug_line    0x0000263a      0x4dc ./emlib/em_usart.o
 .debug_line    0x00002b16       0x9f ./CMSIS/efm32gg/startup_gcc_efm32gg.o
 .debug_line    0x00002bb5      0x28a ./CMSIS/efm32gg/system_efm32gg.o
 .debug_line    0x00002e3f      0x27a ./src/rtc.o
 .debug_line    0x000030b9      0x4de ./src/LS013_MD.o

.debug_str      0x00000000     0x2cbd
 .debug_str     0x00000000      0x28d ./src/udelay.o
                                0x2ce (size before relaxing)
 .debug_str     0x0000028d      0xf01 ./src/InitDevice.o
                               0x117b (size before relaxing)
 .debug_str     0x0000118e       0x90 ./src/main.o
                                0x275 (size before relaxing)
 .debug_str     0x0000121e      0x19a ./emlib/em_burtc.o
                                0x4e8 (size before relaxing)
 .debug_str     0x000013b8      0x5d2 ./emlib/em_cmu.o
                                0xc4b (size before relaxing)
 .debug_str     0x0000198a      0x498 ./emlib/em_emu.o
                                0x84a (size before relaxing)
 .debug_str     0x00001e22      0x26e ./emlib/em_i2c.o
                                0x773 (size before relaxing)
 .debug_str     0x00002090       0xd0 ./emlib/em_rmu.o
                                0x396 (size before relaxing)
 .debug_str     0x00002160       0x20 ./emlib/em_rtc.o
                                0x2dc (size before relaxing)
 .debug_str     0x00002180       0x7b ./emlib/em_system.o
                                0x2cf (size before relaxing)
 .debug_str     0x000021fb      0x50a ./emlib/em_usart.o
                                0xd8f (size before relaxing)
 .debug_str     0x00002705      0x101 ./CMSIS/efm32gg/system_efm32gg.o
                                0x498 (size before relaxing)
 .debug_str     0x00002806      0x274 ./src/rtc.o
                                0x54d (size before relaxing)
 .debug_str     0x00002a7a      0x243 ./src/LS013_MD.o
                                0x5cd (size before relaxing)

.debug_frame    0x00000000     0x1528
 .debug_frame   0x00000000       0x64 ./src/udelay.o
 .debug_frame   0x00000064      0x358 ./src/InitDevice.o
 .debug_frame   0x000003bc       0x50 ./src/main.o
 .debug_frame   0x0000040c      0x194 ./emlib/em_burtc.o
 .debug_frame   0x000005a0      0x3cc ./emlib/em_cmu.o
 .debug_frame   0x0000096c      0x210 ./emlib/em_emu.o
 .debug_frame   0x00000b7c      0x104 ./emlib/em_i2c.o
 .debug_frame   0x00000c80       0xb8 ./emlib/em_rmu.o
 .debug_frame   0x00000d38       0xf0 ./emlib/em_rtc.o
 .debug_frame   0x00000e28       0x48 ./emlib/em_system.o
 .debug_frame   0x00000e70      0x25c ./emlib/em_usart.o
 .debug_frame   0x000010cc      0x120 ./CMSIS/efm32gg/system_efm32gg.o
 .debug_frame   0x000011ec       0xbc ./src/rtc.o
 .debug_frame   0x000012a8      0x1ec ./src/LS013_MD.o
 .debug_frame   0x00001494       0x28 /home/sumanguru/Documents/SimplicityStudio_v3/developer/toolchains/gnu_arm/4.8_2013q4/bin/../lib/gcc/arm-none-eabi/4.8.3/../../../../arm-none-eabi/lib/armv7-m/libc_s.a(lib_a-exit.o)
 .debug_frame   0x000014bc       0x2c /home/sumanguru/Documents/SimplicityStudio_v3/developer/toolchains/gnu_arm/4.8_2013q4/bin/../lib/gcc/arm-none-eabi/4.8.3/../../../../arm-none-eabi/lib/armv7-m/libc_s.a(lib_a-init.o)
 .debug_frame   0x000014e8       0x20 /home/sumanguru/Documents/SimplicityStudio_v3/developer/toolchains/gnu_arm/4.8_2013q4/bin/../lib/gcc/arm-none-eabi/4.8.3/../../../../arm-none-eabi/lib/armv7-m/libc_s.a(lib_a-memset.o)
 .debug_frame   0x00001508       0x20 /home/sumanguru/Documents/SimplicityStudio_v3/developer/toolchains/gnu_arm/4.8_2013q4/bin/../lib/gcc/arm-none-eabi/4.8.3/../../../../arm-none-eabi/lib/armv7-m/libnosys.a(_exit.o)
