Archive member included because of file (symbol)

/home/sumanguru/Documents/SimplicityStudio_v3/developer/toolchains/gnu_arm/4.8_2013q4/bin/../lib/gcc/arm-none-eabi/4.8.3/armv7-m/libgcc.a(_arm_addsubdf3.o)
                              ./src/MPU9250.o (__aeabi_dadd)
/home/sumanguru/Documents/SimplicityStudio_v3/developer/toolchains/gnu_arm/4.8_2013q4/bin/../lib/gcc/arm-none-eabi/4.8.3/armv7-m/libgcc.a(_arm_muldivdf3.o)
                              ./src/MPU9250.o (__aeabi_dmul)
/home/sumanguru/Documents/SimplicityStudio_v3/developer/toolchains/gnu_arm/4.8_2013q4/bin/../lib/gcc/arm-none-eabi/4.8.3/armv7-m/libgcc.a(_arm_truncdfsf2.o)
                              ./src/MPU9250.o (__aeabi_d2f)
/home/sumanguru/Documents/SimplicityStudio_v3/developer/toolchains/gnu_arm/4.8_2013q4/bin/../lib/gcc/arm-none-eabi/4.8.3/armv7-m/libgcc.a(_arm_addsubsf3.o)
                              ./src/MPU9250.o (__aeabi_ui2f)
/home/sumanguru/Documents/SimplicityStudio_v3/developer/toolchains/gnu_arm/4.8_2013q4/bin/../lib/gcc/arm-none-eabi/4.8.3/armv7-m/libgcc.a(_arm_muldivsf3.o)
                              ./src/MPU9250.o (__aeabi_fdiv)
/home/sumanguru/Documents/SimplicityStudio_v3/developer/toolchains/gnu_arm/4.8_2013q4/bin/../lib/gcc/arm-none-eabi/4.8.3/../../../../arm-none-eabi/lib/armv7-m/libc_s.a(lib_a-exit.o)
                              /home/sumanguru/Documents/SimplicityStudio_v3/developer/toolchains/gnu_arm/4.8_2013q4/bin/../lib/gcc/arm-none-eabi/4.8.3/../../../../arm-none-eabi/lib/armv7-m/crt0.o (exit)
/home/sumanguru/Documents/SimplicityStudio_v3/developer/toolchains/gnu_arm/4.8_2013q4/bin/../lib/gcc/arm-none-eabi/4.8.3/../../../../arm-none-eabi/lib/armv7-m/libc_s.a(lib_a-impure.o)
                              /home/sumanguru/Documents/SimplicityStudio_v3/developer/toolchains/gnu_arm/4.8_2013q4/bin/../lib/gcc/arm-none-eabi/4.8.3/../../../../arm-none-eabi/lib/armv7-m/libc_s.a(lib_a-exit.o) (_global_impure_ptr)
/home/sumanguru/Documents/SimplicityStudio_v3/developer/toolchains/gnu_arm/4.8_2013q4/bin/../lib/gcc/arm-none-eabi/4.8.3/../../../../arm-none-eabi/lib/armv7-m/libc_s.a(lib_a-init.o)
                              /home/sumanguru/Documents/SimplicityStudio_v3/developer/toolchains/gnu_arm/4.8_2013q4/bin/../lib/gcc/arm-none-eabi/4.8.3/../../../../arm-none-eabi/lib/armv7-m/crt0.o (__libc_init_array)
/home/sumanguru/Documents/SimplicityStudio_v3/developer/toolchains/gnu_arm/4.8_2013q4/bin/../lib/gcc/arm-none-eabi/4.8.3/../../../../arm-none-eabi/lib/armv7-m/libc_s.a(lib_a-memcpy-stub.o)
                              ./src/LS013_MD.o (memcpy)
/home/sumanguru/Documents/SimplicityStudio_v3/developer/toolchains/gnu_arm/4.8_2013q4/bin/../lib/gcc/arm-none-eabi/4.8.3/../../../../arm-none-eabi/lib/armv7-m/libc_s.a(lib_a-memset.o)
                              /home/sumanguru/Documents/SimplicityStudio_v3/developer/toolchains/gnu_arm/4.8_2013q4/bin/../lib/gcc/arm-none-eabi/4.8.3/../../../../arm-none-eabi/lib/armv7-m/crt0.o (memset)
/home/sumanguru/Documents/SimplicityStudio_v3/developer/toolchains/gnu_arm/4.8_2013q4/bin/../lib/gcc/arm-none-eabi/4.8.3/../../../../arm-none-eabi/lib/armv7-m/libnosys.a(_exit.o)
                              /home/sumanguru/Documents/SimplicityStudio_v3/developer/toolchains/gnu_arm/4.8_2013q4/bin/../lib/gcc/arm-none-eabi/4.8.3/../../../../arm-none-eabi/lib/armv7-m/libc_s.a(lib_a-exit.o) (_exit)

Allocating common symbols
Common symbol       size              file

SystemCoreClock     0x4               ./CMSIS/efm32gg/system_efm32gg.o
aRes                0x4               ./src/MPU9250.o
gRes                0x4               ./src/MPU9250.o
mRes                0x4               ./src/MPU9250.o

Discarded input sections

 .text          0x00000000        0x0 /home/sumanguru/Documents/SimplicityStudio_v3/developer/toolchains/gnu_arm/4.8_2013q4/bin/../lib/gcc/arm-none-eabi/4.8.3/armv7-m/crti.o
 .data          0x00000000        0x0 /home/sumanguru/Documents/SimplicityStudio_v3/developer/toolchains/gnu_arm/4.8_2013q4/bin/../lib/gcc/arm-none-eabi/4.8.3/armv7-m/crti.o
 .bss           0x00000000        0x0 /home/sumanguru/Documents/SimplicityStudio_v3/developer/toolchains/gnu_arm/4.8_2013q4/bin/../lib/gcc/arm-none-eabi/4.8.3/armv7-m/crti.o
 .data          0x00000000        0x4 /home/sumanguru/Documents/SimplicityStudio_v3/developer/toolchains/gnu_arm/4.8_2013q4/bin/../lib/gcc/arm-none-eabi/4.8.3/armv7-m/crtbegin.o
 .data          0x00000000        0x0 /home/sumanguru/Documents/SimplicityStudio_v3/developer/toolchains/gnu_arm/4.8_2013q4/bin/../lib/gcc/arm-none-eabi/4.8.3/../../../../arm-none-eabi/lib/armv7-m/crt0.o
 .bss           0x00000000        0x0 /home/sumanguru/Documents/SimplicityStudio_v3/developer/toolchains/gnu_arm/4.8_2013q4/bin/../lib/gcc/arm-none-eabi/4.8.3/../../../../arm-none-eabi/lib/armv7-m/crt0.o
 .ARM.extab     0x00000000        0x0 /home/sumanguru/Documents/SimplicityStudio_v3/developer/toolchains/gnu_arm/4.8_2013q4/bin/../lib/gcc/arm-none-eabi/4.8.3/../../../../arm-none-eabi/lib/armv7-m/crt0.o
 .text          0x00000000        0x0 ./src/AFE4490.o
 .data          0x00000000        0x0 ./src/AFE4490.o
 .bss           0x00000000        0x0 ./src/AFE4490.o
 .rodata        0x00000000       0x18 ./src/AFE4490.o
 .text.AFE4490_Init
                0x00000000       0x7c ./src/AFE4490.o
 .debug_info    0x00000000      0x4a6 ./src/AFE4490.o
 .debug_abbrev  0x00000000       0xeb ./src/AFE4490.o
 .debug_loc     0x00000000       0x38 ./src/AFE4490.o
 .debug_aranges
                0x00000000       0x20 ./src/AFE4490.o
 .debug_ranges  0x00000000       0x10 ./src/AFE4490.o
 .debug_line    0x00000000      0x204 ./src/AFE4490.o
 .debug_str     0x00000000      0x679 ./src/AFE4490.o
 .comment       0x00000000       0x71 ./src/AFE4490.o
 .ARM.attributes
                0x00000000       0x33 ./src/AFE4490.o
 .debug_frame   0x00000000       0x34 ./src/AFE4490.o
 .text          0x00000000        0x0 ./src/BQ25010.o
 .data          0x00000000        0x0 ./src/BQ25010.o
 .bss           0x00000000        0x0 ./src/BQ25010.o
 .text.BQ25010_init
                0x00000000       0x28 ./src/BQ25010.o
 .text.BQ25010_get_status
                0x00000000       0x30 ./src/BQ25010.o
 .text.BQ25010_charge_on
                0x00000000       0x1c ./src/BQ25010.o
 .text.BQ25010_charge_off
                0x00000000       0x1c ./src/BQ25010.o
 .text.BQ25010_USB_charge_high
                0x00000000       0x1c ./src/BQ25010.o
 .text.BQ25010_USB_charge_low
                0x00000000       0x1c ./src/BQ25010.o
 .debug_info    0x00000000      0x316 ./src/BQ25010.o
 .debug_abbrev  0x00000000       0xe5 ./src/BQ25010.o
 .debug_loc     0x00000000      0x114 ./src/BQ25010.o
 .debug_aranges
                0x00000000       0x48 ./src/BQ25010.o
 .debug_ranges  0x00000000       0x38 ./src/BQ25010.o
 .debug_line    0x00000000      0x205 ./src/BQ25010.o
 .debug_str     0x00000000      0x320 ./src/BQ25010.o
 .comment       0x00000000       0x71 ./src/BQ25010.o
 .ARM.attributes
                0x00000000       0x33 ./src/BQ25010.o
 .debug_frame   0x00000000       0xa4 ./src/BQ25010.o
 .text          0x00000000        0x0 ./src/BQ27421.o
 .data          0x00000000        0x0 ./src/BQ27421.o
 .bss           0x00000000        0x0 ./src/BQ27421.o
 .rodata.BQ27421_ADDR
                0x00000000        0x4 ./src/BQ27421.o
 .text.BQ27421_Get_Device_Type
                0x00000000       0x6c ./src/BQ27421.o
 .text.BQ27421_Get_Temp
                0x00000000       0x5c ./src/BQ27421.o
 .text.BQ27421_Get_Pack_Voltage
                0x00000000       0x5c ./src/BQ27421.o
 .rodata        0x00000000       0x10 ./src/BQ27421.o
 .text.BQ27421_Init
                0x00000000       0x54 ./src/BQ27421.o
 .debug_info    0x00000000      0x3d3 ./src/BQ27421.o
 .debug_abbrev  0x00000000      0x137 ./src/BQ27421.o
 .debug_loc     0x00000000       0xe0 ./src/BQ27421.o
 .debug_aranges
                0x00000000       0x38 ./src/BQ27421.o
 .debug_ranges  0x00000000       0x28 ./src/BQ27421.o
 .debug_line    0x00000000      0x264 ./src/BQ27421.o
 .debug_str     0x00000000      0x3e4 ./src/BQ27421.o
 .comment       0x00000000       0x71 ./src/BQ27421.o
 .ARM.attributes
                0x00000000       0x33 ./src/BQ27421.o
 .debug_frame   0x00000000       0x90 ./src/BQ27421.o
 .text          0x00000000        0x0 ./src/InitDevice.o
 .data          0x00000000        0x0 ./src/InitDevice.o
 .bss           0x00000000        0x0 ./src/InitDevice.o
 .text.ADC0_enter_DefaultMode_from_RESET
                0x00000000        0xc ./src/InitDevice.o
 .text.ACMP0_enter_DefaultMode_from_RESET
                0x00000000        0xc ./src/InitDevice.o
 .text.ACMP1_enter_DefaultMode_from_RESET
                0x00000000        0xc ./src/InitDevice.o
 .text.DAC0_enter_DefaultMode_from_RESET
                0x00000000        0xc ./src/InitDevice.o
 .text.OPAMP0_enter_DefaultMode_from_RESET
                0x00000000        0xc ./src/InitDevice.o
 .text.OPAMP1_enter_DefaultMode_from_RESET
                0x00000000        0xc ./src/InitDevice.o
 .text.OPAMP2_enter_DefaultMode_from_RESET
                0x00000000        0xc ./src/InitDevice.o
 .text.USART2_enter_DefaultMode_from_RESET
                0x00000000        0xc ./src/InitDevice.o
 .text.LEUART0_enter_DefaultMode_from_RESET
                0x00000000        0xc ./src/InitDevice.o
 .text.LEUART1_enter_DefaultMode_from_RESET
                0x00000000        0xc ./src/InitDevice.o
 .text.VCMP_enter_DefaultMode_from_RESET
                0x00000000        0xc ./src/InitDevice.o
 .text.WDOG_enter_DefaultMode_from_RESET
                0x00000000        0xc ./src/InitDevice.o
 .text.TIMER0_enter_DefaultMode_from_RESET
                0x00000000        0xc ./src/InitDevice.o
 .text.TIMER1_enter_DefaultMode_from_RESET
                0x00000000        0xc ./src/InitDevice.o
 .text.TIMER2_enter_DefaultMode_from_RESET
                0x00000000        0xc ./src/InitDevice.o
 .text.TIMER3_enter_DefaultMode_from_RESET
                0x00000000        0xc ./src/InitDevice.o
 .text.PCNT0_enter_DefaultMode_from_RESET
                0x00000000        0xc ./src/InitDevice.o
 .text.PCNT1_enter_DefaultMode_from_RESET
                0x00000000        0xc ./src/InitDevice.o
 .text.PCNT2_enter_DefaultMode_from_RESET
                0x00000000        0xc ./src/InitDevice.o
 .text.PRS_enter_DefaultMode_from_RESET
                0x00000000        0xc ./src/InitDevice.o
 .text.ETM_enter_DefaultMode_from_RESET
                0x00000000        0xc ./src/InitDevice.o
 .text          0x00000000        0x0 ./src/MPU9250.o
 .data          0x00000000        0x0 ./src/MPU9250.o
 .bss           0x00000000        0x0 ./src/MPU9250.o
 .bss.Gscale    0x00000000        0x1 ./src/MPU9250.o
 .bss.Ascale    0x00000000        0x1 ./src/MPU9250.o
 .data.Mscale   0x00000000        0x1 ./src/MPU9250.o
 .data.Mmode    0x00000000        0x1 ./src/MPU9250.o
 .text.MPU9250_WhoAmI
                0x00000000       0x4c ./src/MPU9250.o
 .text.MPU9250_GetMres
                0x00000000       0x3c ./src/MPU9250.o
 .text.MPU9250_GetGres
                0x00000000       0x64 ./src/MPU9250.o
 .text.MPU9250_GetAres
                0x00000000       0x5c ./src/MPU9250.o
 .text.MPU9250_ReadAccelData
                0x00000000       0x8c ./src/MPU9250.o
 .text.MPU9250_ReadGyroData
                0x00000000       0x8c ./src/MPU9250.o
 .text.MPU9250_ReadMagData
                0x00000000       0xe0 ./src/MPU9250.o
 .text.MPU9250_ReadTempData
                0x00000000       0x54 ./src/MPU9250.o
 .text.MPU9250_InitAK8963
                0x00000000      0x21c ./src/MPU9250.o
 .rodata        0x00000000       0x10 ./src/MPU9250.o
 .text.MPU9250_Init
                0x00000000      0x3c0 ./src/MPU9250.o
 .text.MPU9250_Calibrate
                0x00000000      0xb04 ./src/MPU9250.o
 .text.MPU9250_SelfTest
                0x00000000      0x7ec ./src/MPU9250.o
 .debug_info    0x00000000      0x8a8 ./src/MPU9250.o
 .debug_abbrev  0x00000000      0x1de ./src/MPU9250.o
 .debug_loc     0x00000000      0x282 ./src/MPU9250.o
 .debug_aranges
                0x00000000       0x78 ./src/MPU9250.o
 .debug_ranges  0x00000000       0x68 ./src/MPU9250.o
 .debug_line    0x00000000      0x828 ./src/MPU9250.o
 .debug_str     0x00000000      0x5de ./src/MPU9250.o
 .comment       0x00000000       0x71 ./src/MPU9250.o
 .ARM.attributes
                0x00000000       0x33 ./src/MPU9250.o
 .debug_frame   0x00000000      0x180 ./src/MPU9250.o
 COMMON         0x00000000        0xc ./src/MPU9250.o
 .text          0x00000000        0x0 ./src/Graphics.o
 .data          0x00000000        0x0 ./src/Graphics.o
 .bss           0x00000000        0x0 ./src/Graphics.o
 .text          0x00000000        0x0 ./src/main.o
 .data          0x00000000        0x0 ./src/main.o
 .bss           0x00000000        0x0 ./src/main.o
 .text          0x00000000        0x0 ./emlib/em_burtc.o
 .data          0x00000000        0x0 ./emlib/em_burtc.o
 .bss           0x00000000        0x0 ./emlib/em_burtc.o
 .text.BITBAND_PeripheralRead
                0x00000000       0x2c ./emlib/em_burtc.o
 .text.BURTC_CompareGet
                0x00000000       0x1c ./emlib/em_burtc.o
 .text.BURTC_CounterReset
                0x00000000       0x20 ./emlib/em_burtc.o
 .text.BURTC_Reset
                0x00000000       0x3c ./emlib/em_burtc.o
 .text.BURTC_ClockFreqGet
                0x00000000       0x7c ./emlib/em_burtc.o
 .text          0x00000000        0x0 ./emlib/em_cmu.o
 .data          0x00000000        0x0 ./emlib/em_cmu.o
 .bss           0x00000000        0x0 ./emlib/em_cmu.o
 .text.CMU_Calibrate
                0x00000000       0x88 ./emlib/em_cmu.o
 .text.CMU_CalibrateConfig
                0x00000000       0xd8 ./emlib/em_cmu.o
 .text.CMU_FreezeEnable
                0x00000000       0x38 ./emlib/em_cmu.o
 .text.CMU_AUXHFRCOBandGet
                0x00000000       0x20 ./emlib/em_cmu.o
 .text.CMU_AUXHFRCOBandSet
                0x00000000       0xb0 ./emlib/em_cmu.o
 .text.CMU_HFRCOBandGet
                0x00000000       0x20 ./emlib/em_cmu.o
 .text.CMU_HFRCOBandSet
                0x00000000       0xcc ./emlib/em_cmu.o
 .text.CMU_HFRCOStartupDelayGet
                0x00000000       0x1c ./emlib/em_cmu.o
 .text.CMU_HFRCOStartupDelaySet
                0x00000000       0x30 ./emlib/em_cmu.o
 .text.CMU_LCDClkFDIVGet
                0x00000000       0x10 ./emlib/em_cmu.o
 .text.CMU_LCDClkFDIVSet
                0x00000000       0x14 ./emlib/em_cmu.o
 .text.CMU_OscillatorTuningGet
                0x00000000       0x50 ./emlib/em_cmu.o
 .text.CMU_OscillatorTuningSet
                0x00000000       0x74 ./emlib/em_cmu.o
 .text.CMU_PCNTClockExternalGet
                0x00000000       0x64 ./emlib/em_cmu.o
 .text.CMU_PCNTClockExternalSet
                0x00000000       0x34 ./emlib/em_cmu.o
 .text          0x00000000        0x0 ./emlib/em_emu.o
 .data          0x00000000        0x0 ./emlib/em_emu.o
 .bss           0x00000000        0x0 ./emlib/em_emu.o
 .text.SystemCoreClockUpdate
                0x00000000        0xc ./emlib/em_emu.o
 .text.BITBAND_Peripheral
                0x00000000       0x2c ./emlib/em_emu.o
 .text.EMU_BUPinEnable
                0x00000000       0x20 ./emlib/em_emu.o
 .text.EMU_Unlock
                0x00000000       0x18 ./emlib/em_emu.o
 .text.CMU_Lock
                0x00000000       0x18 ./emlib/em_emu.o
 .text.CMU_Unlock
                0x00000000       0x1c ./emlib/em_emu.o
 .text.EMU_Restore
                0x00000000       0xf4 ./emlib/em_emu.o
 .text.getErrataFixEmuE107En
                0x00000000       0x68 ./emlib/em_emu.o
 .text.EMU_EnterEM2
                0x00000000       0x9c ./emlib/em_emu.o
 .text.EMU_EnterEM3
                0x00000000       0xbc ./emlib/em_emu.o
 .text.EMU_EnterEM4
                0x00000000       0x50 ./emlib/em_emu.o
 .text.EMU_MemPwrDown
                0x00000000       0x1c ./emlib/em_emu.o
 .text.EMU_EM23Init
                0x00000000       0x34 ./emlib/em_emu.o
 .text.EMU_EM4Init
                0x00000000       0x50 ./emlib/em_emu.o
 .text.EMU_BUPDInit
                0x00000000       0xcc ./emlib/em_emu.o
 .text.EMU_BUThresholdSet
                0x00000000       0x4c ./emlib/em_emu.o
 .text.EMU_BUThresRangeSet
                0x00000000       0x50 ./emlib/em_emu.o
 .text          0x00000000        0x0 ./emlib/em_gpio.o
 .data          0x00000000        0x0 ./emlib/em_gpio.o
 .bss           0x00000000        0x0 ./emlib/em_gpio.o
 .text.BITBAND_Peripheral
                0x00000000       0x2c ./emlib/em_gpio.o
 .text.GPIO_DbgLocationSet
                0x00000000       0x2c ./emlib/em_gpio.o
 .text.GPIO_DriveModeSet
                0x00000000       0x50 ./emlib/em_gpio.o
 .text.GPIO_IntConfig
                0x00000000       0xc0 ./emlib/em_gpio.o
 .text.GPIO_PinModeSet
                0x00000000      0x144 ./emlib/em_gpio.o
 .debug_info    0x00000000      0x4d4 ./emlib/em_gpio.o
 .debug_abbrev  0x00000000      0x13a ./emlib/em_gpio.o
 .debug_loc     0x00000000      0x118 ./emlib/em_gpio.o
 .debug_aranges
                0x00000000       0x40 ./emlib/em_gpio.o
 .debug_ranges  0x00000000       0x30 ./emlib/em_gpio.o
 .debug_line    0x00000000      0x2a7 ./emlib/em_gpio.o
 .debug_str     0x00000000      0x560 ./emlib/em_gpio.o
 .comment       0x00000000       0x71 ./emlib/em_gpio.o
 .ARM.attributes
                0x00000000       0x33 ./emlib/em_gpio.o
 .debug_frame   0x00000000       0xa8 ./emlib/em_gpio.o
 .text          0x00000000        0x0 ./emlib/em_i2c.o
 .data          0x00000000        0x0 ./emlib/em_i2c.o
 .bss           0x00000000        0x0 ./emlib/em_i2c.o
 .bss.i2cTransfer
                0x00000000       0x18 ./emlib/em_i2c.o
 .text.I2C_BusFreqGet
                0x00000000       0x44 ./emlib/em_i2c.o
 .text.I2C_Enable
                0x00000000       0x3c ./emlib/em_i2c.o
 .text.I2C_Reset
                0x00000000       0x3c ./emlib/em_i2c.o
 .text.I2C_Transfer
                0x00000000      0x44c ./emlib/em_i2c.o
 .text.I2C_TransferInit
                0x00000000       0xe4 ./emlib/em_i2c.o
 .text          0x00000000        0x0 ./emlib/em_rmu.o
 .data          0x00000000        0x0 ./emlib/em_rmu.o
 .bss           0x00000000        0x0 ./emlib/em_rmu.o
 .text.EMU_Lock
                0x00000000       0x18 ./emlib/em_rmu.o
 .text.EMU_Unlock
                0x00000000       0x18 ./emlib/em_rmu.o
 .rodata.resetCauseMasks
                0x00000000       0x80 ./emlib/em_rmu.o
 .text.RMU_ResetCauseClear
                0x00000000       0x50 ./emlib/em_rmu.o
 .text.RMU_ResetCauseGet
                0x00000000       0x68 ./emlib/em_rmu.o
 .text          0x00000000        0x0 ./emlib/em_rtc.o
 .data          0x00000000        0x0 ./emlib/em_rtc.o
 .bss           0x00000000        0x0 ./emlib/em_rtc.o
 .text.RTC_CompareGet
                0x00000000       0x3c ./emlib/em_rtc.o
 .text.RTC_CompareSet
                0x00000000       0x4c ./emlib/em_rtc.o
 .text.RTC_Reset
                0x00000000       0x34 ./emlib/em_rtc.o
 .text.RTC_CounterReset
                0x00000000       0x14 ./emlib/em_rtc.o
 .text          0x00000000        0x0 ./emlib/em_system.o
 .data          0x00000000        0x0 ./emlib/em_system.o
 .bss           0x00000000        0x0 ./emlib/em_system.o
 .text.SYSTEM_GetCalibrationValue
                0x00000000       0x54 ./emlib/em_system.o
 .text          0x00000000        0x0 ./emlib/em_usart.o
 .data          0x00000000        0x0 ./emlib/em_usart.o
 .bss           0x00000000        0x0 ./emlib/em_usart.o
 .text.USART_BaudrateAsyncSet
                0x00000000       0xb0 ./emlib/em_usart.o
 .text.USART_BaudrateCalc
                0x00000000       0xb8 ./emlib/em_usart.o
 .text.USART_BaudrateGet
                0x00000000       0x50 ./emlib/em_usart.o
 .text.USART_Enable
                0x00000000       0x58 ./emlib/em_usart.o
 .text.USART_InitAsync
                0x00000000       0x9c ./emlib/em_usart.o
 .text.USART_InitIrDA
                0x00000000       0x74 ./emlib/em_usart.o
 .text.USART_InitI2s
                0x00000000       0x94 ./emlib/em_usart.o
 .text.USART_Rx
                0x00000000       0x28 ./emlib/em_usart.o
 .text.USART_RxDouble
                0x00000000       0x28 ./emlib/em_usart.o
 .text.USART_RxDoubleExt
                0x00000000       0x28 ./emlib/em_usart.o
 .text.USART_RxExt
                0x00000000       0x28 ./emlib/em_usart.o
 .text.USART_SpiTransfer
                0x00000000       0x40 ./emlib/em_usart.o
 .text.USART_Tx
                0x00000000       0x2c ./emlib/em_usart.o
 .text.USART_TxDoubleExt
                0x00000000       0x28 ./emlib/em_usart.o
 .text.USART_TxExt
                0x00000000       0x2c ./emlib/em_usart.o
 .data          0x00000000        0x0 ./CMSIS/efm32gg/startup_gcc_efm32gg.o
 .bss           0x00000000        0x0 ./CMSIS/efm32gg/startup_gcc_efm32gg.o
 .text          0x00000000        0x0 ./CMSIS/efm32gg/system_efm32gg.o
 .data          0x00000000        0x0 ./CMSIS/efm32gg/system_efm32gg.o
 .bss           0x00000000        0x0 ./CMSIS/efm32gg/system_efm32gg.o
 .text.SystemLFXOClockSet
                0x00000000       0x2c ./CMSIS/efm32gg/system_efm32gg.o
 .text          0x00000000        0x0 ./src/LS013_MD.o
 .data          0x00000000        0x0 ./src/LS013_MD.o
 .bss           0x00000000        0x0 ./src/LS013_MD.o
 .text.LS013_InvertBuffer
                0x00000000       0x3c ./src/LS013_MD.o
 .text.LS013_ClearBufferArea
                0x00000000      0x208 ./src/LS013_MD.o
 .text.LS013_SpriteToBuffer
                0x00000000      0x16c ./src/LS013_MD.o
 .text.LS013_StaticMode
                0x00000000       0x40 ./src/LS013_MD.o
 .text.LS013_Disable
                0x00000000       0x10 ./src/LS013_MD.o
 .text          0x00000000        0x0 ./src/mdelay.o
 .data          0x00000000        0x0 ./src/mdelay.o
 .bss           0x00000000        0x0 ./src/mdelay.o
 .text.MDELAY_Delay
                0x00000000       0x30 ./src/mdelay.o
 .debug_info    0x00000000       0xc9 ./src/mdelay.o
 .debug_abbrev  0x00000000       0x7a ./src/mdelay.o
 .debug_loc     0x00000000       0x38 ./src/mdelay.o
 .debug_aranges
                0x00000000       0x20 ./src/mdelay.o
 .debug_ranges  0x00000000       0x10 ./src/mdelay.o
 .debug_line    0x00000000      0x123 ./src/mdelay.o
 .debug_str     0x00000000      0x208 ./src/mdelay.o
 .comment       0x00000000       0x71 ./src/mdelay.o
 .ARM.attributes
                0x00000000       0x33 ./src/mdelay.o
 .debug_frame   0x00000000       0x30 ./src/mdelay.o
 .text          0x00000000        0x0 ./src/udelay.o
 .data          0x00000000        0x0 ./src/udelay.o
 .bss           0x00000000        0x0 ./src/udelay.o
 .text          0x00000000        0x0 ./src/EEPROM.o
 .data          0x00000000        0x0 ./src/EEPROM.o
 .bss           0x00000000        0x0 ./src/EEPROM.o
 .text.EEPROM_AckPoll
                0x00000000       0x54 ./src/EEPROM.o
 .text.EEPROM_Read
                0x00000000       0x84 ./src/EEPROM.o
 .text.EEPROM_Write
                0x00000000       0xd4 ./src/EEPROM.o
 .debug_info    0x00000000      0x3c3 ./src/EEPROM.o
 .debug_abbrev  0x00000000      0x15e ./src/EEPROM.o
 .debug_loc     0x00000000       0xaa ./src/EEPROM.o
 .debug_aranges
                0x00000000       0x30 ./src/EEPROM.o
 .debug_ranges  0x00000000       0x20 ./src/EEPROM.o
 .debug_line    0x00000000      0x257 ./src/EEPROM.o
 .debug_str     0x00000000      0x35d ./src/EEPROM.o
 .comment       0x00000000       0x71 ./src/EEPROM.o
 .ARM.attributes
                0x00000000       0x33 ./src/EEPROM.o
 .debug_frame   0x00000000       0x70 ./src/EEPROM.o
 .text          0x00000000        0x0 ./src/rtc.o
 .data          0x00000000        0x0 ./src/rtc.o
 .bss           0x00000000        0x0 ./src/rtc.o
 .text.NVIC_EnableIRQ
                0x00000000       0x30 ./src/rtc.o
 .text.RTC_IntEnable
                0x00000000       0x24 ./src/rtc.o
 .rodata        0x00000000        0x4 ./src/rtc.o
 .text.RTC_Mod_Init
                0x00000000       0x4c ./src/rtc.o
 .text.RTC_GetTime
                0x00000000       0x50 ./src/rtc.o
 .text          0x00000000      0x370 /home/sumanguru/Documents/SimplicityStudio_v3/developer/toolchains/gnu_arm/4.8_2013q4/bin/../lib/gcc/arm-none-eabi/4.8.3/armv7-m/libgcc.a(_arm_addsubdf3.o)
 .data          0x00000000        0x0 /home/sumanguru/Documents/SimplicityStudio_v3/developer/toolchains/gnu_arm/4.8_2013q4/bin/../lib/gcc/arm-none-eabi/4.8.3/armv7-m/libgcc.a(_arm_addsubdf3.o)
 .bss           0x00000000        0x0 /home/sumanguru/Documents/SimplicityStudio_v3/developer/toolchains/gnu_arm/4.8_2013q4/bin/../lib/gcc/arm-none-eabi/4.8.3/armv7-m/libgcc.a(_arm_addsubdf3.o)
 .ARM.attributes
                0x00000000       0x1d /home/sumanguru/Documents/SimplicityStudio_v3/developer/toolchains/gnu_arm/4.8_2013q4/bin/../lib/gcc/arm-none-eabi/4.8.3/armv7-m/libgcc.a(_arm_addsubdf3.o)
 .text          0x00000000      0x424 /home/sumanguru/Documents/SimplicityStudio_v3/developer/toolchains/gnu_arm/4.8_2013q4/bin/../lib/gcc/arm-none-eabi/4.8.3/armv7-m/libgcc.a(_arm_muldivdf3.o)
 .data          0x00000000        0x0 /home/sumanguru/Documents/SimplicityStudio_v3/developer/toolchains/gnu_arm/4.8_2013q4/bin/../lib/gcc/arm-none-eabi/4.8.3/armv7-m/libgcc.a(_arm_muldivdf3.o)
 .bss           0x00000000        0x0 /home/sumanguru/Documents/SimplicityStudio_v3/developer/toolchains/gnu_arm/4.8_2013q4/bin/../lib/gcc/arm-none-eabi/4.8.3/armv7-m/libgcc.a(_arm_muldivdf3.o)
 .ARM.attributes
                0x00000000       0x1d /home/sumanguru/Documents/SimplicityStudio_v3/developer/toolchains/gnu_arm/4.8_2013q4/bin/../lib/gcc/arm-none-eabi/4.8.3/armv7-m/libgcc.a(_arm_muldivdf3.o)
 .text          0x00000000       0xa0 /home/sumanguru/Documents/SimplicityStudio_v3/developer/toolchains/gnu_arm/4.8_2013q4/bin/../lib/gcc/arm-none-eabi/4.8.3/armv7-m/libgcc.a(_arm_truncdfsf2.o)
 .data          0x00000000        0x0 /home/sumanguru/Documents/SimplicityStudio_v3/developer/toolchains/gnu_arm/4.8_2013q4/bin/../lib/gcc/arm-none-eabi/4.8.3/armv7-m/libgcc.a(_arm_truncdfsf2.o)
 .bss           0x00000000        0x0 /home/sumanguru/Documents/SimplicityStudio_v3/developer/toolchains/gnu_arm/4.8_2013q4/bin/../lib/gcc/arm-none-eabi/4.8.3/armv7-m/libgcc.a(_arm_truncdfsf2.o)
 .ARM.attributes
                0x00000000       0x1d /home/sumanguru/Documents/SimplicityStudio_v3/developer/toolchains/gnu_arm/4.8_2013q4/bin/../lib/gcc/arm-none-eabi/4.8.3/armv7-m/libgcc.a(_arm_truncdfsf2.o)
 .text          0x00000000      0x21c /home/sumanguru/Documents/SimplicityStudio_v3/developer/toolchains/gnu_arm/4.8_2013q4/bin/../lib/gcc/arm-none-eabi/4.8.3/armv7-m/libgcc.a(_arm_addsubsf3.o)
 .data          0x00000000        0x0 /home/sumanguru/Documents/SimplicityStudio_v3/developer/toolchains/gnu_arm/4.8_2013q4/bin/../lib/gcc/arm-none-eabi/4.8.3/armv7-m/libgcc.a(_arm_addsubsf3.o)
 .bss           0x00000000        0x0 /home/sumanguru/Documents/SimplicityStudio_v3/developer/toolchains/gnu_arm/4.8_2013q4/bin/../lib/gcc/arm-none-eabi/4.8.3/armv7-m/libgcc.a(_arm_addsubsf3.o)
 .ARM.attributes
                0x00000000       0x1d /home/sumanguru/Documents/SimplicityStudio_v3/developer/toolchains/gnu_arm/4.8_2013q4/bin/../lib/gcc/arm-none-eabi/4.8.3/armv7-m/libgcc.a(_arm_addsubsf3.o)
 .text          0x00000000      0x2a0 /home/sumanguru/Documents/SimplicityStudio_v3/developer/toolchains/gnu_arm/4.8_2013q4/bin/../lib/gcc/arm-none-eabi/4.8.3/armv7-m/libgcc.a(_arm_muldivsf3.o)
 .data          0x00000000        0x0 /home/sumanguru/Documents/SimplicityStudio_v3/developer/toolchains/gnu_arm/4.8_2013q4/bin/../lib/gcc/arm-none-eabi/4.8.3/armv7-m/libgcc.a(_arm_muldivsf3.o)
 .bss           0x00000000        0x0 /home/sumanguru/Documents/SimplicityStudio_v3/developer/toolchains/gnu_arm/4.8_2013q4/bin/../lib/gcc/arm-none-eabi/4.8.3/armv7-m/libgcc.a(_arm_muldivsf3.o)
 .ARM.attributes
                0x00000000       0x1d /home/sumanguru/Documents/SimplicityStudio_v3/developer/toolchains/gnu_arm/4.8_2013q4/bin/../lib/gcc/arm-none-eabi/4.8.3/armv7-m/libgcc.a(_arm_muldivsf3.o)
 .text          0x00000000        0x0 /home/sumanguru/Documents/SimplicityStudio_v3/developer/toolchains/gnu_arm/4.8_2013q4/bin/../lib/gcc/arm-none-eabi/4.8.3/../../../../arm-none-eabi/lib/armv7-m/libc_s.a(lib_a-exit.o)
 .data          0x00000000        0x0 /home/sumanguru/Documents/SimplicityStudio_v3/developer/toolchains/gnu_arm/4.8_2013q4/bin/../lib/gcc/arm-none-eabi/4.8.3/../../../../arm-none-eabi/lib/armv7-m/libc_s.a(lib_a-exit.o)
 .bss           0x00000000        0x0 /home/sumanguru/Documents/SimplicityStudio_v3/developer/toolchains/gnu_arm/4.8_2013q4/bin/../lib/gcc/arm-none-eabi/4.8.3/../../../../arm-none-eabi/lib/armv7-m/libc_s.a(lib_a-exit.o)
 .text          0x00000000        0x0 /home/sumanguru/Documents/SimplicityStudio_v3/developer/toolchains/gnu_arm/4.8_2013q4/bin/../lib/gcc/arm-none-eabi/4.8.3/../../../../arm-none-eabi/lib/armv7-m/libc_s.a(lib_a-impure.o)
 .data          0x00000000        0x0 /home/sumanguru/Documents/SimplicityStudio_v3/developer/toolchains/gnu_arm/4.8_2013q4/bin/../lib/gcc/arm-none-eabi/4.8.3/../../../../arm-none-eabi/lib/armv7-m/libc_s.a(lib_a-impure.o)
 .bss           0x00000000        0x0 /home/sumanguru/Documents/SimplicityStudio_v3/developer/toolchains/gnu_arm/4.8_2013q4/bin/../lib/gcc/arm-none-eabi/4.8.3/../../../../arm-none-eabi/lib/armv7-m/libc_s.a(lib_a-impure.o)
 .data._impure_ptr
                0x00000000        0x4 /home/sumanguru/Documents/SimplicityStudio_v3/developer/toolchains/gnu_arm/4.8_2013q4/bin/../lib/gcc/arm-none-eabi/4.8.3/../../../../arm-none-eabi/lib/armv7-m/libc_s.a(lib_a-impure.o)
 .text          0x00000000        0x0 /home/sumanguru/Documents/SimplicityStudio_v3/developer/toolchains/gnu_arm/4.8_2013q4/bin/../lib/gcc/arm-none-eabi/4.8.3/../../../../arm-none-eabi/lib/armv7-m/libc_s.a(lib_a-init.o)
 .data          0x00000000        0x0 /home/sumanguru/Documents/SimplicityStudio_v3/developer/toolchains/gnu_arm/4.8_2013q4/bin/../lib/gcc/arm-none-eabi/4.8.3/../../../../arm-none-eabi/lib/armv7-m/libc_s.a(lib_a-init.o)
 .bss           0x00000000        0x0 /home/sumanguru/Documents/SimplicityStudio_v3/developer/toolchains/gnu_arm/4.8_2013q4/bin/../lib/gcc/arm-none-eabi/4.8.3/../../../../arm-none-eabi/lib/armv7-m/libc_s.a(lib_a-init.o)
 .text          0x00000000        0x0 /home/sumanguru/Documents/SimplicityStudio_v3/developer/toolchains/gnu_arm/4.8_2013q4/bin/../lib/gcc/arm-none-eabi/4.8.3/../../../../arm-none-eabi/lib/armv7-m/libc_s.a(lib_a-memcpy-stub.o)
 .data          0x00000000        0x0 /home/sumanguru/Documents/SimplicityStudio_v3/developer/toolchains/gnu_arm/4.8_2013q4/bin/../lib/gcc/arm-none-eabi/4.8.3/../../../../arm-none-eabi/lib/armv7-m/libc_s.a(lib_a-memcpy-stub.o)
 .bss           0x00000000        0x0 /home/sumanguru/Documents/SimplicityStudio_v3/developer/toolchains/gnu_arm/4.8_2013q4/bin/../lib/gcc/arm-none-eabi/4.8.3/../../../../arm-none-eabi/lib/armv7-m/libc_s.a(lib_a-memcpy-stub.o)
 .text          0x00000000        0x0 /home/sumanguru/Documents/SimplicityStudio_v3/developer/toolchains/gnu_arm/4.8_2013q4/bin/../lib/gcc/arm-none-eabi/4.8.3/../../../../arm-none-eabi/lib/armv7-m/libc_s.a(lib_a-memset.o)
 .data          0x00000000        0x0 /home/sumanguru/Documents/SimplicityStudio_v3/developer/toolchains/gnu_arm/4.8_2013q4/bin/../lib/gcc/arm-none-eabi/4.8.3/../../../../arm-none-eabi/lib/armv7-m/libc_s.a(lib_a-memset.o)
 .bss           0x00000000        0x0 /home/sumanguru/Documents/SimplicityStudio_v3/developer/toolchains/gnu_arm/4.8_2013q4/bin/../lib/gcc/arm-none-eabi/4.8.3/../../../../arm-none-eabi/lib/armv7-m/libc_s.a(lib_a-memset.o)
 .text          0x00000000        0x0 /home/sumanguru/Documents/SimplicityStudio_v3/developer/toolchains/gnu_arm/4.8_2013q4/bin/../lib/gcc/arm-none-eabi/4.8.3/../../../../arm-none-eabi/lib/armv7-m/libnosys.a(_exit.o)
 .data          0x00000000        0x0 /home/sumanguru/Documents/SimplicityStudio_v3/developer/toolchains/gnu_arm/4.8_2013q4/bin/../lib/gcc/arm-none-eabi/4.8.3/../../../../arm-none-eabi/lib/armv7-m/libnosys.a(_exit.o)
 .bss           0x00000000        0x0 /home/sumanguru/Documents/SimplicityStudio_v3/developer/toolchains/gnu_arm/4.8_2013q4/bin/../lib/gcc/arm-none-eabi/4.8.3/../../../../arm-none-eabi/lib/armv7-m/libnosys.a(_exit.o)
 .text          0x00000000        0x0 /home/sumanguru/Documents/SimplicityStudio_v3/developer/toolchains/gnu_arm/4.8_2013q4/bin/../lib/gcc/arm-none-eabi/4.8.3/armv7-m/crtend.o
 .data          0x00000000        0x0 /home/sumanguru/Documents/SimplicityStudio_v3/developer/toolchains/gnu_arm/4.8_2013q4/bin/../lib/gcc/arm-none-eabi/4.8.3/armv7-m/crtend.o
 .bss           0x00000000        0x0 /home/sumanguru/Documents/SimplicityStudio_v3/developer/toolchains/gnu_arm/4.8_2013q4/bin/../lib/gcc/arm-none-eabi/4.8.3/armv7-m/crtend.o
 .jcr           0x00000000        0x4 /home/sumanguru/Documents/SimplicityStudio_v3/developer/toolchains/gnu_arm/4.8_2013q4/bin/../lib/gcc/arm-none-eabi/4.8.3/armv7-m/crtend.o
 .text          0x00000000        0x0 /home/sumanguru/Documents/SimplicityStudio_v3/developer/toolchains/gnu_arm/4.8_2013q4/bin/../lib/gcc/arm-none-eabi/4.8.3/armv7-m/crtn.o
 .data          0x00000000        0x0 /home/sumanguru/Documents/SimplicityStudio_v3/developer/toolchains/gnu_arm/4.8_2013q4/bin/../lib/gcc/arm-none-eabi/4.8.3/armv7-m/crtn.o
 .bss           0x00000000        0x0 /home/sumanguru/Documents/SimplicityStudio_v3/developer/toolchains/gnu_arm/4.8_2013q4/bin/../lib/gcc/arm-none-eabi/4.8.3/armv7-m/crtn.o

Memory Configuration

Name             Origin             Length             Attributes
FLASH            0x00004000         0x00096000         xr
RAM              0x20000000         0x00020000         xrw
*default*        0x00000000         0xffffffff

Linker script and memory map

LOAD /home/sumanguru/Documents/SimplicityStudio_v3/developer/toolchains/gnu_arm/4.8_2013q4/bin/../lib/gcc/arm-none-eabi/4.8.3/armv7-m/crti.o
LOAD /home/sumanguru/Documents/SimplicityStudio_v3/developer/toolchains/gnu_arm/4.8_2013q4/bin/../lib/gcc/arm-none-eabi/4.8.3/armv7-m/crtbegin.o
LOAD /home/sumanguru/Documents/SimplicityStudio_v3/developer/toolchains/gnu_arm/4.8_2013q4/bin/../lib/gcc/arm-none-eabi/4.8.3/../../../../arm-none-eabi/lib/armv7-m/crt0.o
LOAD ./src/AFE4490.o
LOAD ./src/BQ25010.o
LOAD ./src/BQ27421.o
LOAD ./src/InitDevice.o
LOAD ./src/MPU9250.o
LOAD ./src/Graphics.o
LOAD ./src/main.o
LOAD ./emlib/em_burtc.o
LOAD ./emlib/em_cmu.o
LOAD ./emlib/em_emu.o
LOAD ./emlib/em_gpio.o
LOAD ./emlib/em_i2c.o
LOAD ./emlib/em_rmu.o
LOAD ./emlib/em_rtc.o
LOAD ./emlib/em_system.o
LOAD ./emlib/em_usart.o
LOAD ./CMSIS/efm32gg/startup_gcc_efm32gg.o
LOAD ./CMSIS/efm32gg/system_efm32gg.o
LOAD ./src/LS013_MD.o
LOAD ./src/mdelay.o
LOAD ./src/udelay.o
LOAD ./src/EEPROM.o
LOAD ./src/rtc.o
START GROUP
LOAD /home/sumanguru/Documents/SimplicityStudio_v3/developer/toolchains/gnu_arm/4.8_2013q4/bin/../lib/gcc/arm-none-eabi/4.8.3/armv7-m/libgcc.a
LOAD /home/sumanguru/Documents/SimplicityStudio_v3/developer/toolchains/gnu_arm/4.8_2013q4/bin/../lib/gcc/arm-none-eabi/4.8.3/../../../../arm-none-eabi/lib/armv7-m/libc_s.a
LOAD /home/sumanguru/Documents/SimplicityStudio_v3/developer/toolchains/gnu_arm/4.8_2013q4/bin/../lib/gcc/arm-none-eabi/4.8.3/../../../../arm-none-eabi/lib/armv7-m/libnosys.a
END GROUP
START GROUP
LOAD /home/sumanguru/Documents/SimplicityStudio_v3/developer/toolchains/gnu_arm/4.8_2013q4/bin/../lib/gcc/arm-none-eabi/4.8.3/armv7-m/libgcc.a
LOAD /home/sumanguru/Documents/SimplicityStudio_v3/developer/toolchains/gnu_arm/4.8_2013q4/bin/../lib/gcc/arm-none-eabi/4.8.3/../../../../arm-none-eabi/lib/armv7-m/libg_s.a
LOAD /home/sumanguru/Documents/SimplicityStudio_v3/developer/toolchains/gnu_arm/4.8_2013q4/bin/../lib/gcc/arm-none-eabi/4.8.3/../../../../arm-none-eabi/lib/armv7-m/libc_s.a
END GROUP
START GROUP
LOAD /home/sumanguru/Documents/SimplicityStudio_v3/developer/toolchains/gnu_arm/4.8_2013q4/bin/../lib/gcc/arm-none-eabi/4.8.3/armv7-m/libgcc.a
LOAD /home/sumanguru/Documents/SimplicityStudio_v3/developer/toolchains/gnu_arm/4.8_2013q4/bin/../lib/gcc/arm-none-eabi/4.8.3/../../../../arm-none-eabi/lib/armv7-m/libc_s.a
END GROUP
LOAD /home/sumanguru/Documents/SimplicityStudio_v3/developer/toolchains/gnu_arm/4.8_2013q4/bin/../lib/gcc/arm-none-eabi/4.8.3/armv7-m/crtend.o
LOAD /home/sumanguru/Documents/SimplicityStudio_v3/developer/toolchains/gnu_arm/4.8_2013q4/bin/../lib/gcc/arm-none-eabi/4.8.3/armv7-m/crtn.o

.text           0x00004000     0x2e74
 *(.isr_vector)
 .isr_vector    0x00004000      0x100 ./CMSIS/efm32gg/startup_gcc_efm32gg.o
                0x00004000                __isr_vector
 *(.text*)
 .text          0x00004100       0x54 /home/sumanguru/Documents/SimplicityStudio_v3/developer/toolchains/gnu_arm/4.8_2013q4/bin/../lib/gcc/arm-none-eabi/4.8.3/armv7-m/crtbegin.o
 .text          0x00004154       0x74 /home/sumanguru/Documents/SimplicityStudio_v3/developer/toolchains/gnu_arm/4.8_2013q4/bin/../lib/gcc/arm-none-eabi/4.8.3/../../../../arm-none-eabi/lib/armv7-m/crt0.o
                0x00004154                _mainCRTStartup
                0x00004154                _start
 .text.enter_DefaultMode_from_RESET
                0x000041c8       0x30 ./src/InitDevice.o
                0x000041c8                enter_DefaultMode_from_RESET
 .text.CMU_enter_DefaultMode_from_RESET
                0x000041f8       0x78 ./src/InitDevice.o
                0x000041f8                CMU_enter_DefaultMode_from_RESET
 .text.BURTC_enter_DefaultMode_from_RESET
                0x00004270       0x74 ./src/InitDevice.o
                0x00004270                BURTC_enter_DefaultMode_from_RESET
 .text.HFXO_enter_DefaultMode_from_RESET
                0x000042e4       0x2c ./src/InitDevice.o
                0x000042e4                HFXO_enter_DefaultMode_from_RESET
 .text.LFXO_enter_DefaultMode_from_RESET
                0x00004310       0x28 ./src/InitDevice.o
                0x00004310                LFXO_enter_DefaultMode_from_RESET
 .text.RTC_enter_DefaultMode_from_RESET
                0x00004338       0x2c ./src/InitDevice.o
                0x00004338                RTC_enter_DefaultMode_from_RESET
 .text.USART0_enter_DefaultMode_from_RESET
                0x00004364       0x7c ./src/InitDevice.o
                0x00004364                USART0_enter_DefaultMode_from_RESET
 .text.USART1_enter_DefaultMode_from_RESET
                0x000043e0       0x7c ./src/InitDevice.o
                0x000043e0                USART1_enter_DefaultMode_from_RESET
 .text.I2C0_enter_DefaultMode_from_RESET
                0x0000445c       0x3c ./src/InitDevice.o
                0x0000445c                I2C0_enter_DefaultMode_from_RESET
 .text.I2C1_enter_DefaultMode_from_RESET
                0x00004498       0x3c ./src/InitDevice.o
                0x00004498                I2C1_enter_DefaultMode_from_RESET
 .text.PORTIO_enter_DefaultMode_from_RESET
                0x000044d4      0x33c ./src/InitDevice.o
                0x000044d4                PORTIO_enter_DefaultMode_from_RESET
 .text.CHIP_Init
                0x00004810       0x40 ./src/main.o
 .text.main     0x00004850       0x34 ./src/main.o
                0x00004850                main
 .text.BITBAND_Peripheral
                0x00004884       0x2c ./emlib/em_burtc.o
 .text.BURTC_IntClear
                0x000048b0       0x1c ./emlib/em_burtc.o
 .text.BURTC_Enable
                0x000048cc       0x50 ./emlib/em_burtc.o
 .text.BURTC_FreezeEnable
                0x0000491c       0x20 ./emlib/em_burtc.o
 .text.BURTC_DivToLog2
                0x0000493c       0x3c ./emlib/em_burtc.o
 .text.BURTC_Sync
                0x00004978       0x40 ./emlib/em_burtc.o
 .text.BURTC_Init
                0x000049b8       0xe8 ./emlib/em_burtc.o
                0x000049b8                BURTC_Init
 .text.BURTC_CompareSet
                0x00004aa0       0x20 ./emlib/em_burtc.o
                0x00004aa0                BURTC_CompareSet
 .text.BITBAND_Peripheral
                0x00004ac0       0x2c ./emlib/em_cmu.o
 .text.CMU_MaxFreqHfle
                0x00004aec       0x8c ./emlib/em_cmu.o
 .text.CMU_FlashWaitStateControl
                0x00004b78       0xb8 ./emlib/em_cmu.o
 .text.CMU_FlashWaitStateMax
                0x00004c30       0x1c ./emlib/em_cmu.o
 .text.CMU_DivToLog2
                0x00004c4c       0x3c ./emlib/em_cmu.o
 .text.CMU_Log2ToDiv
                0x00004c88       0x1c ./emlib/em_cmu.o
 .text.CMU_USBCClkGet
                0x00004ca4       0x4c ./emlib/em_cmu.o
 .text.CMU_AUXClkGet
                0x00004cf0       0x8c ./emlib/em_cmu.o
 .text.CMU_DBGClkGet
                0x00004d7c       0x58 ./emlib/em_cmu.o
 .text.CMU_LFClkGet
                0x00004dd4       0xb4 ./emlib/em_cmu.o
 .text.CMU_Sync
                0x00004e88       0x34 ./emlib/em_cmu.o
 .text.CMU_ClockDivGet
                0x00004ebc      0x134 ./emlib/em_cmu.o
                0x00004ebc                CMU_ClockDivGet
 .text.CMU_ClockDivSet
                0x00004ff0      0x1f8 ./emlib/em_cmu.o
                0x00004ff0                CMU_ClockDivSet
 .text.CMU_ClockEnable
                0x000051e8       0xe0 ./emlib/em_cmu.o
                0x000051e8                CMU_ClockEnable
 .text.CMU_ClockFreqGet
                0x000052c8      0x190 ./emlib/em_cmu.o
                0x000052c8                CMU_ClockFreqGet
 .text.CMU_ClockSelectGet
                0x00005458      0x164 ./emlib/em_cmu.o
                0x00005458                CMU_ClockSelectGet
 .text.CMU_ClockSelectSet
                0x000055bc      0x29c ./emlib/em_cmu.o
                0x000055bc                CMU_ClockSelectSet
 .text.CMU_OscillatorEnable
                0x00005858       0xc0 ./emlib/em_cmu.o
                0x00005858                CMU_OscillatorEnable
 .text.EMU_UpdateOscConfig
                0x00005918       0x1c ./emlib/em_emu.o
                0x00005918                EMU_UpdateOscConfig
 .text.BITBAND_Peripheral
                0x00005934       0x2c ./emlib/em_i2c.o
 .text.I2C_BusFreqSet
                0x00005960       0x88 ./emlib/em_i2c.o
                0x00005960                I2C_BusFreqSet
 .text.I2C_Init
                0x000059e8       0x78 ./emlib/em_i2c.o
                0x000059e8                I2C_Init
 .text.BITBAND_Peripheral
                0x00005a60       0x2c ./emlib/em_rmu.o
 .text.RMU_ResetControl
                0x00005a8c       0x28 ./emlib/em_rmu.o
                0x00005a8c                RMU_ResetControl
 .text.BITBAND_Peripheral
                0x00005ab4       0x2c ./emlib/em_rtc.o
 .text.RTC_Enable
                0x00005ae0       0x20 ./emlib/em_rtc.o
                0x00005ae0                RTC_Enable
 .text.RTC_FreezeEnable
                0x00005b00       0x2c ./emlib/em_rtc.o
                0x00005b00                RTC_FreezeEnable
 .text.RTC_Init
                0x00005b2c       0x50 ./emlib/em_rtc.o
                0x00005b2c                RTC_Init
 .text.SYSTEM_ChipRevisionGet
                0x00005b7c       0x74 ./emlib/em_system.o
                0x00005b7c                SYSTEM_ChipRevisionGet
 .text.USART_BaudrateSyncSet
                0x00005bf0       0x6c ./emlib/em_usart.o
                0x00005bf0                USART_BaudrateSyncSet
 .text.USART_InitSync
                0x00005c5c       0xc8 ./emlib/em_usart.o
                0x00005c5c                USART_InitSync
 .text.USART_InitPrsTrigger
                0x00005d24       0x60 ./emlib/em_usart.o
                0x00005d24                USART_InitPrsTrigger
 .text.USART_Reset
                0x00005d84       0x98 ./emlib/em_usart.o
                0x00005d84                USART_Reset
 .text.USART_TxDouble
                0x00005e1c       0x2c ./emlib/em_usart.o
                0x00005e1c                USART_TxDouble
 .text          0x00005e48       0x98 ./CMSIS/efm32gg/startup_gcc_efm32gg.o
                0x00005e48                Reset_Handler
                0x00005e7c                Default_Handler
                0x00005e7e                NMI_Handler
                0x00005e80                HardFault_Handler
                0x00005e82                MemManage_Handler
                0x00005e84                BusFault_Handler
                0x00005e86                UsageFault_Handler
                0x00005e88                SVC_Handler
                0x00005e8a                DebugMon_Handler
                0x00005e8c                PendSV_Handler
                0x00005e8e                SysTick_Handler
                0x00005e90                DMA_IRQHandler
                0x00005e92                GPIO_EVEN_IRQHandler
                0x00005e94                TIMER0_IRQHandler
                0x00005e96                USART0_RX_IRQHandler
                0x00005e98                USART0_TX_IRQHandler
                0x00005e9a                USB_IRQHandler
                0x00005e9c                ACMP0_IRQHandler
                0x00005e9e                ADC0_IRQHandler
                0x00005ea0                DAC0_IRQHandler
                0x00005ea2                I2C0_IRQHandler
                0x00005ea4                I2C1_IRQHandler
                0x00005ea6                GPIO_ODD_IRQHandler
                0x00005ea8                TIMER1_IRQHandler
                0x00005eaa                TIMER2_IRQHandler
                0x00005eac                TIMER3_IRQHandler
                0x00005eae                USART1_RX_IRQHandler
                0x00005eb0                USART1_TX_IRQHandler
                0x00005eb2                LESENSE_IRQHandler
                0x00005eb4                USART2_RX_IRQHandler
                0x00005eb6                USART2_TX_IRQHandler
                0x00005eb8                UART0_RX_IRQHandler
                0x00005eba                UART0_TX_IRQHandler
                0x00005ebc                UART1_RX_IRQHandler
                0x00005ebe                UART1_TX_IRQHandler
                0x00005ec0                LEUART0_IRQHandler
                0x00005ec2                LEUART1_IRQHandler
                0x00005ec4                LETIMER0_IRQHandler
                0x00005ec6                PCNT0_IRQHandler
                0x00005ec8                PCNT1_IRQHandler
                0x00005eca                PCNT2_IRQHandler
                0x00005ece                BURTC_IRQHandler
                0x00005ed0                CMU_IRQHandler
                0x00005ed2                VCMP_IRQHandler
                0x00005ed4                LCD_IRQHandler
                0x00005ed6                MSC_IRQHandler
                0x00005ed8                AES_IRQHandler
                0x00005eda                EBI_IRQHandler
                0x00005edc                EMU_IRQHandler
 .text.GetProdRev
                0x00005ee0       0x1c ./CMSIS/efm32gg/system_efm32gg.o
 .text.SystemCoreClockGet
                0x00005efc       0x48 ./CMSIS/efm32gg/system_efm32gg.o
                0x00005efc                SystemCoreClockGet
 .text.SystemHFClockGet
                0x00005f44       0xf0 ./CMSIS/efm32gg/system_efm32gg.o
                0x00005f44                SystemHFClockGet
 .text.SystemHFXOClockGet
                0x00006034       0x18 ./CMSIS/efm32gg/system_efm32gg.o
                0x00006034                SystemHFXOClockGet
 .text.SystemHFXOClockSet
                0x0000604c       0x2c ./CMSIS/efm32gg/system_efm32gg.o
                0x0000604c                SystemHFXOClockSet
 .text.SystemInit
                0x00006078        0xc ./CMSIS/efm32gg/system_efm32gg.o
                0x00006078                SystemInit
 .text.SystemLFRCOClockGet
                0x00006084       0x14 ./CMSIS/efm32gg/system_efm32gg.o
                0x00006084                SystemLFRCOClockGet
 .text.SystemULFRCOClockGet
                0x00006098       0x14 ./CMSIS/efm32gg/system_efm32gg.o
                0x00006098                SystemULFRCOClockGet
 .text.SystemLFXOClockGet
                0x000060ac       0x18 ./CMSIS/efm32gg/system_efm32gg.o
                0x000060ac                SystemLFXOClockGet
 .text.GPIO_PinOutClear
                0x000060c4       0x44 ./src/LS013_MD.o
 .text.GPIO_PinOutSet
                0x00006108       0x44 ./src/LS013_MD.o
 .text.LS013_SetBuffer
                0x0000614c       0x40 ./src/LS013_MD.o
                0x0000614c                LS013_SetBuffer
 .text.LS013_ClearBuffer
                0x0000618c       0x34 ./src/LS013_MD.o
                0x0000618c                LS013_ClearBuffer
 .text.LS013_DispSpiTransmit
                0x000061c0       0x48 ./src/LS013_MD.o
                0x000061c0                LS013_DispSpiTransmit
 .text.LS013_DrawLines
                0x00006208       0x8c ./src/LS013_MD.o
                0x00006208                LS013_DrawLines
 .text.LS013_ClearDisp
                0x00006294       0x4c ./src/LS013_MD.o
                0x00006294                LS013_ClearDisp
 .text.LS013_Init
                0x000062e0       0x84 ./src/LS013_MD.o
                0x000062e0                LS013_Init
 .text.LS013_Refresh
                0x00006364      0x12c ./src/LS013_MD.o
                0x00006364                LS013_Refresh
 .text.LS013_InvertPolarity
                0x00006490       0x8c ./src/LS013_MD.o
                0x00006490                LS013_InvertPolarity
 .text.LS013_Enable
                0x0000651c       0x10 ./src/LS013_MD.o
                0x0000651c                LS013_Enable
 .text.NVIC_ClearPendingIRQ
                0x0000652c       0x34 ./src/udelay.o
 .text.RTC_CounterGet
                0x00006560       0x18 ./src/udelay.o
 .text.UDELAY_Calibrate
                0x00006578      0x1a8 ./src/udelay.o
                0x00006578                UDELAY_Calibrate
 .text.UDELAY_Delay
                0x00006720       0x38 ./src/udelay.o
                0x00006720                UDELAY_Delay
 .text.calibrate_delay
                0x00006758       0xd8 ./src/udelay.o
 .text.clock    0x00006830       0x10 ./src/udelay.o
 .text._delay   0x00006840       0x18 ./src/udelay.o
 .text.RTC_IntClear
                0x00006858       0x1c ./src/rtc.o
 .text.RTC_IRQHandler
                0x00006874       0x60 ./src/rtc.o
                0x00006874                RTC_IRQHandler
 .text.exit     0x000068d4       0x28 /home/sumanguru/Documents/SimplicityStudio_v3/developer/toolchains/gnu_arm/4.8_2013q4/bin/../lib/gcc/arm-none-eabi/4.8.3/../../../../arm-none-eabi/lib/armv7-m/libc_s.a(lib_a-exit.o)
                0x000068d4                exit
 .text.__libc_init_array
                0x000068fc       0x4c /home/sumanguru/Documents/SimplicityStudio_v3/developer/toolchains/gnu_arm/4.8_2013q4/bin/../lib/gcc/arm-none-eabi/4.8.3/../../../../arm-none-eabi/lib/armv7-m/libc_s.a(lib_a-init.o)
                0x000068fc                __libc_init_array
 .text.memcpy   0x00006948       0x12 /home/sumanguru/Documents/SimplicityStudio_v3/developer/toolchains/gnu_arm/4.8_2013q4/bin/../lib/gcc/arm-none-eabi/4.8.3/../../../../arm-none-eabi/lib/armv7-m/libc_s.a(lib_a-memcpy-stub.o)
                0x00006948                memcpy
 .text.memset   0x0000695a       0x10 /home/sumanguru/Documents/SimplicityStudio_v3/developer/toolchains/gnu_arm/4.8_2013q4/bin/../lib/gcc/arm-none-eabi/4.8.3/../../../../arm-none-eabi/lib/armv7-m/libc_s.a(lib_a-memset.o)
                0x0000695a                memset
 *fill*         0x0000696a        0x2 
 .text._exit    0x0000696c        0x4 /home/sumanguru/Documents/SimplicityStudio_v3/developer/toolchains/gnu_arm/4.8_2013q4/bin/../lib/gcc/arm-none-eabi/4.8.3/../../../../arm-none-eabi/lib/armv7-m/libnosys.a(_exit.o)
                0x0000696c                _exit
 *(.init)
 .init          0x00006970        0x4 /home/sumanguru/Documents/SimplicityStudio_v3/developer/toolchains/gnu_arm/4.8_2013q4/bin/../lib/gcc/arm-none-eabi/4.8.3/armv7-m/crti.o
                0x00006970                _init
 .init          0x00006974        0x8 /home/sumanguru/Documents/SimplicityStudio_v3/developer/toolchains/gnu_arm/4.8_2013q4/bin/../lib/gcc/arm-none-eabi/4.8.3/armv7-m/crtn.o
 *(.fini)
 .fini          0x0000697c        0x4 /home/sumanguru/Documents/SimplicityStudio_v3/developer/toolchains/gnu_arm/4.8_2013q4/bin/../lib/gcc/arm-none-eabi/4.8.3/armv7-m/crti.o
                0x0000697c                _fini
 .fini          0x00006980        0x8 /home/sumanguru/Documents/SimplicityStudio_v3/developer/toolchains/gnu_arm/4.8_2013q4/bin/../lib/gcc/arm-none-eabi/4.8.3/armv7-m/crtn.o
 *crtbegin.o(.ctors)
 *crtbegin?.o(.ctors)
 *(EXCLUDE_FILE(*crtend.o *crtend?.o) .ctors)
 *(SORT(.ctors.*))
 *(.ctors)
 *crtbegin.o(.dtors)
 *crtbegin?.o(.dtors)
 *(EXCLUDE_FILE(*crtend.o *crtend?.o) .dtors)
 *(SORT(.dtors.*))
 *(.dtors)
 *(.rodata*)
 .rodata        0x00006988       0x40 ./src/InitDevice.o
 .rodata.LoadingBackground
                0x000069c8      0x480 ./src/Graphics.o
                0x000069c8                LoadingBackground
 .rodata.i2cNSum
                0x00006e48        0x4 ./emlib/em_i2c.o
 .rodata        0x00006e4c       0x18 ./src/LS013_MD.o
 .rodata        0x00006e64        0x4 ./src/udelay.o
 .rodata.str1.1
                0x00006e68        0x2 /home/sumanguru/Documents/SimplicityStudio_v3/developer/toolchains/gnu_arm/4.8_2013q4/bin/../lib/gcc/arm-none-eabi/4.8.3/../../../../arm-none-eabi/lib/armv7-m/libc_s.a(lib_a-impure.o)
 *fill*         0x00006e6a        0x2 
 .rodata._global_impure_ptr
                0x00006e6c        0x4 /home/sumanguru/Documents/SimplicityStudio_v3/developer/toolchains/gnu_arm/4.8_2013q4/bin/../lib/gcc/arm-none-eabi/4.8.3/../../../../arm-none-eabi/lib/armv7-m/libc_s.a(lib_a-impure.o)
                0x00006e6c                _global_impure_ptr
 *(.eh_frame*)
 .eh_frame      0x00006e70        0x0 /home/sumanguru/Documents/SimplicityStudio_v3/developer/toolchains/gnu_arm/4.8_2013q4/bin/../lib/gcc/arm-none-eabi/4.8.3/armv7-m/crtbegin.o
 .eh_frame      0x00006e70        0x4 /home/sumanguru/Documents/SimplicityStudio_v3/developer/toolchains/gnu_arm/4.8_2013q4/bin/../lib/gcc/arm-none-eabi/4.8.3/armv7-m/crtend.o

.glue_7         0x00006e74        0x0
 .glue_7        0x00000000        0x0 linker stubs

.glue_7t        0x00006e74        0x0
 .glue_7t       0x00000000        0x0 linker stubs

.vfp11_veneer   0x00006e74        0x0
 .vfp11_veneer  0x00000000        0x0 linker stubs

.v4_bx          0x00006e74        0x0
 .v4_bx         0x00000000        0x0 linker stubs

.iplt           0x00006e74        0x0
 .iplt          0x00000000        0x0 /home/sumanguru/Documents/SimplicityStudio_v3/developer/toolchains/gnu_arm/4.8_2013q4/bin/../lib/gcc/arm-none-eabi/4.8.3/armv7-m/crtbegin.o

.ARM.extab
 *(.ARM.extab* .gnu.linkonce.armextab.*)
                0x00006e74                __exidx_start = .

.ARM.exidx      0x00006e74        0x8
 *(.ARM.exidx* .gnu.linkonce.armexidx.*)
 .ARM.exidx     0x00006e74        0x8 /home/sumanguru/Documents/SimplicityStudio_v3/developer/toolchains/gnu_arm/4.8_2013q4/bin/../lib/gcc/arm-none-eabi/4.8.3/../../../../arm-none-eabi/lib/armv7-m/crt0.o
                0x00006e7c                __exidx_end = .
                0x00006e7c                __etext = .

.rel.dyn        0x00006e7c        0x0
 .rel.iplt      0x00000000        0x0 /home/sumanguru/Documents/SimplicityStudio_v3/developer/toolchains/gnu_arm/4.8_2013q4/bin/../lib/gcc/arm-none-eabi/4.8.3/armv7-m/crtbegin.o

.data           0x20000000       0x78 load address 0x00006e7c
                0x20000000                __data_start__ = .
 *(vtable)
 *(.data*)
 .data.SystemHFXOClock
                0x20000000        0x4 ./CMSIS/efm32gg/system_efm32gg.o
 .data.SystemLFXOClock
                0x20000004        0x4 ./CMSIS/efm32gg/system_efm32gg.o
 .data.loops_per_jiffy
                0x20000008        0x4 ./src/udelay.o
                0x20000008                loops_per_jiffy
 .data.hours    0x2000000c        0x4 ./src/rtc.o
                0x2000000c                hours
 .data.impure_data
                0x20000010       0x60 /home/sumanguru/Documents/SimplicityStudio_v3/developer/toolchains/gnu_arm/4.8_2013q4/bin/../lib/gcc/arm-none-eabi/4.8.3/../../../../arm-none-eabi/lib/armv7-m/libc_s.a(lib_a-impure.o)
                0x20000070                . = ALIGN (0x4)
 *(.ram)
                0x20000070                . = ALIGN (0x4)
                0x20000070                PROVIDE (__preinit_array_start, .)
 *(.preinit_array)
                0x20000070                PROVIDE (__preinit_array_end, .)
                0x20000070                . = ALIGN (0x4)
                0x20000070                PROVIDE (__init_array_start, .)
 *(SORT(.init_array.*))
 *(.init_array)
 .init_array    0x20000070        0x4 /home/sumanguru/Documents/SimplicityStudio_v3/developer/toolchains/gnu_arm/4.8_2013q4/bin/../lib/gcc/arm-none-eabi/4.8.3/armv7-m/crtbegin.o
                0x20000074                PROVIDE (__init_array_end, .)
                0x20000074                . = ALIGN (0x4)
                0x20000074                PROVIDE (__fini_array_start, .)
 *(SORT(.fini_array.*))
 *(.fini_array)
 .fini_array    0x20000074        0x4 /home/sumanguru/Documents/SimplicityStudio_v3/developer/toolchains/gnu_arm/4.8_2013q4/bin/../lib/gcc/arm-none-eabi/4.8.3/armv7-m/crtbegin.o
                0x20000078                PROVIDE (__fini_array_end, .)
                0x20000078                . = ALIGN (0x4)
                0x20000078                __data_end__ = .

.jcr            0x20000078        0x0 load address 0x00006ef4
 .jcr           0x20000078        0x0 /home/sumanguru/Documents/SimplicityStudio_v3/developer/toolchains/gnu_arm/4.8_2013q4/bin/../lib/gcc/arm-none-eabi/4.8.3/armv7-m/crtbegin.o

.igot.plt       0x20000078        0x0 load address 0x00006ef4
 .igot.plt      0x00000000        0x0 /home/sumanguru/Documents/SimplicityStudio_v3/developer/toolchains/gnu_arm/4.8_2013q4/bin/../lib/gcc/arm-none-eabi/4.8.3/armv7-m/crtbegin.o

.bss            0x20000078      0x510 load address 0x00006ef4
                0x20000078                __bss_start__ = .
 *(.bss*)
 .bss           0x20000078       0x1c /home/sumanguru/Documents/SimplicityStudio_v3/developer/toolchains/gnu_arm/4.8_2013q4/bin/../lib/gcc/arm-none-eabi/4.8.3/armv7-m/crtbegin.o
 .bss.cmuStatus
                0x20000094        0x4 ./emlib/em_emu.o
 .bss.framebuffer
                0x20000098      0x480 ./src/LS013_MD.o
 .bss.linestorender
                0x20000518       0x60 ./src/LS013_MD.o
 .bss.polarity  0x20000578        0x1 ./src/LS013_MD.o
 .bss.mode_static
                0x20000579        0x1 ./src/LS013_MD.o
 *fill*         0x2000057a        0x2 
 .bss.minutes   0x2000057c        0x4 ./src/rtc.o
                0x2000057c                minutes
 .bss.seconds   0x20000580        0x4 ./src/rtc.o
                0x20000580                seconds
 *(COMMON)
 COMMON         0x20000584        0x4 ./CMSIS/efm32gg/system_efm32gg.o
                0x20000584                SystemCoreClock
                0x20000588                __bss_end__ = .

.heap           0x20000588      0xc00
                0x20000588                __end__ = .
                0x20000588                end = __end__
                0x20000588                _end = __end__
 *(.heap*)
 .heap          0x20000588      0xc00 ./CMSIS/efm32gg/startup_gcc_efm32gg.o
                0x20000588                __HeapBase
                0x20001188                __HeapLimit = .

.stack_dummy    0x20000588      0x400
 *(.stack)
 .stack         0x20000588      0x400 ./CMSIS/efm32gg/startup_gcc_efm32gg.o
                0x20020000                __StackTop = (ORIGIN (RAM) + 0x20000)
                0x2001fc00                __StackLimit = (__StackTop - SIZEOF (.stack_dummy))
                0x20020000                PROVIDE (__stack, __StackTop)
                0x00000001                ASSERT ((__StackLimit >= __HeapLimit), region RAM overflowed with stack)
                0x00000001                ASSERT ((0x96000 >= (__etext + SIZEOF (.data))), FLASH memory overflowed !)
OUTPUT(Anastasia.axf elf32-littlearm)

.ARM.attributes
                0x00000000       0x29
 .ARM.attributes
                0x00000000       0x1d /home/sumanguru/Documents/SimplicityStudio_v3/developer/toolchains/gnu_arm/4.8_2013q4/bin/../lib/gcc/arm-none-eabi/4.8.3/armv7-m/crti.o
 .ARM.attributes
                0x0000001d       0x2d /home/sumanguru/Documents/SimplicityStudio_v3/developer/toolchains/gnu_arm/4.8_2013q4/bin/../lib/gcc/arm-none-eabi/4.8.3/armv7-m/crtbegin.o
 .ARM.attributes
                0x0000004a       0x1b /home/sumanguru/Documents/SimplicityStudio_v3/developer/toolchains/gnu_arm/4.8_2013q4/bin/../lib/gcc/arm-none-eabi/4.8.3/../../../../arm-none-eabi/lib/armv7-m/crt0.o
 .ARM.attributes
                0x00000065       0x33 ./src/InitDevice.o
 .ARM.attributes
                0x00000098       0x33 ./src/Graphics.o
 .ARM.attributes
                0x000000cb       0x33 ./src/main.o
 .ARM.attributes
                0x000000fe       0x33 ./emlib/em_burtc.o
 .ARM.attributes
                0x00000131       0x33 ./emlib/em_cmu.o
 .ARM.attributes
                0x00000164       0x33 ./emlib/em_emu.o
 .ARM.attributes
                0x00000197       0x33 ./emlib/em_i2c.o
 .ARM.attributes
                0x000001ca       0x33 ./emlib/em_rmu.o
 .ARM.attributes
                0x000001fd       0x33 ./emlib/em_rtc.o
 .ARM.attributes
                0x00000230       0x33 ./emlib/em_system.o
 .ARM.attributes
                0x00000263       0x33 ./emlib/em_usart.o
 .ARM.attributes
                0x00000296       0x1b ./CMSIS/efm32gg/startup_gcc_efm32gg.o
 .ARM.attributes
                0x000002b1       0x33 ./CMSIS/efm32gg/system_efm32gg.o
 .ARM.attributes
                0x000002e4       0x33 ./src/LS013_MD.o
 .ARM.attributes
                0x00000317       0x33 ./src/udelay.o
 .ARM.attributes
                0x0000034a       0x33 ./src/rtc.o
 .ARM.attributes
                0x0000037d       0x2d /home/sumanguru/Documents/SimplicityStudio_v3/developer/toolchains/gnu_arm/4.8_2013q4/bin/../lib/gcc/arm-none-eabi/4.8.3/../../../../arm-none-eabi/lib/armv7-m/libc_s.a(lib_a-exit.o)
 .ARM.attributes
                0x000003aa       0x2d /home/sumanguru/Documents/SimplicityStudio_v3/developer/toolchains/gnu_arm/4.8_2013q4/bin/../lib/gcc/arm-none-eabi/4.8.3/../../../../arm-none-eabi/lib/armv7-m/libc_s.a(lib_a-impure.o)
 .ARM.attributes
                0x000003d7       0x2d /home/sumanguru/Documents/SimplicityStudio_v3/developer/toolchains/gnu_arm/4.8_2013q4/bin/../lib/gcc/arm-none-eabi/4.8.3/../../../../arm-none-eabi/lib/armv7-m/libc_s.a(lib_a-init.o)
 .ARM.attributes
                0x00000404       0x2d /home/sumanguru/Documents/SimplicityStudio_v3/developer/toolchains/gnu_arm/4.8_2013q4/bin/../lib/gcc/arm-none-eabi/4.8.3/../../../../arm-none-eabi/lib/armv7-m/libc_s.a(lib_a-memcpy-stub.o)
 .ARM.attributes
                0x00000431       0x2d /home/sumanguru/Documents/SimplicityStudio_v3/developer/toolchains/gnu_arm/4.8_2013q4/bin/../lib/gcc/arm-none-eabi/4.8.3/../../../../arm-none-eabi/lib/armv7-m/libc_s.a(lib_a-memset.o)
 .ARM.attributes
                0x0000045e       0x2d /home/sumanguru/Documents/SimplicityStudio_v3/developer/toolchains/gnu_arm/4.8_2013q4/bin/../lib/gcc/arm-none-eabi/4.8.3/../../../../arm-none-eabi/lib/armv7-m/libnosys.a(_exit.o)
 .ARM.attributes
                0x0000048b       0x2d /home/sumanguru/Documents/SimplicityStudio_v3/developer/toolchains/gnu_arm/4.8_2013q4/bin/../lib/gcc/arm-none-eabi/4.8.3/armv7-m/crtend.o
 .ARM.attributes
                0x000004b8       0x1d /home/sumanguru/Documents/SimplicityStudio_v3/developer/toolchains/gnu_arm/4.8_2013q4/bin/../lib/gcc/arm-none-eabi/4.8.3/armv7-m/crtn.o

.comment        0x00000000       0x70
 .comment       0x00000000       0x70 ./src/InitDevice.o
                                 0x71 (size before relaxing)
 .comment       0x00000000       0x71 ./src/Graphics.o
 .comment       0x00000000       0x71 ./src/main.o
 .comment       0x00000000       0x71 ./emlib/em_burtc.o
 .comment       0x00000000       0x71 ./emlib/em_cmu.o
 .comment       0x00000000       0x71 ./emlib/em_emu.o
 .comment       0x00000000       0x71 ./emlib/em_i2c.o
 .comment       0x00000000       0x71 ./emlib/em_rmu.o
 .comment       0x00000000       0x71 ./emlib/em_rtc.o
 .comment       0x00000000       0x71 ./emlib/em_system.o
 .comment       0x00000000       0x71 ./emlib/em_usart.o
 .comment       0x00000000       0x71 ./CMSIS/efm32gg/system_efm32gg.o
 .comment       0x00000000       0x71 ./src/LS013_MD.o
 .comment       0x00000000       0x71 ./src/udelay.o
 .comment       0x00000000       0x71 ./src/rtc.o

.debug_info     0x00000000     0x7926
 .debug_info    0x00000000     0x112b ./src/InitDevice.o
 .debug_info    0x0000112b       0x9e ./src/Graphics.o
 .debug_info    0x000011c9      0x161 ./src/main.o
 .debug_info    0x0000132a      0x66f ./emlib/em_burtc.o
 .debug_info    0x00001999     0x10bb ./emlib/em_cmu.o
 .debug_info    0x00002a54      0xd9f ./emlib/em_emu.o
 .debug_info    0x000037f3      0x7bd ./emlib/em_i2c.o
 .debug_info    0x00003fb0      0x3cd ./emlib/em_rmu.o
 .debug_info    0x0000437d      0x32d ./emlib/em_rtc.o
 .debug_info    0x000046aa      0x245 ./emlib/em_system.o
 .debug_info    0x000048ef      0xe4a ./emlib/em_usart.o
 .debug_info    0x00005739       0xb2 ./CMSIS/efm32gg/startup_gcc_efm32gg.o
 .debug_info    0x000057eb      0x56a ./CMSIS/efm32gg/system_efm32gg.o
 .debug_info    0x00005d55      0xcf4 ./src/LS013_MD.o
 .debug_info    0x00006a49      0x9c1 ./src/udelay.o
 .debug_info    0x0000740a      0x51c ./src/rtc.o

.debug_abbrev   0x00000000     0x196c
 .debug_abbrev  0x00000000      0x197 ./src/InitDevice.o
 .debug_abbrev  0x00000197       0x5d ./src/Graphics.o
 .debug_abbrev  0x000001f4       0xe3 ./src/main.o
 .debug_abbrev  0x000002d7      0x226 ./emlib/em_burtc.o
 .debug_abbrev  0x000004fd      0x2e4 ./emlib/em_cmu.o
 .debug_abbrev  0x000007e1      0x263 ./emlib/em_emu.o
 .debug_abbrev  0x00000a44      0x234 ./emlib/em_i2c.o
 .debug_abbrev  0x00000c78      0x154 ./emlib/em_rmu.o
 .debug_abbrev  0x00000dcc      0x198 ./emlib/em_rtc.o
 .debug_abbrev  0x00000f64       0xef ./emlib/em_system.o
 .debug_abbrev  0x00001053      0x1ba ./emlib/em_usart.o
 .debug_abbrev  0x0000120d       0x14 ./CMSIS/efm32gg/startup_gcc_efm32gg.o
 .debug_abbrev  0x00001221      0x1a5 ./CMSIS/efm32gg/system_efm32gg.o
 .debug_abbrev  0x000013c6      0x204 ./src/LS013_MD.o
 .debug_abbrev  0x000015ca      0x1f8 ./src/udelay.o
 .debug_abbrev  0x000017c2      0x1aa ./src/rtc.o

.debug_loc      0x00000000     0x252c
 .debug_loc     0x00000000      0x5c8 ./src/InitDevice.o
 .debug_loc     0x000005c8       0x64 ./src/main.o
 .debug_loc     0x0000062c      0x2cc ./emlib/em_burtc.o
 .debug_loc     0x000008f8      0x708 ./emlib/em_cmu.o
 .debug_loc     0x00001000      0x3b4 ./emlib/em_emu.o
 .debug_loc     0x000013b4      0x1c0 ./emlib/em_i2c.o
 .debug_loc     0x00001574      0x138 ./emlib/em_rmu.o
 .debug_loc     0x000016ac      0x1a8 ./emlib/em_rtc.o
 .debug_loc     0x00001854       0x70 ./emlib/em_system.o
 .debug_loc     0x000018c4      0x460 ./emlib/em_usart.o
 .debug_loc     0x00001d24      0x1e8 ./CMSIS/efm32gg/system_efm32gg.o
 .debug_loc     0x00001f0c      0x36c ./src/LS013_MD.o
 .debug_loc     0x00002278      0x170 ./src/udelay.o
 .debug_loc     0x000023e8      0x144 ./src/rtc.o

.debug_aranges  0x00000000      0x730
 .debug_aranges
                0x00000000      0x118 ./src/InitDevice.o
 .debug_aranges
                0x00000118       0x18 ./src/Graphics.o
 .debug_aranges
                0x00000130       0x28 ./src/main.o
 .debug_aranges
                0x00000158       0x80 ./emlib/em_burtc.o
 .debug_aranges
                0x000001d8      0x120 ./emlib/em_cmu.o
 .debug_aranges
                0x000002f8       0xa8 ./emlib/em_emu.o
 .debug_aranges
                0x000003a0       0x58 ./emlib/em_i2c.o
 .debug_aranges
                0x000003f8       0x48 ./emlib/em_rmu.o
 .debug_aranges
                0x00000440       0x58 ./emlib/em_rtc.o
 .debug_aranges
                0x00000498       0x28 ./emlib/em_system.o
 .debug_aranges
                0x000004c0       0xb8 ./emlib/em_usart.o
 .debug_aranges
                0x00000578       0x20 ./CMSIS/efm32gg/startup_gcc_efm32gg.o
 .debug_aranges
                0x00000598       0x68 ./CMSIS/efm32gg/system_efm32gg.o
 .debug_aranges
                0x00000600       0x98 ./src/LS013_MD.o
 .debug_aranges
                0x00000698       0x50 ./src/udelay.o
 .debug_aranges
                0x000006e8       0x48 ./src/rtc.o

.debug_ranges   0x00000000      0x618
 .debug_ranges  0x00000000      0x108 ./src/InitDevice.o
 .debug_ranges  0x00000108       0x18 ./src/main.o
 .debug_ranges  0x00000120       0x70 ./emlib/em_burtc.o
 .debug_ranges  0x00000190      0x110 ./emlib/em_cmu.o
 .debug_ranges  0x000002a0       0x98 ./emlib/em_emu.o
 .debug_ranges  0x00000338       0x48 ./emlib/em_i2c.o
 .debug_ranges  0x00000380       0x38 ./emlib/em_rmu.o
 .debug_ranges  0x000003b8       0x48 ./emlib/em_rtc.o
 .debug_ranges  0x00000400       0x18 ./emlib/em_system.o
 .debug_ranges  0x00000418       0xa8 ./emlib/em_usart.o
 .debug_ranges  0x000004c0       0x58 ./CMSIS/efm32gg/system_efm32gg.o
 .debug_ranges  0x00000518       0x88 ./src/LS013_MD.o
 .debug_ranges  0x000005a0       0x40 ./src/udelay.o
 .debug_ranges  0x000005e0       0x38 ./src/rtc.o

.debug_line     0x00000000     0x36e5
 .debug_line    0x00000000      0x58b ./src/InitDevice.o
 .debug_line    0x0000058b       0xaa ./src/Graphics.o
 .debug_line    0x00000635      0x21d ./src/main.o
 .debug_line    0x00000852      0x3b9 ./emlib/em_burtc.o
 .debug_line    0x00000c0b      0x807 ./emlib/em_cmu.o
 .debug_line    0x00001412      0x4af ./emlib/em_emu.o
 .debug_line    0x000018c1      0x3cd ./emlib/em_i2c.o
 .debug_line    0x00001c8e      0x2a9 ./emlib/em_rmu.o
 .debug_line    0x00001f37      0x2bf ./emlib/em_rtc.o
 .debug_line    0x000021f6      0x23f ./emlib/em_system.o
 .debug_line    0x00002435      0x4dc ./emlib/em_usart.o
 .debug_line    0x00002911       0x9f ./CMSIS/efm32gg/startup_gcc_efm32gg.o
 .debug_line    0x000029b0      0x28a ./CMSIS/efm32gg/system_efm32gg.o
 .debug_line    0x00002c3a      0x523 ./src/LS013_MD.o
 .debug_line    0x0000315d      0x30e ./src/udelay.o
 .debug_line    0x0000346b      0x27a ./src/rtc.o

.debug_str      0x00000000     0x2d5f
 .debug_str     0x00000000     0x10d0 ./src/InitDevice.o
                               0x117b (size before relaxing)
 .debug_str     0x000010d0       0x2d ./src/Graphics.o
                                0x1ee (size before relaxing)
 .debug_str     0x000010fd       0x5c ./src/main.o
                                0x256 (size before relaxing)
 .debug_str     0x00001159      0x19a ./emlib/em_burtc.o
                                0x4e8 (size before relaxing)
 .debug_str     0x000012f3      0x5d2 ./emlib/em_cmu.o
                                0xc4b (size before relaxing)
 .debug_str     0x000018c5      0x498 ./emlib/em_emu.o
                                0x84a (size before relaxing)
 .debug_str     0x00001d5d      0x26e ./emlib/em_i2c.o
                                0x773 (size before relaxing)
 .debug_str     0x00001fcb       0xd0 ./emlib/em_rmu.o
                                0x396 (size before relaxing)
 .debug_str     0x0000209b       0x20 ./emlib/em_rtc.o
                                0x2dc (size before relaxing)
 .debug_str     0x000020bb       0x7b ./emlib/em_system.o
                                0x2cf (size before relaxing)
 .debug_str     0x00002136      0x50a ./emlib/em_usart.o
                                0xd8f (size before relaxing)
 .debug_str     0x00002640      0x101 ./CMSIS/efm32gg/system_efm32gg.o
                                0x498 (size before relaxing)
 .debug_str     0x00002741      0x290 ./src/LS013_MD.o
                                0x9dd (size before relaxing)
 .debug_str     0x000029d1      0x321 ./src/udelay.o
                                0x9f7 (size before relaxing)
 .debug_str     0x00002cf2       0x6d ./src/rtc.o
                                0x54d (size before relaxing)

.debug_frame    0x00000000     0x15cc
 .debug_frame   0x00000000      0x358 ./src/InitDevice.o
 .debug_frame   0x00000358       0x4c ./src/main.o
 .debug_frame   0x000003a4      0x194 ./emlib/em_burtc.o
 .debug_frame   0x00000538      0x3cc ./emlib/em_cmu.o
 .debug_frame   0x00000904      0x210 ./emlib/em_emu.o
 .debug_frame   0x00000b14      0x104 ./emlib/em_i2c.o
 .debug_frame   0x00000c18       0xb8 ./emlib/em_rmu.o
 .debug_frame   0x00000cd0       0xf0 ./emlib/em_rtc.o
 .debug_frame   0x00000dc0       0x48 ./emlib/em_system.o
 .debug_frame   0x00000e08      0x25c ./emlib/em_usart.o
 .debug_frame   0x00001064      0x120 ./CMSIS/efm32gg/system_efm32gg.o
 .debug_frame   0x00001184      0x1f8 ./src/LS013_MD.o
 .debug_frame   0x0000137c       0xd8 ./src/udelay.o
 .debug_frame   0x00001454       0xbc ./src/rtc.o
 .debug_frame   0x00001510       0x28 /home/sumanguru/Documents/SimplicityStudio_v3/developer/toolchains/gnu_arm/4.8_2013q4/bin/../lib/gcc/arm-none-eabi/4.8.3/../../../../arm-none-eabi/lib/armv7-m/libc_s.a(lib_a-exit.o)
 .debug_frame   0x00001538       0x2c /home/sumanguru/Documents/SimplicityStudio_v3/developer/toolchains/gnu_arm/4.8_2013q4/bin/../lib/gcc/arm-none-eabi/4.8.3/../../../../arm-none-eabi/lib/armv7-m/libc_s.a(lib_a-init.o)
 .debug_frame   0x00001564       0x28 /home/sumanguru/Documents/SimplicityStudio_v3/developer/toolchains/gnu_arm/4.8_2013q4/bin/../lib/gcc/arm-none-eabi/4.8.3/../../../../arm-none-eabi/lib/armv7-m/libc_s.a(lib_a-memcpy-stub.o)
 .debug_frame   0x0000158c       0x20 /home/sumanguru/Documents/SimplicityStudio_v3/developer/toolchains/gnu_arm/4.8_2013q4/bin/../lib/gcc/arm-none-eabi/4.8.3/../../../../arm-none-eabi/lib/armv7-m/libc_s.a(lib_a-memset.o)
 .debug_frame   0x000015ac       0x20 /home/sumanguru/Documents/SimplicityStudio_v3/developer/toolchains/gnu_arm/4.8_2013q4/bin/../lib/gcc/arm-none-eabi/4.8.3/../../../../arm-none-eabi/lib/armv7-m/libnosys.a(_exit.o)
