Archive member included because of file (symbol)

/home/sumanguru/Documents/SimplicityStudio_v3/developer/toolchains/gnu_arm/4.8_2013q4/bin/../lib/gcc/arm-none-eabi/4.8.3/armv7-m/libgcc.a(_arm_addsubdf3.o)
                              ./src/MPU9250.o (__aeabi_dadd)
/home/sumanguru/Documents/SimplicityStudio_v3/developer/toolchains/gnu_arm/4.8_2013q4/bin/../lib/gcc/arm-none-eabi/4.8.3/armv7-m/libgcc.a(_arm_muldivdf3.o)
                              ./src/MPU9250.o (__aeabi_dmul)
/home/sumanguru/Documents/SimplicityStudio_v3/developer/toolchains/gnu_arm/4.8_2013q4/bin/../lib/gcc/arm-none-eabi/4.8.3/armv7-m/libgcc.a(_arm_truncdfsf2.o)
                              ./src/MPU9250.o (__aeabi_d2f)
/home/sumanguru/Documents/SimplicityStudio_v3/developer/toolchains/gnu_arm/4.8_2013q4/bin/../lib/gcc/arm-none-eabi/4.8.3/armv7-m/libgcc.a(_arm_addsubsf3.o)
                              ./src/MPU9250.o (__aeabi_ui2f)
/home/sumanguru/Documents/SimplicityStudio_v3/developer/toolchains/gnu_arm/4.8_2013q4/bin/../lib/gcc/arm-none-eabi/4.8.3/armv7-m/libgcc.a(_arm_muldivsf3.o)
                              ./src/MPU9250.o (__aeabi_fdiv)
/home/sumanguru/Documents/SimplicityStudio_v3/developer/toolchains/gnu_arm/4.8_2013q4/bin/../lib/gcc/arm-none-eabi/4.8.3/../../../../arm-none-eabi/lib/armv7-m/libc_s.a(lib_a-exit.o)
                              /home/sumanguru/Documents/SimplicityStudio_v3/developer/toolchains/gnu_arm/4.8_2013q4/bin/../lib/gcc/arm-none-eabi/4.8.3/../../../../arm-none-eabi/lib/armv7-m/crt0.o (exit)
/home/sumanguru/Documents/SimplicityStudio_v3/developer/toolchains/gnu_arm/4.8_2013q4/bin/../lib/gcc/arm-none-eabi/4.8.3/../../../../arm-none-eabi/lib/armv7-m/libc_s.a(lib_a-impure.o)
                              /home/sumanguru/Documents/SimplicityStudio_v3/developer/toolchains/gnu_arm/4.8_2013q4/bin/../lib/gcc/arm-none-eabi/4.8.3/../../../../arm-none-eabi/lib/armv7-m/libc_s.a(lib_a-exit.o) (_global_impure_ptr)
/home/sumanguru/Documents/SimplicityStudio_v3/developer/toolchains/gnu_arm/4.8_2013q4/bin/../lib/gcc/arm-none-eabi/4.8.3/../../../../arm-none-eabi/lib/armv7-m/libc_s.a(lib_a-init.o)
                              /home/sumanguru/Documents/SimplicityStudio_v3/developer/toolchains/gnu_arm/4.8_2013q4/bin/../lib/gcc/arm-none-eabi/4.8.3/../../../../arm-none-eabi/lib/armv7-m/crt0.o (__libc_init_array)
/home/sumanguru/Documents/SimplicityStudio_v3/developer/toolchains/gnu_arm/4.8_2013q4/bin/../lib/gcc/arm-none-eabi/4.8.3/../../../../arm-none-eabi/lib/armv7-m/libc_s.a(lib_a-memcpy-stub.o)
                              ./src/LS013_MD.o (memcpy)
/home/sumanguru/Documents/SimplicityStudio_v3/developer/toolchains/gnu_arm/4.8_2013q4/bin/../lib/gcc/arm-none-eabi/4.8.3/../../../../arm-none-eabi/lib/armv7-m/libc_s.a(lib_a-memset.o)
                              /home/sumanguru/Documents/SimplicityStudio_v3/developer/toolchains/gnu_arm/4.8_2013q4/bin/../lib/gcc/arm-none-eabi/4.8.3/../../../../arm-none-eabi/lib/armv7-m/crt0.o (memset)
/home/sumanguru/Documents/SimplicityStudio_v3/developer/toolchains/gnu_arm/4.8_2013q4/bin/../lib/gcc/arm-none-eabi/4.8.3/../../../../arm-none-eabi/lib/armv7-m/libnosys.a(_exit.o)
                              /home/sumanguru/Documents/SimplicityStudio_v3/developer/toolchains/gnu_arm/4.8_2013q4/bin/../lib/gcc/arm-none-eabi/4.8.3/../../../../arm-none-eabi/lib/armv7-m/libc_s.a(lib_a-exit.o) (_exit)

Allocating common symbols
Common symbol       size              file

SystemCoreClock     0x4               ./CMSIS/efm32gg/system_efm32gg.o
aRes                0x4               ./src/MPU9250.o
gRes                0x4               ./src/MPU9250.o
mRes                0x4               ./src/MPU9250.o

Discarded input sections

 .text          0x00000000        0x0 /home/sumanguru/Documents/SimplicityStudio_v3/developer/toolchains/gnu_arm/4.8_2013q4/bin/../lib/gcc/arm-none-eabi/4.8.3/armv7-m/crti.o
 .data          0x00000000        0x0 /home/sumanguru/Documents/SimplicityStudio_v3/developer/toolchains/gnu_arm/4.8_2013q4/bin/../lib/gcc/arm-none-eabi/4.8.3/armv7-m/crti.o
 .bss           0x00000000        0x0 /home/sumanguru/Documents/SimplicityStudio_v3/developer/toolchains/gnu_arm/4.8_2013q4/bin/../lib/gcc/arm-none-eabi/4.8.3/armv7-m/crti.o
 .data          0x00000000        0x4 /home/sumanguru/Documents/SimplicityStudio_v3/developer/toolchains/gnu_arm/4.8_2013q4/bin/../lib/gcc/arm-none-eabi/4.8.3/armv7-m/crtbegin.o
 .data          0x00000000        0x0 /home/sumanguru/Documents/SimplicityStudio_v3/developer/toolchains/gnu_arm/4.8_2013q4/bin/../lib/gcc/arm-none-eabi/4.8.3/../../../../arm-none-eabi/lib/armv7-m/crt0.o
 .bss           0x00000000        0x0 /home/sumanguru/Documents/SimplicityStudio_v3/developer/toolchains/gnu_arm/4.8_2013q4/bin/../lib/gcc/arm-none-eabi/4.8.3/../../../../arm-none-eabi/lib/armv7-m/crt0.o
 .ARM.extab     0x00000000        0x0 /home/sumanguru/Documents/SimplicityStudio_v3/developer/toolchains/gnu_arm/4.8_2013q4/bin/../lib/gcc/arm-none-eabi/4.8.3/../../../../arm-none-eabi/lib/armv7-m/crt0.o
 .text          0x00000000        0x0 ./src/AFE4490.o
 .data          0x00000000        0x0 ./src/AFE4490.o
 .bss           0x00000000        0x0 ./src/AFE4490.o
 .rodata        0x00000000       0x18 ./src/AFE4490.o
 .text.AFE4490_Init
                0x00000000       0x7c ./src/AFE4490.o
 .debug_info    0x00000000      0x4a6 ./src/AFE4490.o
 .debug_abbrev  0x00000000       0xeb ./src/AFE4490.o
 .debug_loc     0x00000000       0x38 ./src/AFE4490.o
 .debug_aranges
                0x00000000       0x20 ./src/AFE4490.o
 .debug_ranges  0x00000000       0x10 ./src/AFE4490.o
 .debug_line    0x00000000      0x204 ./src/AFE4490.o
 .debug_str     0x00000000      0x679 ./src/AFE4490.o
 .comment       0x00000000       0x71 ./src/AFE4490.o
 .ARM.attributes
                0x00000000       0x33 ./src/AFE4490.o
 .debug_frame   0x00000000       0x34 ./src/AFE4490.o
 .text          0x00000000        0x0 ./src/BQ25010.o
 .data          0x00000000        0x0 ./src/BQ25010.o
 .bss           0x00000000        0x0 ./src/BQ25010.o
 .text.BQ25010_init
                0x00000000       0x28 ./src/BQ25010.o
 .text.BQ25010_get_status
                0x00000000       0x30 ./src/BQ25010.o
 .text.BQ25010_charge_on
                0x00000000       0x1c ./src/BQ25010.o
 .text.BQ25010_charge_off
                0x00000000       0x1c ./src/BQ25010.o
 .text.BQ25010_USB_charge_high
                0x00000000       0x1c ./src/BQ25010.o
 .text.BQ25010_USB_charge_low
                0x00000000       0x1c ./src/BQ25010.o
 .debug_info    0x00000000      0x316 ./src/BQ25010.o
 .debug_abbrev  0x00000000       0xe5 ./src/BQ25010.o
 .debug_loc     0x00000000      0x114 ./src/BQ25010.o
 .debug_aranges
                0x00000000       0x48 ./src/BQ25010.o
 .debug_ranges  0x00000000       0x38 ./src/BQ25010.o
 .debug_line    0x00000000      0x205 ./src/BQ25010.o
 .debug_str     0x00000000      0x320 ./src/BQ25010.o
 .comment       0x00000000       0x71 ./src/BQ25010.o
 .ARM.attributes
                0x00000000       0x33 ./src/BQ25010.o
 .debug_frame   0x00000000       0xa4 ./src/BQ25010.o
 .text          0x00000000        0x0 ./src/BQ27421.o
 .data          0x00000000        0x0 ./src/BQ27421.o
 .bss           0x00000000        0x0 ./src/BQ27421.o
 .rodata.BQ27421_ADDR
                0x00000000        0x4 ./src/BQ27421.o
 .text.BQ27421_Get_Temp
                0x00000000       0x5c ./src/BQ27421.o
 .text.BQ27421_Get_Pack_Voltage
                0x00000000       0x5c ./src/BQ27421.o
 .text          0x00000000        0x0 ./src/InitDevice.o
 .data          0x00000000        0x0 ./src/InitDevice.o
 .bss           0x00000000        0x0 ./src/InitDevice.o
 .text.ADC0_enter_DefaultMode_from_RESET
                0x00000000        0xc ./src/InitDevice.o
 .text.ACMP0_enter_DefaultMode_from_RESET
                0x00000000        0xc ./src/InitDevice.o
 .text.ACMP1_enter_DefaultMode_from_RESET
                0x00000000        0xc ./src/InitDevice.o
 .text.DAC0_enter_DefaultMode_from_RESET
                0x00000000        0xc ./src/InitDevice.o
 .text.OPAMP0_enter_DefaultMode_from_RESET
                0x00000000        0xc ./src/InitDevice.o
 .text.OPAMP1_enter_DefaultMode_from_RESET
                0x00000000        0xc ./src/InitDevice.o
 .text.OPAMP2_enter_DefaultMode_from_RESET
                0x00000000        0xc ./src/InitDevice.o
 .text.USART2_enter_DefaultMode_from_RESET
                0x00000000        0xc ./src/InitDevice.o
 .text.LEUART0_enter_DefaultMode_from_RESET
                0x00000000        0xc ./src/InitDevice.o
 .text.LEUART1_enter_DefaultMode_from_RESET
                0x00000000        0xc ./src/InitDevice.o
 .text.VCMP_enter_DefaultMode_from_RESET
                0x00000000        0xc ./src/InitDevice.o
 .text.WDOG_enter_DefaultMode_from_RESET
                0x00000000        0xc ./src/InitDevice.o
 .text.TIMER0_enter_DefaultMode_from_RESET
                0x00000000        0xc ./src/InitDevice.o
 .text.TIMER1_enter_DefaultMode_from_RESET
                0x00000000        0xc ./src/InitDevice.o
 .text.TIMER2_enter_DefaultMode_from_RESET
                0x00000000        0xc ./src/InitDevice.o
 .text.TIMER3_enter_DefaultMode_from_RESET
                0x00000000        0xc ./src/InitDevice.o
 .text.PCNT0_enter_DefaultMode_from_RESET
                0x00000000        0xc ./src/InitDevice.o
 .text.PCNT1_enter_DefaultMode_from_RESET
                0x00000000        0xc ./src/InitDevice.o
 .text.PCNT2_enter_DefaultMode_from_RESET
                0x00000000        0xc ./src/InitDevice.o
 .text.PRS_enter_DefaultMode_from_RESET
                0x00000000        0xc ./src/InitDevice.o
 .text.ETM_enter_DefaultMode_from_RESET
                0x00000000        0xc ./src/InitDevice.o
 .text          0x00000000        0x0 ./src/MPU9250.o
 .data          0x00000000        0x0 ./src/MPU9250.o
 .bss           0x00000000        0x0 ./src/MPU9250.o
 .bss.Gscale    0x00000000        0x1 ./src/MPU9250.o
 .bss.Ascale    0x00000000        0x1 ./src/MPU9250.o
 .data.Mscale   0x00000000        0x1 ./src/MPU9250.o
 .data.Mmode    0x00000000        0x1 ./src/MPU9250.o
 .text.MPU9250_WhoAmI
                0x00000000       0x4c ./src/MPU9250.o
 .text.MPU9250_GetMres
                0x00000000       0x3c ./src/MPU9250.o
 .text.MPU9250_GetGres
                0x00000000       0x64 ./src/MPU9250.o
 .text.MPU9250_GetAres
                0x00000000       0x5c ./src/MPU9250.o
 .text.MPU9250_ReadAccelData
                0x00000000       0x8c ./src/MPU9250.o
 .text.MPU9250_ReadGyroData
                0x00000000       0x8c ./src/MPU9250.o
 .text.MPU9250_ReadMagData
                0x00000000       0xe0 ./src/MPU9250.o
 .text.MPU9250_ReadTempData
                0x00000000       0x54 ./src/MPU9250.o
 .text.MPU9250_InitAK8963
                0x00000000      0x21c ./src/MPU9250.o
 .rodata        0x00000000       0x10 ./src/MPU9250.o
 .text.MPU9250_Init
                0x00000000      0x3c0 ./src/MPU9250.o
 .text.MPU9250_Calibrate
                0x00000000      0xb04 ./src/MPU9250.o
 .text.MPU9250_SelfTest
                0x00000000      0x7ec ./src/MPU9250.o
 .debug_info    0x00000000      0x8a8 ./src/MPU9250.o
 .debug_abbrev  0x00000000      0x1de ./src/MPU9250.o
 .debug_loc     0x00000000      0x282 ./src/MPU9250.o
 .debug_aranges
                0x00000000       0x78 ./src/MPU9250.o
 .debug_ranges  0x00000000       0x68 ./src/MPU9250.o
 .debug_line    0x00000000      0x828 ./src/MPU9250.o
 .debug_str     0x00000000      0x5de ./src/MPU9250.o
 .comment       0x00000000       0x71 ./src/MPU9250.o
 .ARM.attributes
                0x00000000       0x33 ./src/MPU9250.o
 .debug_frame   0x00000000      0x180 ./src/MPU9250.o
 COMMON         0x00000000        0xc ./src/MPU9250.o
 .text          0x00000000        0x0 ./src/Graphics.o
 .data          0x00000000        0x0 ./src/Graphics.o
 .bss           0x00000000        0x0 ./src/Graphics.o
 .text          0x00000000        0x0 ./src/main.o
 .data          0x00000000        0x0 ./src/main.o
 .bss           0x00000000        0x0 ./src/main.o
 .text          0x00000000        0x0 ./emlib/em_burtc.o
 .data          0x00000000        0x0 ./emlib/em_burtc.o
 .bss           0x00000000        0x0 ./emlib/em_burtc.o
 .text.BITBAND_PeripheralRead
                0x00000000       0x2c ./emlib/em_burtc.o
 .text.BURTC_CompareGet
                0x00000000       0x1c ./emlib/em_burtc.o
 .text.BURTC_CounterReset
                0x00000000       0x20 ./emlib/em_burtc.o
 .text.BURTC_Reset
                0x00000000       0x3c ./emlib/em_burtc.o
 .text.BURTC_ClockFreqGet
                0x00000000       0x7c ./emlib/em_burtc.o
 .text          0x00000000        0x0 ./emlib/em_cmu.o
 .data          0x00000000        0x0 ./emlib/em_cmu.o
 .bss           0x00000000        0x0 ./emlib/em_cmu.o
 .text.CMU_Calibrate
                0x00000000       0x88 ./emlib/em_cmu.o
 .text.CMU_CalibrateConfig
                0x00000000       0xd8 ./emlib/em_cmu.o
 .text.CMU_FreezeEnable
                0x00000000       0x38 ./emlib/em_cmu.o
 .text.CMU_AUXHFRCOBandGet
                0x00000000       0x20 ./emlib/em_cmu.o
 .text.CMU_AUXHFRCOBandSet
                0x00000000       0xb0 ./emlib/em_cmu.o
 .text.CMU_HFRCOBandGet
                0x00000000       0x20 ./emlib/em_cmu.o
 .text.CMU_HFRCOBandSet
                0x00000000       0xcc ./emlib/em_cmu.o
 .text.CMU_HFRCOStartupDelayGet
                0x00000000       0x1c ./emlib/em_cmu.o
 .text.CMU_HFRCOStartupDelaySet
                0x00000000       0x30 ./emlib/em_cmu.o
 .text.CMU_LCDClkFDIVGet
                0x00000000       0x10 ./emlib/em_cmu.o
 .text.CMU_LCDClkFDIVSet
                0x00000000       0x14 ./emlib/em_cmu.o
 .text.CMU_OscillatorTuningGet
                0x00000000       0x50 ./emlib/em_cmu.o
 .text.CMU_OscillatorTuningSet
                0x00000000       0x74 ./emlib/em_cmu.o
 .text.CMU_PCNTClockExternalGet
                0x00000000       0x64 ./emlib/em_cmu.o
 .text.CMU_PCNTClockExternalSet
                0x00000000       0x34 ./emlib/em_cmu.o
 .text          0x00000000        0x0 ./emlib/em_emu.o
 .data          0x00000000        0x0 ./emlib/em_emu.o
 .bss           0x00000000        0x0 ./emlib/em_emu.o
 .text.SystemCoreClockUpdate
                0x00000000        0xc ./emlib/em_emu.o
 .text.BITBAND_Peripheral
                0x00000000       0x2c ./emlib/em_emu.o
 .text.EMU_BUPinEnable
                0x00000000       0x20 ./emlib/em_emu.o
 .text.EMU_Unlock
                0x00000000       0x18 ./emlib/em_emu.o
 .text.CMU_Lock
                0x00000000       0x18 ./emlib/em_emu.o
 .text.CMU_Unlock
                0x00000000       0x1c ./emlib/em_emu.o
 .text.EMU_Restore
                0x00000000       0xf4 ./emlib/em_emu.o
 .text.getErrataFixEmuE107En
                0x00000000       0x68 ./emlib/em_emu.o
 .text.EMU_EnterEM2
                0x00000000       0x9c ./emlib/em_emu.o
 .text.EMU_EnterEM3
                0x00000000       0xbc ./emlib/em_emu.o
 .text.EMU_EnterEM4
                0x00000000       0x50 ./emlib/em_emu.o
 .text.EMU_MemPwrDown
                0x00000000       0x1c ./emlib/em_emu.o
 .text.EMU_EM23Init
                0x00000000       0x34 ./emlib/em_emu.o
 .text.EMU_EM4Init
                0x00000000       0x50 ./emlib/em_emu.o
 .text.EMU_BUPDInit
                0x00000000       0xcc ./emlib/em_emu.o
 .text.EMU_BUThresholdSet
                0x00000000       0x4c ./emlib/em_emu.o
 .text.EMU_BUThresRangeSet
                0x00000000       0x50 ./emlib/em_emu.o
 .text          0x00000000        0x0 ./emlib/em_gpio.o
 .data          0x00000000        0x0 ./emlib/em_gpio.o
 .bss           0x00000000        0x0 ./emlib/em_gpio.o
 .text.BITBAND_Peripheral
                0x00000000       0x2c ./emlib/em_gpio.o
 .text.GPIO_DbgLocationSet
                0x00000000       0x2c ./emlib/em_gpio.o
 .text.GPIO_DriveModeSet
                0x00000000       0x50 ./emlib/em_gpio.o
 .text.GPIO_IntConfig
                0x00000000       0xc0 ./emlib/em_gpio.o
 .text.GPIO_PinModeSet
                0x00000000      0x144 ./emlib/em_gpio.o
 .debug_info    0x00000000      0x4d4 ./emlib/em_gpio.o
 .debug_abbrev  0x00000000      0x13a ./emlib/em_gpio.o
 .debug_loc     0x00000000      0x118 ./emlib/em_gpio.o
 .debug_aranges
                0x00000000       0x40 ./emlib/em_gpio.o
 .debug_ranges  0x00000000       0x30 ./emlib/em_gpio.o
 .debug_line    0x00000000      0x2a7 ./emlib/em_gpio.o
 .debug_str     0x00000000      0x560 ./emlib/em_gpio.o
 .comment       0x00000000       0x71 ./emlib/em_gpio.o
 .ARM.attributes
                0x00000000       0x33 ./emlib/em_gpio.o
 .debug_frame   0x00000000       0xa8 ./emlib/em_gpio.o
 .text          0x00000000        0x0 ./emlib/em_i2c.o
 .data          0x00000000        0x0 ./emlib/em_i2c.o
 .bss           0x00000000        0x0 ./emlib/em_i2c.o
 .text.I2C_BusFreqGet
                0x00000000       0x44 ./emlib/em_i2c.o
 .text.I2C_Enable
                0x00000000       0x3c ./emlib/em_i2c.o
 .text.I2C_Reset
                0x00000000       0x3c ./emlib/em_i2c.o
 .text          0x00000000        0x0 ./emlib/em_rmu.o
 .data          0x00000000        0x0 ./emlib/em_rmu.o
 .bss           0x00000000        0x0 ./emlib/em_rmu.o
 .text.EMU_Lock
                0x00000000       0x18 ./emlib/em_rmu.o
 .text.EMU_Unlock
                0x00000000       0x18 ./emlib/em_rmu.o
 .rodata.resetCauseMasks
                0x00000000       0x80 ./emlib/em_rmu.o
 .text.RMU_ResetCauseClear
                0x00000000       0x50 ./emlib/em_rmu.o
 .text.RMU_ResetCauseGet
                0x00000000       0x68 ./emlib/em_rmu.o
 .text          0x00000000        0x0 ./emlib/em_rtc.o
 .data          0x00000000        0x0 ./emlib/em_rtc.o
 .bss           0x00000000        0x0 ./emlib/em_rtc.o
 .text.RTC_CompareGet
                0x00000000       0x3c ./emlib/em_rtc.o
 .text.RTC_Reset
                0x00000000       0x34 ./emlib/em_rtc.o
 .text.RTC_CounterReset
                0x00000000       0x14 ./emlib/em_rtc.o
 .text          0x00000000        0x0 ./emlib/em_system.o
 .data          0x00000000        0x0 ./emlib/em_system.o
 .bss           0x00000000        0x0 ./emlib/em_system.o
 .text.SYSTEM_GetCalibrationValue
                0x00000000       0x54 ./emlib/em_system.o
 .text          0x00000000        0x0 ./emlib/em_usart.o
 .data          0x00000000        0x0 ./emlib/em_usart.o
 .bss           0x00000000        0x0 ./emlib/em_usart.o
 .text.USART_BaudrateAsyncSet
                0x00000000       0xb0 ./emlib/em_usart.o
 .text.USART_BaudrateCalc
                0x00000000       0xb8 ./emlib/em_usart.o
 .text.USART_BaudrateGet
                0x00000000       0x50 ./emlib/em_usart.o
 .text.USART_Enable
                0x00000000       0x58 ./emlib/em_usart.o
 .text.USART_InitAsync
                0x00000000       0x9c ./emlib/em_usart.o
 .text.USART_InitIrDA
                0x00000000       0x74 ./emlib/em_usart.o
 .text.USART_InitI2s
                0x00000000       0x94 ./emlib/em_usart.o
 .text.USART_Rx
                0x00000000       0x28 ./emlib/em_usart.o
 .text.USART_RxDouble
                0x00000000       0x28 ./emlib/em_usart.o
 .text.USART_RxDoubleExt
                0x00000000       0x28 ./emlib/em_usart.o
 .text.USART_RxExt
                0x00000000       0x28 ./emlib/em_usart.o
 .text.USART_SpiTransfer
                0x00000000       0x40 ./emlib/em_usart.o
 .text.USART_TxDoubleExt
                0x00000000       0x28 ./emlib/em_usart.o
 .text.USART_TxExt
                0x00000000       0x2c ./emlib/em_usart.o
 .data          0x00000000        0x0 ./CMSIS/efm32gg/startup_gcc_efm32gg.o
 .bss           0x00000000        0x0 ./CMSIS/efm32gg/startup_gcc_efm32gg.o
 .text          0x00000000        0x0 ./CMSIS/efm32gg/system_efm32gg.o
 .data          0x00000000        0x0 ./CMSIS/efm32gg/system_efm32gg.o
 .bss           0x00000000        0x0 ./CMSIS/efm32gg/system_efm32gg.o
 .text.SystemLFXOClockSet
                0x00000000       0x2c ./CMSIS/efm32gg/system_efm32gg.o
 .text          0x00000000        0x0 ./src/LS013_MD.o
 .data          0x00000000        0x0 ./src/LS013_MD.o
 .bss           0x00000000        0x0 ./src/LS013_MD.o
 .text.LS013_ClearBufferArea
                0x00000000      0x1fc ./src/LS013_MD.o
 .text.LS013_SpriteToBuffer
                0x00000000      0x168 ./src/LS013_MD.o
 .text.LS013_StaticMode
                0x00000000       0x3c ./src/LS013_MD.o
 .text.LS013_Disable
                0x00000000       0x10 ./src/LS013_MD.o
 .text          0x00000000        0x0 ./src/mdelay.o
 .data          0x00000000        0x0 ./src/mdelay.o
 .bss           0x00000000        0x0 ./src/mdelay.o
 .text          0x00000000        0x0 ./src/udelay.o
 .data          0x00000000        0x0 ./src/udelay.o
 .bss           0x00000000        0x0 ./src/udelay.o
 .text          0x00000000        0x0 ./src/EEPROM.o
 .data          0x00000000        0x0 ./src/EEPROM.o
 .bss           0x00000000        0x0 ./src/EEPROM.o
 .text.EEPROM_AckPoll
                0x00000000       0x54 ./src/EEPROM.o
 .text.EEPROM_Read
                0x00000000       0x84 ./src/EEPROM.o
 .text.EEPROM_Write
                0x00000000       0xd4 ./src/EEPROM.o
 .debug_info    0x00000000      0x3c3 ./src/EEPROM.o
 .debug_abbrev  0x00000000      0x15e ./src/EEPROM.o
 .debug_loc     0x00000000       0xaa ./src/EEPROM.o
 .debug_aranges
                0x00000000       0x30 ./src/EEPROM.o
 .debug_ranges  0x00000000       0x20 ./src/EEPROM.o
 .debug_line    0x00000000      0x257 ./src/EEPROM.o
 .debug_str     0x00000000      0x35d ./src/EEPROM.o
 .comment       0x00000000       0x71 ./src/EEPROM.o
 .ARM.attributes
                0x00000000       0x33 ./src/EEPROM.o
 .debug_frame   0x00000000       0x70 ./src/EEPROM.o
 .text          0x00000000        0x0 ./src/rtc.o
 .data          0x00000000        0x0 ./src/rtc.o
 .bss           0x00000000        0x0 ./src/rtc.o
 .text.RTC_GetTime
                0x00000000       0x50 ./src/rtc.o
 .text          0x00000000      0x370 /home/sumanguru/Documents/SimplicityStudio_v3/developer/toolchains/gnu_arm/4.8_2013q4/bin/../lib/gcc/arm-none-eabi/4.8.3/armv7-m/libgcc.a(_arm_addsubdf3.o)
 .data          0x00000000        0x0 /home/sumanguru/Documents/SimplicityStudio_v3/developer/toolchains/gnu_arm/4.8_2013q4/bin/../lib/gcc/arm-none-eabi/4.8.3/armv7-m/libgcc.a(_arm_addsubdf3.o)
 .bss           0x00000000        0x0 /home/sumanguru/Documents/SimplicityStudio_v3/developer/toolchains/gnu_arm/4.8_2013q4/bin/../lib/gcc/arm-none-eabi/4.8.3/armv7-m/libgcc.a(_arm_addsubdf3.o)
 .ARM.attributes
                0x00000000       0x1d /home/sumanguru/Documents/SimplicityStudio_v3/developer/toolchains/gnu_arm/4.8_2013q4/bin/../lib/gcc/arm-none-eabi/4.8.3/armv7-m/libgcc.a(_arm_addsubdf3.o)
 .text          0x00000000      0x424 /home/sumanguru/Documents/SimplicityStudio_v3/developer/toolchains/gnu_arm/4.8_2013q4/bin/../lib/gcc/arm-none-eabi/4.8.3/armv7-m/libgcc.a(_arm_muldivdf3.o)
 .data          0x00000000        0x0 /home/sumanguru/Documents/SimplicityStudio_v3/developer/toolchains/gnu_arm/4.8_2013q4/bin/../lib/gcc/arm-none-eabi/4.8.3/armv7-m/libgcc.a(_arm_muldivdf3.o)
 .bss           0x00000000        0x0 /home/sumanguru/Documents/SimplicityStudio_v3/developer/toolchains/gnu_arm/4.8_2013q4/bin/../lib/gcc/arm-none-eabi/4.8.3/armv7-m/libgcc.a(_arm_muldivdf3.o)
 .ARM.attributes
                0x00000000       0x1d /home/sumanguru/Documents/SimplicityStudio_v3/developer/toolchains/gnu_arm/4.8_2013q4/bin/../lib/gcc/arm-none-eabi/4.8.3/armv7-m/libgcc.a(_arm_muldivdf3.o)
 .text          0x00000000       0xa0 /home/sumanguru/Documents/SimplicityStudio_v3/developer/toolchains/gnu_arm/4.8_2013q4/bin/../lib/gcc/arm-none-eabi/4.8.3/armv7-m/libgcc.a(_arm_truncdfsf2.o)
 .data          0x00000000        0x0 /home/sumanguru/Documents/SimplicityStudio_v3/developer/toolchains/gnu_arm/4.8_2013q4/bin/../lib/gcc/arm-none-eabi/4.8.3/armv7-m/libgcc.a(_arm_truncdfsf2.o)
 .bss           0x00000000        0x0 /home/sumanguru/Documents/SimplicityStudio_v3/developer/toolchains/gnu_arm/4.8_2013q4/bin/../lib/gcc/arm-none-eabi/4.8.3/armv7-m/libgcc.a(_arm_truncdfsf2.o)
 .ARM.attributes
                0x00000000       0x1d /home/sumanguru/Documents/SimplicityStudio_v3/developer/toolchains/gnu_arm/4.8_2013q4/bin/../lib/gcc/arm-none-eabi/4.8.3/armv7-m/libgcc.a(_arm_truncdfsf2.o)
 .text          0x00000000      0x21c /home/sumanguru/Documents/SimplicityStudio_v3/developer/toolchains/gnu_arm/4.8_2013q4/bin/../lib/gcc/arm-none-eabi/4.8.3/armv7-m/libgcc.a(_arm_addsubsf3.o)
 .data          0x00000000        0x0 /home/sumanguru/Documents/SimplicityStudio_v3/developer/toolchains/gnu_arm/4.8_2013q4/bin/../lib/gcc/arm-none-eabi/4.8.3/armv7-m/libgcc.a(_arm_addsubsf3.o)
 .bss           0x00000000        0x0 /home/sumanguru/Documents/SimplicityStudio_v3/developer/toolchains/gnu_arm/4.8_2013q4/bin/../lib/gcc/arm-none-eabi/4.8.3/armv7-m/libgcc.a(_arm_addsubsf3.o)
 .ARM.attributes
                0x00000000       0x1d /home/sumanguru/Documents/SimplicityStudio_v3/developer/toolchains/gnu_arm/4.8_2013q4/bin/../lib/gcc/arm-none-eabi/4.8.3/armv7-m/libgcc.a(_arm_addsubsf3.o)
 .text          0x00000000      0x2a0 /home/sumanguru/Documents/SimplicityStudio_v3/developer/toolchains/gnu_arm/4.8_2013q4/bin/../lib/gcc/arm-none-eabi/4.8.3/armv7-m/libgcc.a(_arm_muldivsf3.o)
 .data          0x00000000        0x0 /home/sumanguru/Documents/SimplicityStudio_v3/developer/toolchains/gnu_arm/4.8_2013q4/bin/../lib/gcc/arm-none-eabi/4.8.3/armv7-m/libgcc.a(_arm_muldivsf3.o)
 .bss           0x00000000        0x0 /home/sumanguru/Documents/SimplicityStudio_v3/developer/toolchains/gnu_arm/4.8_2013q4/bin/../lib/gcc/arm-none-eabi/4.8.3/armv7-m/libgcc.a(_arm_muldivsf3.o)
 .ARM.attributes
                0x00000000       0x1d /home/sumanguru/Documents/SimplicityStudio_v3/developer/toolchains/gnu_arm/4.8_2013q4/bin/../lib/gcc/arm-none-eabi/4.8.3/armv7-m/libgcc.a(_arm_muldivsf3.o)
 .text          0x00000000        0x0 /home/sumanguru/Documents/SimplicityStudio_v3/developer/toolchains/gnu_arm/4.8_2013q4/bin/../lib/gcc/arm-none-eabi/4.8.3/../../../../arm-none-eabi/lib/armv7-m/libc_s.a(lib_a-exit.o)
 .data          0x00000000        0x0 /home/sumanguru/Documents/SimplicityStudio_v3/developer/toolchains/gnu_arm/4.8_2013q4/bin/../lib/gcc/arm-none-eabi/4.8.3/../../../../arm-none-eabi/lib/armv7-m/libc_s.a(lib_a-exit.o)
 .bss           0x00000000        0x0 /home/sumanguru/Documents/SimplicityStudio_v3/developer/toolchains/gnu_arm/4.8_2013q4/bin/../lib/gcc/arm-none-eabi/4.8.3/../../../../arm-none-eabi/lib/armv7-m/libc_s.a(lib_a-exit.o)
 .text          0x00000000        0x0 /home/sumanguru/Documents/SimplicityStudio_v3/developer/toolchains/gnu_arm/4.8_2013q4/bin/../lib/gcc/arm-none-eabi/4.8.3/../../../../arm-none-eabi/lib/armv7-m/libc_s.a(lib_a-impure.o)
 .data          0x00000000        0x0 /home/sumanguru/Documents/SimplicityStudio_v3/developer/toolchains/gnu_arm/4.8_2013q4/bin/../lib/gcc/arm-none-eabi/4.8.3/../../../../arm-none-eabi/lib/armv7-m/libc_s.a(lib_a-impure.o)
 .bss           0x00000000        0x0 /home/sumanguru/Documents/SimplicityStudio_v3/developer/toolchains/gnu_arm/4.8_2013q4/bin/../lib/gcc/arm-none-eabi/4.8.3/../../../../arm-none-eabi/lib/armv7-m/libc_s.a(lib_a-impure.o)
 .data._impure_ptr
                0x00000000        0x4 /home/sumanguru/Documents/SimplicityStudio_v3/developer/toolchains/gnu_arm/4.8_2013q4/bin/../lib/gcc/arm-none-eabi/4.8.3/../../../../arm-none-eabi/lib/armv7-m/libc_s.a(lib_a-impure.o)
 .text          0x00000000        0x0 /home/sumanguru/Documents/SimplicityStudio_v3/developer/toolchains/gnu_arm/4.8_2013q4/bin/../lib/gcc/arm-none-eabi/4.8.3/../../../../arm-none-eabi/lib/armv7-m/libc_s.a(lib_a-init.o)
 .data          0x00000000        0x0 /home/sumanguru/Documents/SimplicityStudio_v3/developer/toolchains/gnu_arm/4.8_2013q4/bin/../lib/gcc/arm-none-eabi/4.8.3/../../../../arm-none-eabi/lib/armv7-m/libc_s.a(lib_a-init.o)
 .bss           0x00000000        0x0 /home/sumanguru/Documents/SimplicityStudio_v3/developer/toolchains/gnu_arm/4.8_2013q4/bin/../lib/gcc/arm-none-eabi/4.8.3/../../../../arm-none-eabi/lib/armv7-m/libc_s.a(lib_a-init.o)
 .text          0x00000000        0x0 /home/sumanguru/Documents/SimplicityStudio_v3/developer/toolchains/gnu_arm/4.8_2013q4/bin/../lib/gcc/arm-none-eabi/4.8.3/../../../../arm-none-eabi/lib/armv7-m/libc_s.a(lib_a-memcpy-stub.o)
 .data          0x00000000        0x0 /home/sumanguru/Documents/SimplicityStudio_v3/developer/toolchains/gnu_arm/4.8_2013q4/bin/../lib/gcc/arm-none-eabi/4.8.3/../../../../arm-none-eabi/lib/armv7-m/libc_s.a(lib_a-memcpy-stub.o)
 .bss           0x00000000        0x0 /home/sumanguru/Documents/SimplicityStudio_v3/developer/toolchains/gnu_arm/4.8_2013q4/bin/../lib/gcc/arm-none-eabi/4.8.3/../../../../arm-none-eabi/lib/armv7-m/libc_s.a(lib_a-memcpy-stub.o)
 .text          0x00000000        0x0 /home/sumanguru/Documents/SimplicityStudio_v3/developer/toolchains/gnu_arm/4.8_2013q4/bin/../lib/gcc/arm-none-eabi/4.8.3/../../../../arm-none-eabi/lib/armv7-m/libc_s.a(lib_a-memset.o)
 .data          0x00000000        0x0 /home/sumanguru/Documents/SimplicityStudio_v3/developer/toolchains/gnu_arm/4.8_2013q4/bin/../lib/gcc/arm-none-eabi/4.8.3/../../../../arm-none-eabi/lib/armv7-m/libc_s.a(lib_a-memset.o)
 .bss           0x00000000        0x0 /home/sumanguru/Documents/SimplicityStudio_v3/developer/toolchains/gnu_arm/4.8_2013q4/bin/../lib/gcc/arm-none-eabi/4.8.3/../../../../arm-none-eabi/lib/armv7-m/libc_s.a(lib_a-memset.o)
 .text          0x00000000        0x0 /home/sumanguru/Documents/SimplicityStudio_v3/developer/toolchains/gnu_arm/4.8_2013q4/bin/../lib/gcc/arm-none-eabi/4.8.3/../../../../arm-none-eabi/lib/armv7-m/libnosys.a(_exit.o)
 .data          0x00000000        0x0 /home/sumanguru/Documents/SimplicityStudio_v3/developer/toolchains/gnu_arm/4.8_2013q4/bin/../lib/gcc/arm-none-eabi/4.8.3/../../../../arm-none-eabi/lib/armv7-m/libnosys.a(_exit.o)
 .bss           0x00000000        0x0 /home/sumanguru/Documents/SimplicityStudio_v3/developer/toolchains/gnu_arm/4.8_2013q4/bin/../lib/gcc/arm-none-eabi/4.8.3/../../../../arm-none-eabi/lib/armv7-m/libnosys.a(_exit.o)
 .text          0x00000000        0x0 /home/sumanguru/Documents/SimplicityStudio_v3/developer/toolchains/gnu_arm/4.8_2013q4/bin/../lib/gcc/arm-none-eabi/4.8.3/armv7-m/crtend.o
 .data          0x00000000        0x0 /home/sumanguru/Documents/SimplicityStudio_v3/developer/toolchains/gnu_arm/4.8_2013q4/bin/../lib/gcc/arm-none-eabi/4.8.3/armv7-m/crtend.o
 .bss           0x00000000        0x0 /home/sumanguru/Documents/SimplicityStudio_v3/developer/toolchains/gnu_arm/4.8_2013q4/bin/../lib/gcc/arm-none-eabi/4.8.3/armv7-m/crtend.o
 .jcr           0x00000000        0x4 /home/sumanguru/Documents/SimplicityStudio_v3/developer/toolchains/gnu_arm/4.8_2013q4/bin/../lib/gcc/arm-none-eabi/4.8.3/armv7-m/crtend.o
 .text          0x00000000        0x0 /home/sumanguru/Documents/SimplicityStudio_v3/developer/toolchains/gnu_arm/4.8_2013q4/bin/../lib/gcc/arm-none-eabi/4.8.3/armv7-m/crtn.o
 .data          0x00000000        0x0 /home/sumanguru/Documents/SimplicityStudio_v3/developer/toolchains/gnu_arm/4.8_2013q4/bin/../lib/gcc/arm-none-eabi/4.8.3/armv7-m/crtn.o
 .bss           0x00000000        0x0 /home/sumanguru/Documents/SimplicityStudio_v3/developer/toolchains/gnu_arm/4.8_2013q4/bin/../lib/gcc/arm-none-eabi/4.8.3/armv7-m/crtn.o

Memory Configuration

Name             Origin             Length             Attributes
FLASH            0x00004000         0x00096000         xr
RAM              0x20000000         0x00020000         xrw
*default*        0x00000000         0xffffffff

Linker script and memory map

LOAD /home/sumanguru/Documents/SimplicityStudio_v3/developer/toolchains/gnu_arm/4.8_2013q4/bin/../lib/gcc/arm-none-eabi/4.8.3/armv7-m/crti.o
LOAD /home/sumanguru/Documents/SimplicityStudio_v3/developer/toolchains/gnu_arm/4.8_2013q4/bin/../lib/gcc/arm-none-eabi/4.8.3/armv7-m/crtbegin.o
LOAD /home/sumanguru/Documents/SimplicityStudio_v3/developer/toolchains/gnu_arm/4.8_2013q4/bin/../lib/gcc/arm-none-eabi/4.8.3/../../../../arm-none-eabi/lib/armv7-m/crt0.o
LOAD ./src/AFE4490.o
LOAD ./src/BQ25010.o
LOAD ./src/BQ27421.o
LOAD ./src/InitDevice.o
LOAD ./src/MPU9250.o
LOAD ./src/Graphics.o
LOAD ./src/main.o
LOAD ./emlib/em_burtc.o
LOAD ./emlib/em_cmu.o
LOAD ./emlib/em_emu.o
LOAD ./emlib/em_gpio.o
LOAD ./emlib/em_i2c.o
LOAD ./emlib/em_rmu.o
LOAD ./emlib/em_rtc.o
LOAD ./emlib/em_system.o
LOAD ./emlib/em_usart.o
LOAD ./CMSIS/efm32gg/startup_gcc_efm32gg.o
LOAD ./CMSIS/efm32gg/system_efm32gg.o
LOAD ./src/LS013_MD.o
LOAD ./src/mdelay.o
LOAD ./src/udelay.o
LOAD ./src/EEPROM.o
LOAD ./src/rtc.o
START GROUP
LOAD /home/sumanguru/Documents/SimplicityStudio_v3/developer/toolchains/gnu_arm/4.8_2013q4/bin/../lib/gcc/arm-none-eabi/4.8.3/armv7-m/libgcc.a
LOAD /home/sumanguru/Documents/SimplicityStudio_v3/developer/toolchains/gnu_arm/4.8_2013q4/bin/../lib/gcc/arm-none-eabi/4.8.3/../../../../arm-none-eabi/lib/armv7-m/libc_s.a
LOAD /home/sumanguru/Documents/SimplicityStudio_v3/developer/toolchains/gnu_arm/4.8_2013q4/bin/../lib/gcc/arm-none-eabi/4.8.3/../../../../arm-none-eabi/lib/armv7-m/libnosys.a
END GROUP
START GROUP
LOAD /home/sumanguru/Documents/SimplicityStudio_v3/developer/toolchains/gnu_arm/4.8_2013q4/bin/../lib/gcc/arm-none-eabi/4.8.3/armv7-m/libgcc.a
LOAD /home/sumanguru/Documents/SimplicityStudio_v3/developer/toolchains/gnu_arm/4.8_2013q4/bin/../lib/gcc/arm-none-eabi/4.8.3/../../../../arm-none-eabi/lib/armv7-m/libg_s.a
LOAD /home/sumanguru/Documents/SimplicityStudio_v3/developer/toolchains/gnu_arm/4.8_2013q4/bin/../lib/gcc/arm-none-eabi/4.8.3/../../../../arm-none-eabi/lib/armv7-m/libc_s.a
END GROUP
START GROUP
LOAD /home/sumanguru/Documents/SimplicityStudio_v3/developer/toolchains/gnu_arm/4.8_2013q4/bin/../lib/gcc/arm-none-eabi/4.8.3/armv7-m/libgcc.a
LOAD /home/sumanguru/Documents/SimplicityStudio_v3/developer/toolchains/gnu_arm/4.8_2013q4/bin/../lib/gcc/arm-none-eabi/4.8.3/../../../../arm-none-eabi/lib/armv7-m/libc_s.a
END GROUP
LOAD /home/sumanguru/Documents/SimplicityStudio_v3/developer/toolchains/gnu_arm/4.8_2013q4/bin/../lib/gcc/arm-none-eabi/4.8.3/armv7-m/crtend.o
LOAD /home/sumanguru/Documents/SimplicityStudio_v3/developer/toolchains/gnu_arm/4.8_2013q4/bin/../lib/gcc/arm-none-eabi/4.8.3/armv7-m/crtn.o

.text           0x00004000     0x35e4
 *(.isr_vector)
 .isr_vector    0x00004000      0x100 ./CMSIS/efm32gg/startup_gcc_efm32gg.o
                0x00004000                __isr_vector
 *(.text*)
 .text          0x00004100       0x54 /home/sumanguru/Documents/SimplicityStudio_v3/developer/toolchains/gnu_arm/4.8_2013q4/bin/../lib/gcc/arm-none-eabi/4.8.3/armv7-m/crtbegin.o
 .text          0x00004154       0x74 /home/sumanguru/Documents/SimplicityStudio_v3/developer/toolchains/gnu_arm/4.8_2013q4/bin/../lib/gcc/arm-none-eabi/4.8.3/../../../../arm-none-eabi/lib/armv7-m/crt0.o
                0x00004154                _mainCRTStartup
                0x00004154                _start
 .text.BQ27421_Get_Device_Type
                0x000041c8       0x6c ./src/BQ27421.o
                0x000041c8                BQ27421_Get_Device_Type
 .text.BQ27421_Init
                0x00004234       0x54 ./src/BQ27421.o
                0x00004234                BQ27421_Init
 .text.enter_DefaultMode_from_RESET
                0x00004288       0x30 ./src/InitDevice.o
                0x00004288                enter_DefaultMode_from_RESET
 .text.CMU_enter_DefaultMode_from_RESET
                0x000042b8       0x78 ./src/InitDevice.o
                0x000042b8                CMU_enter_DefaultMode_from_RESET
 .text.BURTC_enter_DefaultMode_from_RESET
                0x00004330       0x74 ./src/InitDevice.o
                0x00004330                BURTC_enter_DefaultMode_from_RESET
 .text.HFXO_enter_DefaultMode_from_RESET
                0x000043a4       0x2c ./src/InitDevice.o
                0x000043a4                HFXO_enter_DefaultMode_from_RESET
 .text.LFXO_enter_DefaultMode_from_RESET
                0x000043d0       0x28 ./src/InitDevice.o
                0x000043d0                LFXO_enter_DefaultMode_from_RESET
 .text.RTC_enter_DefaultMode_from_RESET
                0x000043f8       0x2c ./src/InitDevice.o
                0x000043f8                RTC_enter_DefaultMode_from_RESET
 .text.USART0_enter_DefaultMode_from_RESET
                0x00004424       0x7c ./src/InitDevice.o
                0x00004424                USART0_enter_DefaultMode_from_RESET
 .text.USART1_enter_DefaultMode_from_RESET
                0x000044a0       0x7c ./src/InitDevice.o
                0x000044a0                USART1_enter_DefaultMode_from_RESET
 .text.I2C0_enter_DefaultMode_from_RESET
                0x0000451c       0x3c ./src/InitDevice.o
                0x0000451c                I2C0_enter_DefaultMode_from_RESET
 .text.I2C1_enter_DefaultMode_from_RESET
                0x00004558       0x3c ./src/InitDevice.o
                0x00004558                I2C1_enter_DefaultMode_from_RESET
 .text.PORTIO_enter_DefaultMode_from_RESET
                0x00004594      0x33c ./src/InitDevice.o
                0x00004594                PORTIO_enter_DefaultMode_from_RESET
 .text.CHIP_Init
                0x000048d0       0x40 ./src/main.o
 .text.main     0x00004910       0x44 ./src/main.o
                0x00004910                main
 .text.BITBAND_Peripheral
                0x00004954       0x2c ./emlib/em_burtc.o
 .text.BURTC_IntClear
                0x00004980       0x1c ./emlib/em_burtc.o
 .text.BURTC_Enable
                0x0000499c       0x50 ./emlib/em_burtc.o
 .text.BURTC_FreezeEnable
                0x000049ec       0x20 ./emlib/em_burtc.o
 .text.BURTC_DivToLog2
                0x00004a0c       0x3c ./emlib/em_burtc.o
 .text.BURTC_Sync
                0x00004a48       0x40 ./emlib/em_burtc.o
 .text.BURTC_Init
                0x00004a88       0xe8 ./emlib/em_burtc.o
                0x00004a88                BURTC_Init
 .text.BURTC_CompareSet
                0x00004b70       0x20 ./emlib/em_burtc.o
                0x00004b70                BURTC_CompareSet
 .text.BITBAND_Peripheral
                0x00004b90       0x2c ./emlib/em_cmu.o
 .text.CMU_MaxFreqHfle
                0x00004bbc       0x8c ./emlib/em_cmu.o
 .text.CMU_FlashWaitStateControl
                0x00004c48       0xb8 ./emlib/em_cmu.o
 .text.CMU_FlashWaitStateMax
                0x00004d00       0x1c ./emlib/em_cmu.o
 .text.CMU_DivToLog2
                0x00004d1c       0x3c ./emlib/em_cmu.o
 .text.CMU_Log2ToDiv
                0x00004d58       0x1c ./emlib/em_cmu.o
 .text.CMU_USBCClkGet
                0x00004d74       0x4c ./emlib/em_cmu.o
 .text.CMU_AUXClkGet
                0x00004dc0       0x8c ./emlib/em_cmu.o
 .text.CMU_DBGClkGet
                0x00004e4c       0x58 ./emlib/em_cmu.o
 .text.CMU_LFClkGet
                0x00004ea4       0xb4 ./emlib/em_cmu.o
 .text.CMU_Sync
                0x00004f58       0x34 ./emlib/em_cmu.o
 .text.CMU_ClockDivGet
                0x00004f8c      0x134 ./emlib/em_cmu.o
                0x00004f8c                CMU_ClockDivGet
 .text.CMU_ClockDivSet
                0x000050c0      0x1f8 ./emlib/em_cmu.o
                0x000050c0                CMU_ClockDivSet
 .text.CMU_ClockEnable
                0x000052b8       0xe0 ./emlib/em_cmu.o
                0x000052b8                CMU_ClockEnable
 .text.CMU_ClockFreqGet
                0x00005398      0x190 ./emlib/em_cmu.o
                0x00005398                CMU_ClockFreqGet
 .text.CMU_ClockSelectGet
                0x00005528      0x164 ./emlib/em_cmu.o
                0x00005528                CMU_ClockSelectGet
 .text.CMU_ClockSelectSet
                0x0000568c      0x29c ./emlib/em_cmu.o
                0x0000568c                CMU_ClockSelectSet
 .text.CMU_OscillatorEnable
                0x00005928       0xc0 ./emlib/em_cmu.o
                0x00005928                CMU_OscillatorEnable
 .text.EMU_UpdateOscConfig
                0x000059e8       0x1c ./emlib/em_emu.o
                0x000059e8                EMU_UpdateOscConfig
 .text.BITBAND_Peripheral
                0x00005a04       0x2c ./emlib/em_i2c.o
 .text.I2C_BusFreqSet
                0x00005a30       0x88 ./emlib/em_i2c.o
                0x00005a30                I2C_BusFreqSet
 .text.I2C_Init
                0x00005ab8       0x78 ./emlib/em_i2c.o
                0x00005ab8                I2C_Init
 .text.I2C_Transfer
                0x00005b30      0x44c ./emlib/em_i2c.o
                0x00005b30                I2C_Transfer
 .text.I2C_TransferInit
                0x00005f7c       0xe4 ./emlib/em_i2c.o
                0x00005f7c                I2C_TransferInit
 .text.BITBAND_Peripheral
                0x00006060       0x2c ./emlib/em_rmu.o
 .text.RMU_ResetControl
                0x0000608c       0x28 ./emlib/em_rmu.o
                0x0000608c                RMU_ResetControl
 .text.BITBAND_Peripheral
                0x000060b4       0x2c ./emlib/em_rtc.o
 .text.RTC_CompareSet
                0x000060e0       0x4c ./emlib/em_rtc.o
                0x000060e0                RTC_CompareSet
 .text.RTC_Enable
                0x0000612c       0x20 ./emlib/em_rtc.o
                0x0000612c                RTC_Enable
 .text.RTC_FreezeEnable
                0x0000614c       0x2c ./emlib/em_rtc.o
                0x0000614c                RTC_FreezeEnable
 .text.RTC_Init
                0x00006178       0x50 ./emlib/em_rtc.o
                0x00006178                RTC_Init
 .text.SYSTEM_ChipRevisionGet
                0x000061c8       0x74 ./emlib/em_system.o
                0x000061c8                SYSTEM_ChipRevisionGet
 .text.USART_BaudrateSyncSet
                0x0000623c       0x6c ./emlib/em_usart.o
                0x0000623c                USART_BaudrateSyncSet
 .text.USART_InitSync
                0x000062a8       0xc8 ./emlib/em_usart.o
                0x000062a8                USART_InitSync
 .text.USART_InitPrsTrigger
                0x00006370       0x60 ./emlib/em_usart.o
                0x00006370                USART_InitPrsTrigger
 .text.USART_Reset
                0x000063d0       0x98 ./emlib/em_usart.o
                0x000063d0                USART_Reset
 .text.USART_Tx
                0x00006468       0x2c ./emlib/em_usart.o
                0x00006468                USART_Tx
 .text.USART_TxDouble
                0x00006494       0x2c ./emlib/em_usart.o
                0x00006494                USART_TxDouble
 .text          0x000064c0       0x98 ./CMSIS/efm32gg/startup_gcc_efm32gg.o
                0x000064c0                Reset_Handler
                0x000064f4                Default_Handler
                0x000064f6                NMI_Handler
                0x000064f8                HardFault_Handler
                0x000064fa                MemManage_Handler
                0x000064fc                BusFault_Handler
                0x000064fe                UsageFault_Handler
                0x00006500                SVC_Handler
                0x00006502                DebugMon_Handler
                0x00006504                PendSV_Handler
                0x00006506                SysTick_Handler
                0x00006508                DMA_IRQHandler
                0x0000650a                GPIO_EVEN_IRQHandler
                0x0000650c                TIMER0_IRQHandler
                0x0000650e                USART0_RX_IRQHandler
                0x00006510                USART0_TX_IRQHandler
                0x00006512                USB_IRQHandler
                0x00006514                ACMP0_IRQHandler
                0x00006516                ADC0_IRQHandler
                0x00006518                DAC0_IRQHandler
                0x0000651a                I2C0_IRQHandler
                0x0000651c                I2C1_IRQHandler
                0x0000651e                GPIO_ODD_IRQHandler
                0x00006520                TIMER1_IRQHandler
                0x00006522                TIMER2_IRQHandler
                0x00006524                TIMER3_IRQHandler
                0x00006526                USART1_RX_IRQHandler
                0x00006528                USART1_TX_IRQHandler
                0x0000652a                LESENSE_IRQHandler
                0x0000652c                USART2_RX_IRQHandler
                0x0000652e                USART2_TX_IRQHandler
                0x00006530                UART0_RX_IRQHandler
                0x00006532                UART0_TX_IRQHandler
                0x00006534                UART1_RX_IRQHandler
                0x00006536                UART1_TX_IRQHandler
                0x00006538                LEUART0_IRQHandler
                0x0000653a                LEUART1_IRQHandler
                0x0000653c                LETIMER0_IRQHandler
                0x0000653e                PCNT0_IRQHandler
                0x00006540                PCNT1_IRQHandler
                0x00006542                PCNT2_IRQHandler
                0x00006546                BURTC_IRQHandler
                0x00006548                CMU_IRQHandler
                0x0000654a                VCMP_IRQHandler
                0x0000654c                LCD_IRQHandler
                0x0000654e                MSC_IRQHandler
                0x00006550                AES_IRQHandler
                0x00006552                EBI_IRQHandler
                0x00006554                EMU_IRQHandler
 .text.GetProdRev
                0x00006558       0x1c ./CMSIS/efm32gg/system_efm32gg.o
 .text.SystemCoreClockGet
                0x00006574       0x48 ./CMSIS/efm32gg/system_efm32gg.o
                0x00006574                SystemCoreClockGet
 .text.SystemHFClockGet
                0x000065bc       0xf0 ./CMSIS/efm32gg/system_efm32gg.o
                0x000065bc                SystemHFClockGet
 .text.SystemHFXOClockGet
                0x000066ac       0x18 ./CMSIS/efm32gg/system_efm32gg.o
                0x000066ac                SystemHFXOClockGet
 .text.SystemHFXOClockSet
                0x000066c4       0x2c ./CMSIS/efm32gg/system_efm32gg.o
                0x000066c4                SystemHFXOClockSet
 .text.SystemInit
                0x000066f0        0xc ./CMSIS/efm32gg/system_efm32gg.o
                0x000066f0                SystemInit
 .text.SystemLFRCOClockGet
                0x000066fc       0x14 ./CMSIS/efm32gg/system_efm32gg.o
                0x000066fc                SystemLFRCOClockGet
 .text.SystemULFRCOClockGet
                0x00006710       0x14 ./CMSIS/efm32gg/system_efm32gg.o
                0x00006710                SystemULFRCOClockGet
 .text.SystemLFXOClockGet
                0x00006724       0x18 ./CMSIS/efm32gg/system_efm32gg.o
                0x00006724                SystemLFXOClockGet
 .text.GPIO_PinOutClear
                0x0000673c       0x44 ./src/LS013_MD.o
 .text.GPIO_PinOutSet
                0x00006780       0x44 ./src/LS013_MD.o
 .text.LS013_SetBuffer
                0x000067c4       0x40 ./src/LS013_MD.o
                0x000067c4                LS013_SetBuffer
 .text.LS013_ClearBuffer
                0x00006804       0x34 ./src/LS013_MD.o
                0x00006804                LS013_ClearBuffer
 .text.LS013_InvertBuffer
                0x00006838       0x40 ./src/LS013_MD.o
                0x00006838                LS013_InvertBuffer
 .text.LS013_DispSpiTransmit
                0x00006878       0x6c ./src/LS013_MD.o
                0x00006878                LS013_DispSpiTransmit
 .text.LS013_DrawLines
                0x000068e4       0x8c ./src/LS013_MD.o
                0x000068e4                LS013_DrawLines
 .text.LS013_ClearDisp
                0x00006970       0x58 ./src/LS013_MD.o
                0x00006970                LS013_ClearDisp
 .text.LS013_Init
                0x000069c8       0x84 ./src/LS013_MD.o
                0x000069c8                LS013_Init
 .text.LS013_Refresh
                0x00006a4c       0xbc ./src/LS013_MD.o
                0x00006a4c                LS013_Refresh
 .text.LS013_InvertPolarity
                0x00006b08       0xa0 ./src/LS013_MD.o
                0x00006b08                LS013_InvertPolarity
 .text.LS013_Enable
                0x00006ba8       0x10 ./src/LS013_MD.o
                0x00006ba8                LS013_Enable
 .text.MDELAY_Delay
                0x00006bb8       0x30 ./src/mdelay.o
                0x00006bb8                MDELAY_Delay
 .text.NVIC_ClearPendingIRQ
                0x00006be8       0x34 ./src/udelay.o
 .text.RTC_CounterGet
                0x00006c1c       0x18 ./src/udelay.o
 .text.UDELAY_Calibrate
                0x00006c34      0x1a8 ./src/udelay.o
                0x00006c34                UDELAY_Calibrate
 .text.UDELAY_Delay
                0x00006ddc       0x38 ./src/udelay.o
                0x00006ddc                UDELAY_Delay
 .text.calibrate_delay
                0x00006e14       0xd8 ./src/udelay.o
 .text.clock    0x00006eec       0x10 ./src/udelay.o
 .text._delay   0x00006efc       0x18 ./src/udelay.o
 .text.NVIC_EnableIRQ
                0x00006f14       0x30 ./src/rtc.o
 .text.RTC_IntClear
                0x00006f44       0x1c ./src/rtc.o
 .text.RTC_IntEnable
                0x00006f60       0x24 ./src/rtc.o
 .text.RTC_Mod_Init
                0x00006f84       0x4c ./src/rtc.o
                0x00006f84                RTC_Mod_Init
 .text.RTC_IRQHandler
                0x00006fd0       0x60 ./src/rtc.o
                0x00006fd0                RTC_IRQHandler
 .text.exit     0x00007030       0x28 /home/sumanguru/Documents/SimplicityStudio_v3/developer/toolchains/gnu_arm/4.8_2013q4/bin/../lib/gcc/arm-none-eabi/4.8.3/../../../../arm-none-eabi/lib/armv7-m/libc_s.a(lib_a-exit.o)
                0x00007030                exit
 .text.__libc_init_array
                0x00007058       0x4c /home/sumanguru/Documents/SimplicityStudio_v3/developer/toolchains/gnu_arm/4.8_2013q4/bin/../lib/gcc/arm-none-eabi/4.8.3/../../../../arm-none-eabi/lib/armv7-m/libc_s.a(lib_a-init.o)
                0x00007058                __libc_init_array
 .text.memcpy   0x000070a4       0x12 /home/sumanguru/Documents/SimplicityStudio_v3/developer/toolchains/gnu_arm/4.8_2013q4/bin/../lib/gcc/arm-none-eabi/4.8.3/../../../../arm-none-eabi/lib/armv7-m/libc_s.a(lib_a-memcpy-stub.o)
                0x000070a4                memcpy
 .text.memset   0x000070b6       0x10 /home/sumanguru/Documents/SimplicityStudio_v3/developer/toolchains/gnu_arm/4.8_2013q4/bin/../lib/gcc/arm-none-eabi/4.8.3/../../../../arm-none-eabi/lib/armv7-m/libc_s.a(lib_a-memset.o)
                0x000070b6                memset
 *fill*         0x000070c6        0x2 
 .text._exit    0x000070c8        0x4 /home/sumanguru/Documents/SimplicityStudio_v3/developer/toolchains/gnu_arm/4.8_2013q4/bin/../lib/gcc/arm-none-eabi/4.8.3/../../../../arm-none-eabi/lib/armv7-m/libnosys.a(_exit.o)
                0x000070c8                _exit
 *(.init)
 .init          0x000070cc        0x4 /home/sumanguru/Documents/SimplicityStudio_v3/developer/toolchains/gnu_arm/4.8_2013q4/bin/../lib/gcc/arm-none-eabi/4.8.3/armv7-m/crti.o
                0x000070cc                _init
 .init          0x000070d0        0x8 /home/sumanguru/Documents/SimplicityStudio_v3/developer/toolchains/gnu_arm/4.8_2013q4/bin/../lib/gcc/arm-none-eabi/4.8.3/armv7-m/crtn.o
 *(.fini)
 .fini          0x000070d8        0x4 /home/sumanguru/Documents/SimplicityStudio_v3/developer/toolchains/gnu_arm/4.8_2013q4/bin/../lib/gcc/arm-none-eabi/4.8.3/armv7-m/crti.o
                0x000070d8                _fini
 .fini          0x000070dc        0x8 /home/sumanguru/Documents/SimplicityStudio_v3/developer/toolchains/gnu_arm/4.8_2013q4/bin/../lib/gcc/arm-none-eabi/4.8.3/armv7-m/crtn.o
 *crtbegin.o(.ctors)
 *crtbegin?.o(.ctors)
 *(EXCLUDE_FILE(*crtend.o *crtend?.o) .ctors)
 *(SORT(.ctors.*))
 *(.ctors)
 *crtbegin.o(.dtors)
 *crtbegin?.o(.dtors)
 *(EXCLUDE_FILE(*crtend.o *crtend?.o) .dtors)
 *(SORT(.dtors.*))
 *(.dtors)
 *(.rodata*)
 .rodata        0x000070e4       0x10 ./src/BQ27421.o
 .rodata        0x000070f4       0x40 ./src/InitDevice.o
 .rodata.LoadingBackground
                0x00007134      0x480 ./src/Graphics.o
                0x00007134                LoadingBackground
 .rodata.i2cNSum
                0x000075b4        0x4 ./emlib/em_i2c.o
 .rodata        0x000075b8       0x18 ./src/LS013_MD.o
 .rodata        0x000075d0        0x4 ./src/udelay.o
 .rodata        0x000075d4        0x4 ./src/rtc.o
 .rodata.str1.1
                0x000075d8        0x2 /home/sumanguru/Documents/SimplicityStudio_v3/developer/toolchains/gnu_arm/4.8_2013q4/bin/../lib/gcc/arm-none-eabi/4.8.3/../../../../arm-none-eabi/lib/armv7-m/libc_s.a(lib_a-impure.o)
 *fill*         0x000075da        0x2 
 .rodata._global_impure_ptr
                0x000075dc        0x4 /home/sumanguru/Documents/SimplicityStudio_v3/developer/toolchains/gnu_arm/4.8_2013q4/bin/../lib/gcc/arm-none-eabi/4.8.3/../../../../arm-none-eabi/lib/armv7-m/libc_s.a(lib_a-impure.o)
                0x000075dc                _global_impure_ptr
 *(.eh_frame*)
 .eh_frame      0x000075e0        0x0 /home/sumanguru/Documents/SimplicityStudio_v3/developer/toolchains/gnu_arm/4.8_2013q4/bin/../lib/gcc/arm-none-eabi/4.8.3/armv7-m/crtbegin.o
 .eh_frame      0x000075e0        0x4 /home/sumanguru/Documents/SimplicityStudio_v3/developer/toolchains/gnu_arm/4.8_2013q4/bin/../lib/gcc/arm-none-eabi/4.8.3/armv7-m/crtend.o

.glue_7         0x000075e4        0x0
 .glue_7        0x00000000        0x0 linker stubs

.glue_7t        0x000075e4        0x0
 .glue_7t       0x00000000        0x0 linker stubs

.vfp11_veneer   0x000075e4        0x0
 .vfp11_veneer  0x00000000        0x0 linker stubs

.v4_bx          0x000075e4        0x0
 .v4_bx         0x00000000        0x0 linker stubs

.iplt           0x000075e4        0x0
 .iplt          0x00000000        0x0 /home/sumanguru/Documents/SimplicityStudio_v3/developer/toolchains/gnu_arm/4.8_2013q4/bin/../lib/gcc/arm-none-eabi/4.8.3/armv7-m/crtbegin.o

.ARM.extab
 *(.ARM.extab* .gnu.linkonce.armextab.*)
                0x000075e4                __exidx_start = .

.ARM.exidx      0x000075e4        0x8
 *(.ARM.exidx* .gnu.linkonce.armexidx.*)
 .ARM.exidx     0x000075e4        0x8 /home/sumanguru/Documents/SimplicityStudio_v3/developer/toolchains/gnu_arm/4.8_2013q4/bin/../lib/gcc/arm-none-eabi/4.8.3/../../../../arm-none-eabi/lib/armv7-m/crt0.o
                0x000075ec                __exidx_end = .
                0x000075ec                __etext = .

.rel.dyn        0x000075ec        0x0
 .rel.iplt      0x00000000        0x0 /home/sumanguru/Documents/SimplicityStudio_v3/developer/toolchains/gnu_arm/4.8_2013q4/bin/../lib/gcc/arm-none-eabi/4.8.3/armv7-m/crtbegin.o

.data           0x20000000       0x78 load address 0x000075ec
                0x20000000                __data_start__ = .
 *(vtable)
 *(.data*)
 .data.SystemHFXOClock
                0x20000000        0x4 ./CMSIS/efm32gg/system_efm32gg.o
 .data.SystemLFXOClock
                0x20000004        0x4 ./CMSIS/efm32gg/system_efm32gg.o
 .data.loops_per_jiffy
                0x20000008        0x4 ./src/udelay.o
                0x20000008                loops_per_jiffy
 .data.hours    0x2000000c        0x4 ./src/rtc.o
                0x2000000c                hours
 .data.impure_data
                0x20000010       0x60 /home/sumanguru/Documents/SimplicityStudio_v3/developer/toolchains/gnu_arm/4.8_2013q4/bin/../lib/gcc/arm-none-eabi/4.8.3/../../../../arm-none-eabi/lib/armv7-m/libc_s.a(lib_a-impure.o)
                0x20000070                . = ALIGN (0x4)
 *(.ram)
                0x20000070                . = ALIGN (0x4)
                0x20000070                PROVIDE (__preinit_array_start, .)
 *(.preinit_array)
                0x20000070                PROVIDE (__preinit_array_end, .)
                0x20000070                . = ALIGN (0x4)
                0x20000070                PROVIDE (__init_array_start, .)
 *(SORT(.init_array.*))
 *(.init_array)
 .init_array    0x20000070        0x4 /home/sumanguru/Documents/SimplicityStudio_v3/developer/toolchains/gnu_arm/4.8_2013q4/bin/../lib/gcc/arm-none-eabi/4.8.3/armv7-m/crtbegin.o
                0x20000074                PROVIDE (__init_array_end, .)
                0x20000074                . = ALIGN (0x4)
                0x20000074                PROVIDE (__fini_array_start, .)
 *(SORT(.fini_array.*))
 *(.fini_array)
 .fini_array    0x20000074        0x4 /home/sumanguru/Documents/SimplicityStudio_v3/developer/toolchains/gnu_arm/4.8_2013q4/bin/../lib/gcc/arm-none-eabi/4.8.3/armv7-m/crtbegin.o
                0x20000078                PROVIDE (__fini_array_end, .)
                0x20000078                . = ALIGN (0x4)
                0x20000078                __data_end__ = .

.jcr            0x20000078        0x0 load address 0x00007664
 .jcr           0x20000078        0x0 /home/sumanguru/Documents/SimplicityStudio_v3/developer/toolchains/gnu_arm/4.8_2013q4/bin/../lib/gcc/arm-none-eabi/4.8.3/armv7-m/crtbegin.o

.igot.plt       0x20000078        0x0 load address 0x00007664
 .igot.plt      0x00000000        0x0 /home/sumanguru/Documents/SimplicityStudio_v3/developer/toolchains/gnu_arm/4.8_2013q4/bin/../lib/gcc/arm-none-eabi/4.8.3/armv7-m/crtbegin.o

.bss            0x20000078      0x9a8 load address 0x00007664
                0x20000078                __bss_start__ = .
 *(.bss*)
 .bss           0x20000078       0x1c /home/sumanguru/Documents/SimplicityStudio_v3/developer/toolchains/gnu_arm/4.8_2013q4/bin/../lib/gcc/arm-none-eabi/4.8.3/armv7-m/crtbegin.o
 .bss.cmuStatus
                0x20000094        0x4 ./emlib/em_emu.o
 .bss.i2cTransfer
                0x20000098       0x18 ./emlib/em_i2c.o
 .bss.framebuffer
                0x200000b0      0x900 ./src/LS013_MD.o
 .bss.linestorender
                0x200009b0       0x60 ./src/LS013_MD.o
 .bss.polarity  0x20000a10        0x1 ./src/LS013_MD.o
 .bss.mode_static
                0x20000a11        0x1 ./src/LS013_MD.o
 *fill*         0x20000a12        0x2 
 .bss.minutes   0x20000a14        0x4 ./src/rtc.o
                0x20000a14                minutes
 .bss.seconds   0x20000a18        0x4 ./src/rtc.o
                0x20000a18                seconds
 *(COMMON)
 COMMON         0x20000a1c        0x4 ./CMSIS/efm32gg/system_efm32gg.o
                0x20000a1c                SystemCoreClock
                0x20000a20                __bss_end__ = .

.heap           0x20000a20      0xc00
                0x20000a20                __end__ = .
                0x20000a20                end = __end__
                0x20000a20                _end = __end__
 *(.heap*)
 .heap          0x20000a20      0xc00 ./CMSIS/efm32gg/startup_gcc_efm32gg.o
                0x20000a20                __HeapBase
                0x20001620                __HeapLimit = .

.stack_dummy    0x20000a20      0x400
 *(.stack)
 .stack         0x20000a20      0x400 ./CMSIS/efm32gg/startup_gcc_efm32gg.o
                0x20020000                __StackTop = (ORIGIN (RAM) + 0x20000)
                0x2001fc00                __StackLimit = (__StackTop - SIZEOF (.stack_dummy))
                0x20020000                PROVIDE (__stack, __StackTop)
                0x00000001                ASSERT ((__StackLimit >= __HeapLimit), region RAM overflowed with stack)
                0x00000001                ASSERT ((0x96000 >= (__etext + SIZEOF (.data))), FLASH memory overflowed !)
OUTPUT(Anastasia.axf elf32-littlearm)

.ARM.attributes
                0x00000000       0x29
 .ARM.attributes
                0x00000000       0x1d /home/sumanguru/Documents/SimplicityStudio_v3/developer/toolchains/gnu_arm/4.8_2013q4/bin/../lib/gcc/arm-none-eabi/4.8.3/armv7-m/crti.o
 .ARM.attributes
                0x0000001d       0x2d /home/sumanguru/Documents/SimplicityStudio_v3/developer/toolchains/gnu_arm/4.8_2013q4/bin/../lib/gcc/arm-none-eabi/4.8.3/armv7-m/crtbegin.o
 .ARM.attributes
                0x0000004a       0x1b /home/sumanguru/Documents/SimplicityStudio_v3/developer/toolchains/gnu_arm/4.8_2013q4/bin/../lib/gcc/arm-none-eabi/4.8.3/../../../../arm-none-eabi/lib/armv7-m/crt0.o
 .ARM.attributes
                0x00000065       0x33 ./src/BQ27421.o
 .ARM.attributes
                0x00000098       0x33 ./src/InitDevice.o
 .ARM.attributes
                0x000000cb       0x33 ./src/Graphics.o
 .ARM.attributes
                0x000000fe       0x33 ./src/main.o
 .ARM.attributes
                0x00000131       0x33 ./emlib/em_burtc.o
 .ARM.attributes
                0x00000164       0x33 ./emlib/em_cmu.o
 .ARM.attributes
                0x00000197       0x33 ./emlib/em_emu.o
 .ARM.attributes
                0x000001ca       0x33 ./emlib/em_i2c.o
 .ARM.attributes
                0x000001fd       0x33 ./emlib/em_rmu.o
 .ARM.attributes
                0x00000230       0x33 ./emlib/em_rtc.o
 .ARM.attributes
                0x00000263       0x33 ./emlib/em_system.o
 .ARM.attributes
                0x00000296       0x33 ./emlib/em_usart.o
 .ARM.attributes
                0x000002c9       0x1b ./CMSIS/efm32gg/startup_gcc_efm32gg.o
 .ARM.attributes
                0x000002e4       0x33 ./CMSIS/efm32gg/system_efm32gg.o
 .ARM.attributes
                0x00000317       0x33 ./src/LS013_MD.o
 .ARM.attributes
                0x0000034a       0x33 ./src/mdelay.o
 .ARM.attributes
                0x0000037d       0x33 ./src/udelay.o
 .ARM.attributes
                0x000003b0       0x33 ./src/rtc.o
 .ARM.attributes
                0x000003e3       0x2d /home/sumanguru/Documents/SimplicityStudio_v3/developer/toolchains/gnu_arm/4.8_2013q4/bin/../lib/gcc/arm-none-eabi/4.8.3/../../../../arm-none-eabi/lib/armv7-m/libc_s.a(lib_a-exit.o)
 .ARM.attributes
                0x00000410       0x2d /home/sumanguru/Documents/SimplicityStudio_v3/developer/toolchains/gnu_arm/4.8_2013q4/bin/../lib/gcc/arm-none-eabi/4.8.3/../../../../arm-none-eabi/lib/armv7-m/libc_s.a(lib_a-impure.o)
 .ARM.attributes
                0x0000043d       0x2d /home/sumanguru/Documents/SimplicityStudio_v3/developer/toolchains/gnu_arm/4.8_2013q4/bin/../lib/gcc/arm-none-eabi/4.8.3/../../../../arm-none-eabi/lib/armv7-m/libc_s.a(lib_a-init.o)
 .ARM.attributes
                0x0000046a       0x2d /home/sumanguru/Documents/SimplicityStudio_v3/developer/toolchains/gnu_arm/4.8_2013q4/bin/../lib/gcc/arm-none-eabi/4.8.3/../../../../arm-none-eabi/lib/armv7-m/libc_s.a(lib_a-memcpy-stub.o)
 .ARM.attributes
                0x00000497       0x2d /home/sumanguru/Documents/SimplicityStudio_v3/developer/toolchains/gnu_arm/4.8_2013q4/bin/../lib/gcc/arm-none-eabi/4.8.3/../../../../arm-none-eabi/lib/armv7-m/libc_s.a(lib_a-memset.o)
 .ARM.attributes
                0x000004c4       0x2d /home/sumanguru/Documents/SimplicityStudio_v3/developer/toolchains/gnu_arm/4.8_2013q4/bin/../lib/gcc/arm-none-eabi/4.8.3/../../../../arm-none-eabi/lib/armv7-m/libnosys.a(_exit.o)
 .ARM.attributes
                0x000004f1       0x2d /home/sumanguru/Documents/SimplicityStudio_v3/developer/toolchains/gnu_arm/4.8_2013q4/bin/../lib/gcc/arm-none-eabi/4.8.3/armv7-m/crtend.o
 .ARM.attributes
                0x0000051e       0x1d /home/sumanguru/Documents/SimplicityStudio_v3/developer/toolchains/gnu_arm/4.8_2013q4/bin/../lib/gcc/arm-none-eabi/4.8.3/armv7-m/crtn.o

.comment        0x00000000       0x70
 .comment       0x00000000       0x70 ./src/BQ27421.o
                                 0x71 (size before relaxing)
 .comment       0x00000000       0x71 ./src/InitDevice.o
 .comment       0x00000000       0x71 ./src/Graphics.o
 .comment       0x00000000       0x71 ./src/main.o
 .comment       0x00000000       0x71 ./emlib/em_burtc.o
 .comment       0x00000000       0x71 ./emlib/em_cmu.o
 .comment       0x00000000       0x71 ./emlib/em_emu.o
 .comment       0x00000000       0x71 ./emlib/em_i2c.o
 .comment       0x00000000       0x71 ./emlib/em_rmu.o
 .comment       0x00000000       0x71 ./emlib/em_rtc.o
 .comment       0x00000000       0x71 ./emlib/em_system.o
 .comment       0x00000000       0x71 ./emlib/em_usart.o
 .comment       0x00000000       0x71 ./CMSIS/efm32gg/system_efm32gg.o
 .comment       0x00000000       0x71 ./src/LS013_MD.o
 .comment       0x00000000       0x71 ./src/mdelay.o
 .comment       0x00000000       0x71 ./src/udelay.o
 .comment       0x00000000       0x71 ./src/rtc.o

.debug_info     0x00000000     0x7d1a
 .debug_info    0x00000000      0x3d3 ./src/BQ27421.o
 .debug_info    0x000003d3     0x112b ./src/InitDevice.o
 .debug_info    0x000014fe       0x9e ./src/Graphics.o
 .debug_info    0x0000159c      0x161 ./src/main.o
 .debug_info    0x000016fd      0x66f ./emlib/em_burtc.o
 .debug_info    0x00001d6c     0x10bb ./emlib/em_cmu.o
 .debug_info    0x00002e27      0xd9f ./emlib/em_emu.o
 .debug_info    0x00003bc6      0x7bd ./emlib/em_i2c.o
 .debug_info    0x00004383      0x3cd ./emlib/em_rmu.o
 .debug_info    0x00004750      0x32d ./emlib/em_rtc.o
 .debug_info    0x00004a7d      0x245 ./emlib/em_system.o
 .debug_info    0x00004cc2      0xe4a ./emlib/em_usart.o
 .debug_info    0x00005b0c       0xb2 ./CMSIS/efm32gg/startup_gcc_efm32gg.o
 .debug_info    0x00005bbe      0x56a ./CMSIS/efm32gg/system_efm32gg.o
 .debug_info    0x00006128      0xc4c ./src/LS013_MD.o
 .debug_info    0x00006d74       0xc9 ./src/mdelay.o
 .debug_info    0x00006e3d      0x9c1 ./src/udelay.o
 .debug_info    0x000077fe      0x51c ./src/rtc.o

.debug_abbrev   0x00000000     0x1b2c
 .debug_abbrev  0x00000000      0x137 ./src/BQ27421.o
 .debug_abbrev  0x00000137      0x197 ./src/InitDevice.o
 .debug_abbrev  0x000002ce       0x5d ./src/Graphics.o
 .debug_abbrev  0x0000032b       0xe3 ./src/main.o
 .debug_abbrev  0x0000040e      0x226 ./emlib/em_burtc.o
 .debug_abbrev  0x00000634      0x2e4 ./emlib/em_cmu.o
 .debug_abbrev  0x00000918      0x263 ./emlib/em_emu.o
 .debug_abbrev  0x00000b7b      0x234 ./emlib/em_i2c.o
 .debug_abbrev  0x00000daf      0x154 ./emlib/em_rmu.o
 .debug_abbrev  0x00000f03      0x198 ./emlib/em_rtc.o
 .debug_abbrev  0x0000109b       0xef ./emlib/em_system.o
 .debug_abbrev  0x0000118a      0x1ba ./emlib/em_usart.o
 .debug_abbrev  0x00001344       0x14 ./CMSIS/efm32gg/startup_gcc_efm32gg.o
 .debug_abbrev  0x00001358      0x1a5 ./CMSIS/efm32gg/system_efm32gg.o
 .debug_abbrev  0x000014fd      0x213 ./src/LS013_MD.o
 .debug_abbrev  0x00001710       0x7a ./src/mdelay.o
 .debug_abbrev  0x0000178a      0x1f8 ./src/udelay.o
 .debug_abbrev  0x00001982      0x1aa ./src/rtc.o

.debug_loc      0x00000000     0x2634
 .debug_loc     0x00000000       0xe0 ./src/BQ27421.o
 .debug_loc     0x000000e0      0x5c8 ./src/InitDevice.o
 .debug_loc     0x000006a8       0x64 ./src/main.o
 .debug_loc     0x0000070c      0x2cc ./emlib/em_burtc.o
 .debug_loc     0x000009d8      0x708 ./emlib/em_cmu.o
 .debug_loc     0x000010e0      0x3b4 ./emlib/em_emu.o
 .debug_loc     0x00001494      0x1c0 ./emlib/em_i2c.o
 .debug_loc     0x00001654      0x138 ./emlib/em_rmu.o
 .debug_loc     0x0000178c      0x1a8 ./emlib/em_rtc.o
 .debug_loc     0x00001934       0x70 ./emlib/em_system.o
 .debug_loc     0x000019a4      0x460 ./emlib/em_usart.o
 .debug_loc     0x00001e04      0x1e8 ./CMSIS/efm32gg/system_efm32gg.o
 .debug_loc     0x00001fec      0x35c ./src/LS013_MD.o
 .debug_loc     0x00002348       0x38 ./src/mdelay.o
 .debug_loc     0x00002380      0x170 ./src/udelay.o
 .debug_loc     0x000024f0      0x144 ./src/rtc.o

.debug_aranges  0x00000000      0x788
 .debug_aranges
                0x00000000       0x38 ./src/BQ27421.o
 .debug_aranges
                0x00000038      0x118 ./src/InitDevice.o
 .debug_aranges
                0x00000150       0x18 ./src/Graphics.o
 .debug_aranges
                0x00000168       0x28 ./src/main.o
 .debug_aranges
                0x00000190       0x80 ./emlib/em_burtc.o
 .debug_aranges
                0x00000210      0x120 ./emlib/em_cmu.o
 .debug_aranges
                0x00000330       0xa8 ./emlib/em_emu.o
 .debug_aranges
                0x000003d8       0x58 ./emlib/em_i2c.o
 .debug_aranges
                0x00000430       0x48 ./emlib/em_rmu.o
 .debug_aranges
                0x00000478       0x58 ./emlib/em_rtc.o
 .debug_aranges
                0x000004d0       0x28 ./emlib/em_system.o
 .debug_aranges
                0x000004f8       0xb8 ./emlib/em_usart.o
 .debug_aranges
                0x000005b0       0x20 ./CMSIS/efm32gg/startup_gcc_efm32gg.o
 .debug_aranges
                0x000005d0       0x68 ./CMSIS/efm32gg/system_efm32gg.o
 .debug_aranges
                0x00000638       0x98 ./src/LS013_MD.o
 .debug_aranges
                0x000006d0       0x20 ./src/mdelay.o
 .debug_aranges
                0x000006f0       0x50 ./src/udelay.o
 .debug_aranges
                0x00000740       0x48 ./src/rtc.o

.debug_ranges   0x00000000      0x650
 .debug_ranges  0x00000000       0x28 ./src/BQ27421.o
 .debug_ranges  0x00000028      0x108 ./src/InitDevice.o
 .debug_ranges  0x00000130       0x18 ./src/main.o
 .debug_ranges  0x00000148       0x70 ./emlib/em_burtc.o
 .debug_ranges  0x000001b8      0x110 ./emlib/em_cmu.o
 .debug_ranges  0x000002c8       0x98 ./emlib/em_emu.o
 .debug_ranges  0x00000360       0x48 ./emlib/em_i2c.o
 .debug_ranges  0x000003a8       0x38 ./emlib/em_rmu.o
 .debug_ranges  0x000003e0       0x48 ./emlib/em_rtc.o
 .debug_ranges  0x00000428       0x18 ./emlib/em_system.o
 .debug_ranges  0x00000440       0xa8 ./emlib/em_usart.o
 .debug_ranges  0x000004e8       0x58 ./CMSIS/efm32gg/system_efm32gg.o
 .debug_ranges  0x00000540       0x88 ./src/LS013_MD.o
 .debug_ranges  0x000005c8       0x10 ./src/mdelay.o
 .debug_ranges  0x000005d8       0x40 ./src/udelay.o
 .debug_ranges  0x00000618       0x38 ./src/rtc.o

.debug_line     0x00000000     0x3a5c
 .debug_line    0x00000000      0x264 ./src/BQ27421.o
 .debug_line    0x00000264      0x58b ./src/InitDevice.o
 .debug_line    0x000007ef       0xaa ./src/Graphics.o
 .debug_line    0x00000899      0x220 ./src/main.o
 .debug_line    0x00000ab9      0x3b9 ./emlib/em_burtc.o
 .debug_line    0x00000e72      0x807 ./emlib/em_cmu.o
 .debug_line    0x00001679      0x4af ./emlib/em_emu.o
 .debug_line    0x00001b28      0x3cd ./emlib/em_i2c.o
 .debug_line    0x00001ef5      0x2a9 ./emlib/em_rmu.o
 .debug_line    0x0000219e      0x2bf ./emlib/em_rtc.o
 .debug_line    0x0000245d      0x23f ./emlib/em_system.o
 .debug_line    0x0000269c      0x4dc ./emlib/em_usart.o
 .debug_line    0x00002b78       0x9f ./CMSIS/efm32gg/startup_gcc_efm32gg.o
 .debug_line    0x00002c17      0x28a ./CMSIS/efm32gg/system_efm32gg.o
 .debug_line    0x00002ea1      0x510 ./src/LS013_MD.o
 .debug_line    0x000033b1      0x123 ./src/mdelay.o
 .debug_line    0x000034d4      0x30e ./src/udelay.o
 .debug_line    0x000037e2      0x27a ./src/rtc.o

.debug_str      0x00000000     0x2db8
 .debug_str     0x00000000      0x39c ./src/BQ27421.o
                                0x3e4 (size before relaxing)
 .debug_str     0x0000039c      0xe5e ./src/InitDevice.o
                               0x117b (size before relaxing)
 .debug_str     0x000011fa       0x24 ./src/Graphics.o
                                0x1ee (size before relaxing)
 .debug_str     0x0000121e       0x54 ./src/main.o
                                0x256 (size before relaxing)
 .debug_str     0x00001272      0x18f ./emlib/em_burtc.o
                                0x4e8 (size before relaxing)
 .debug_str     0x00001401      0x5d2 ./emlib/em_cmu.o
                                0xc4b (size before relaxing)
 .debug_str     0x000019d3      0x498 ./emlib/em_emu.o
                                0x84a (size before relaxing)
 .debug_str     0x00001e6b      0x1cd ./emlib/em_i2c.o
                                0x773 (size before relaxing)
 .debug_str     0x00002038       0xd0 ./emlib/em_rmu.o
                                0x396 (size before relaxing)
 .debug_str     0x00002108       0x20 ./emlib/em_rtc.o
                                0x2dc (size before relaxing)
 .debug_str     0x00002128       0x7b ./emlib/em_system.o
                                0x2cf (size before relaxing)
 .debug_str     0x000021a3      0x50a ./emlib/em_usart.o
                                0xd8f (size before relaxing)
 .debug_str     0x000026ad      0x101 ./CMSIS/efm32gg/system_efm32gg.o
                                0x498 (size before relaxing)
 .debug_str     0x000027ae      0x25a ./src/LS013_MD.o
                                0x9a6 (size before relaxing)
 .debug_str     0x00002a08       0x2a ./src/mdelay.o
                                0x208 (size before relaxing)
 .debug_str     0x00002a32      0x321 ./src/udelay.o
                                0x9f7 (size before relaxing)
 .debug_str     0x00002d53       0x65 ./src/rtc.o
                                0x54d (size before relaxing)

.debug_frame    0x00000000     0x1688
 .debug_frame   0x00000000       0x90 ./src/BQ27421.o
 .debug_frame   0x00000090      0x358 ./src/InitDevice.o
 .debug_frame   0x000003e8       0x4c ./src/main.o
 .debug_frame   0x00000434      0x194 ./emlib/em_burtc.o
 .debug_frame   0x000005c8      0x3cc ./emlib/em_cmu.o
 .debug_frame   0x00000994      0x210 ./emlib/em_emu.o
 .debug_frame   0x00000ba4      0x104 ./emlib/em_i2c.o
 .debug_frame   0x00000ca8       0xb8 ./emlib/em_rmu.o
 .debug_frame   0x00000d60       0xf0 ./emlib/em_rtc.o
 .debug_frame   0x00000e50       0x48 ./emlib/em_system.o
 .debug_frame   0x00000e98      0x25c ./emlib/em_usart.o
 .debug_frame   0x000010f4      0x120 ./CMSIS/efm32gg/system_efm32gg.o
 .debug_frame   0x00001214      0x1f4 ./src/LS013_MD.o
 .debug_frame   0x00001408       0x30 ./src/mdelay.o
 .debug_frame   0x00001438       0xd8 ./src/udelay.o
 .debug_frame   0x00001510       0xbc ./src/rtc.o
 .debug_frame   0x000015cc       0x28 /home/sumanguru/Documents/SimplicityStudio_v3/developer/toolchains/gnu_arm/4.8_2013q4/bin/../lib/gcc/arm-none-eabi/4.8.3/../../../../arm-none-eabi/lib/armv7-m/libc_s.a(lib_a-exit.o)
 .debug_frame   0x000015f4       0x2c /home/sumanguru/Documents/SimplicityStudio_v3/developer/toolchains/gnu_arm/4.8_2013q4/bin/../lib/gcc/arm-none-eabi/4.8.3/../../../../arm-none-eabi/lib/armv7-m/libc_s.a(lib_a-init.o)
 .debug_frame   0x00001620       0x28 /home/sumanguru/Documents/SimplicityStudio_v3/developer/toolchains/gnu_arm/4.8_2013q4/bin/../lib/gcc/arm-none-eabi/4.8.3/../../../../arm-none-eabi/lib/armv7-m/libc_s.a(lib_a-memcpy-stub.o)
 .debug_frame   0x00001648       0x20 /home/sumanguru/Documents/SimplicityStudio_v3/developer/toolchains/gnu_arm/4.8_2013q4/bin/../lib/gcc/arm-none-eabi/4.8.3/../../../../arm-none-eabi/lib/armv7-m/libc_s.a(lib_a-memset.o)
 .debug_frame   0x00001668       0x20 /home/sumanguru/Documents/SimplicityStudio_v3/developer/toolchains/gnu_arm/4.8_2013q4/bin/../lib/gcc/arm-none-eabi/4.8.3/../../../../arm-none-eabi/lib/armv7-m/libnosys.a(_exit.o)
