Archive member included because of file (symbol)

/home/sumanguru/Downloads/SimplicityStudio_v3/developer/toolchains/gnu_arm/4.8_2013q4/bin/../lib/gcc/arm-none-eabi/4.8.3/../../../../arm-none-eabi/lib/armv7-m/libc_s.a(lib_a-exit.o)
                              /home/sumanguru/Downloads/SimplicityStudio_v3/developer/toolchains/gnu_arm/4.8_2013q4/bin/../lib/gcc/arm-none-eabi/4.8.3/../../../../arm-none-eabi/lib/armv7-m/crt0.o (exit)
/home/sumanguru/Downloads/SimplicityStudio_v3/developer/toolchains/gnu_arm/4.8_2013q4/bin/../lib/gcc/arm-none-eabi/4.8.3/../../../../arm-none-eabi/lib/armv7-m/libc_s.a(lib_a-impure.o)
                              /home/sumanguru/Downloads/SimplicityStudio_v3/developer/toolchains/gnu_arm/4.8_2013q4/bin/../lib/gcc/arm-none-eabi/4.8.3/../../../../arm-none-eabi/lib/armv7-m/libc_s.a(lib_a-exit.o) (_global_impure_ptr)
/home/sumanguru/Downloads/SimplicityStudio_v3/developer/toolchains/gnu_arm/4.8_2013q4/bin/../lib/gcc/arm-none-eabi/4.8.3/../../../../arm-none-eabi/lib/armv7-m/libc_s.a(lib_a-init.o)
                              /home/sumanguru/Downloads/SimplicityStudio_v3/developer/toolchains/gnu_arm/4.8_2013q4/bin/../lib/gcc/arm-none-eabi/4.8.3/../../../../arm-none-eabi/lib/armv7-m/crt0.o (__libc_init_array)
/home/sumanguru/Downloads/SimplicityStudio_v3/developer/toolchains/gnu_arm/4.8_2013q4/bin/../lib/gcc/arm-none-eabi/4.8.3/../../../../arm-none-eabi/lib/armv7-m/libc_s.a(lib_a-memset.o)
                              /home/sumanguru/Downloads/SimplicityStudio_v3/developer/toolchains/gnu_arm/4.8_2013q4/bin/../lib/gcc/arm-none-eabi/4.8.3/../../../../arm-none-eabi/lib/armv7-m/crt0.o (memset)
/home/sumanguru/Downloads/SimplicityStudio_v3/developer/toolchains/gnu_arm/4.8_2013q4/bin/../lib/gcc/arm-none-eabi/4.8.3/../../../../arm-none-eabi/lib/armv7-m/libnosys.a(_exit.o)
                              /home/sumanguru/Downloads/SimplicityStudio_v3/developer/toolchains/gnu_arm/4.8_2013q4/bin/../lib/gcc/arm-none-eabi/4.8.3/../../../../arm-none-eabi/lib/armv7-m/libc_s.a(lib_a-exit.o) (_exit)

Allocating common symbols
Common symbol       size              file

SystemCoreClock     0x4               ./CMSIS/efm32gg/system_efm32gg.o

Discarded input sections

 .text          0x00000000        0x0 /home/sumanguru/Downloads/SimplicityStudio_v3/developer/toolchains/gnu_arm/4.8_2013q4/bin/../lib/gcc/arm-none-eabi/4.8.3/armv7-m/crti.o
 .data          0x00000000        0x0 /home/sumanguru/Downloads/SimplicityStudio_v3/developer/toolchains/gnu_arm/4.8_2013q4/bin/../lib/gcc/arm-none-eabi/4.8.3/armv7-m/crti.o
 .bss           0x00000000        0x0 /home/sumanguru/Downloads/SimplicityStudio_v3/developer/toolchains/gnu_arm/4.8_2013q4/bin/../lib/gcc/arm-none-eabi/4.8.3/armv7-m/crti.o
 .data          0x00000000        0x4 /home/sumanguru/Downloads/SimplicityStudio_v3/developer/toolchains/gnu_arm/4.8_2013q4/bin/../lib/gcc/arm-none-eabi/4.8.3/armv7-m/crtbegin.o
 .data          0x00000000        0x0 /home/sumanguru/Downloads/SimplicityStudio_v3/developer/toolchains/gnu_arm/4.8_2013q4/bin/../lib/gcc/arm-none-eabi/4.8.3/../../../../arm-none-eabi/lib/armv7-m/crt0.o
 .bss           0x00000000        0x0 /home/sumanguru/Downloads/SimplicityStudio_v3/developer/toolchains/gnu_arm/4.8_2013q4/bin/../lib/gcc/arm-none-eabi/4.8.3/../../../../arm-none-eabi/lib/armv7-m/crt0.o
 .ARM.extab     0x00000000        0x0 /home/sumanguru/Downloads/SimplicityStudio_v3/developer/toolchains/gnu_arm/4.8_2013q4/bin/../lib/gcc/arm-none-eabi/4.8.3/../../../../arm-none-eabi/lib/armv7-m/crt0.o
 .text          0x00000000        0x0 ./src/BQ25010.o
 .data          0x00000000        0x0 ./src/BQ25010.o
 .bss           0x00000000        0x0 ./src/BQ25010.o
 .text.BQ25010_get_status
                0x00000000       0x10 ./src/BQ25010.o
 .text.BQ25010_charge_on
                0x00000000       0x10 ./src/BQ25010.o
 .text.BQ25010_charge_off
                0x00000000       0x10 ./src/BQ25010.o
 .text.BQ25010_USB_charge_high
                0x00000000       0x10 ./src/BQ25010.o
 .text.BQ25010_USB_charge_low
                0x00000000       0x10 ./src/BQ25010.o
 .text          0x00000000        0x0 ./src/InitDevice.o
 .data          0x00000000        0x0 ./src/InitDevice.o
 .bss           0x00000000        0x0 ./src/InitDevice.o
 .text.CMU_enter_DefaultMode_from_RESET
                0x00000000       0x6c ./src/InitDevice.o
 .text.ADC0_enter_DefaultMode_from_RESET
                0x00000000        0x4 ./src/InitDevice.o
 .text.ACMP0_enter_DefaultMode_from_RESET
                0x00000000        0x4 ./src/InitDevice.o
 .text.ACMP1_enter_DefaultMode_from_RESET
                0x00000000        0x4 ./src/InitDevice.o
 .text.DAC0_enter_DefaultMode_from_RESET
                0x00000000        0x4 ./src/InitDevice.o
 .text.BURTC_enter_DefaultMode_from_RESET
                0x00000000       0x6c ./src/InitDevice.o
 .text.HFXO_enter_DefaultMode_from_RESET
                0x00000000       0x18 ./src/InitDevice.o
 .text.LFXO_enter_DefaultMode_from_RESET
                0x00000000       0x18 ./src/InitDevice.o
 .text.RTC_enter_DefaultMode_from_RESET
                0x00000000       0x28 ./src/InitDevice.o
 .text.OPAMP0_enter_DefaultMode_from_RESET
                0x00000000        0x4 ./src/InitDevice.o
 .text.OPAMP1_enter_DefaultMode_from_RESET
                0x00000000        0x4 ./src/InitDevice.o
 .text.OPAMP2_enter_DefaultMode_from_RESET
                0x00000000        0x4 ./src/InitDevice.o
 .text.USART0_enter_DefaultMode_from_RESET
                0x00000000       0x6c ./src/InitDevice.o
 .text.USART1_enter_DefaultMode_from_RESET
                0x00000000       0x6c ./src/InitDevice.o
 .text.USART2_enter_DefaultMode_from_RESET
                0x00000000        0x4 ./src/InitDevice.o
 .text.LEUART0_enter_DefaultMode_from_RESET
                0x00000000        0x4 ./src/InitDevice.o
 .text.LEUART1_enter_DefaultMode_from_RESET
                0x00000000        0x4 ./src/InitDevice.o
 .text.VCMP_enter_DefaultMode_from_RESET
                0x00000000        0x4 ./src/InitDevice.o
 .text.WDOG_enter_DefaultMode_from_RESET
                0x00000000        0x4 ./src/InitDevice.o
 .text.I2C0_enter_DefaultMode_from_RESET
                0x00000000       0x38 ./src/InitDevice.o
 .text.I2C1_enter_DefaultMode_from_RESET
                0x00000000       0x38 ./src/InitDevice.o
 .text.TIMER0_enter_DefaultMode_from_RESET
                0x00000000        0x4 ./src/InitDevice.o
 .text.TIMER1_enter_DefaultMode_from_RESET
                0x00000000        0x4 ./src/InitDevice.o
 .text.TIMER2_enter_DefaultMode_from_RESET
                0x00000000        0x4 ./src/InitDevice.o
 .text.TIMER3_enter_DefaultMode_from_RESET
                0x00000000        0x4 ./src/InitDevice.o
 .text.PCNT0_enter_DefaultMode_from_RESET
                0x00000000        0x4 ./src/InitDevice.o
 .text.PCNT1_enter_DefaultMode_from_RESET
                0x00000000        0x4 ./src/InitDevice.o
 .text.PCNT2_enter_DefaultMode_from_RESET
                0x00000000        0x4 ./src/InitDevice.o
 .text.PRS_enter_DefaultMode_from_RESET
                0x00000000        0x4 ./src/InitDevice.o
 .text.ETM_enter_DefaultMode_from_RESET
                0x00000000        0x4 ./src/InitDevice.o
 .text.PORTIO_enter_DefaultMode_from_RESET
                0x00000000      0x238 ./src/InitDevice.o
 .text.enter_DefaultMode_from_RESET
                0x00000000      0x230 ./src/InitDevice.o
 .rodata        0x00000000       0x40 ./src/InitDevice.o
 .debug_info    0x00000000     0x1850 ./src/InitDevice.o
 .debug_abbrev  0x00000000      0x28f ./src/InitDevice.o
 .debug_loc     0x00000000      0x175 ./src/InitDevice.o
 .debug_aranges
                0x00000000      0x118 ./src/InitDevice.o
 .debug_ranges  0x00000000      0x1f0 ./src/InitDevice.o
 .debug_line    0x00000000      0x648 ./src/InitDevice.o
 .debug_str     0x00000000     0x1237 ./src/InitDevice.o
 .comment       0x00000000       0x71 ./src/InitDevice.o
 .ARM.attributes
                0x00000000       0x33 ./src/InitDevice.o
 .debug_frame   0x00000000      0x290 ./src/InitDevice.o
 .text          0x00000000        0x0 ./src/main.o
 .data          0x00000000        0x0 ./src/main.o
 .bss           0x00000000        0x0 ./src/main.o
 .text          0x00000000        0x0 ./emlib/em_burtc.o
 .data          0x00000000        0x0 ./emlib/em_burtc.o
 .bss           0x00000000        0x0 ./emlib/em_burtc.o
 .text.BURTC_Init
                0x00000000       0x80 ./emlib/em_burtc.o
 .text.BURTC_CompareSet
                0x00000000       0x20 ./emlib/em_burtc.o
 .text.BURTC_CompareGet
                0x00000000        0xc ./emlib/em_burtc.o
 .text.BURTC_CounterReset
                0x00000000       0x10 ./emlib/em_burtc.o
 .text.BURTC_Reset
                0x00000000       0x18 ./emlib/em_burtc.o
 .text.BURTC_ClockFreqGet
                0x00000000       0x4c ./emlib/em_burtc.o
 .debug_info    0x00000000      0x8f5 ./emlib/em_burtc.o
 .debug_abbrev  0x00000000      0x2ff ./emlib/em_burtc.o
 .debug_loc     0x00000000      0x2b2 ./emlib/em_burtc.o
 .debug_aranges
                0x00000000       0x48 ./emlib/em_burtc.o
 .debug_ranges  0x00000000       0xe8 ./emlib/em_burtc.o
 .debug_line    0x00000000      0x343 ./emlib/em_burtc.o
 .debug_str     0x00000000      0x4fe ./emlib/em_burtc.o
 .comment       0x00000000       0x71 ./emlib/em_burtc.o
 .ARM.attributes
                0x00000000       0x33 ./emlib/em_burtc.o
 .debug_frame   0x00000000       0x84 ./emlib/em_burtc.o
 .text          0x00000000        0x0 ./emlib/em_cmu.o
 .data          0x00000000        0x0 ./emlib/em_cmu.o
 .bss           0x00000000        0x0 ./emlib/em_cmu.o
 .text.CMU_Calibrate
                0x00000000       0x54 ./emlib/em_cmu.o
 .text.CMU_CalibrateConfig
                0x00000000       0x84 ./emlib/em_cmu.o
 .text.CMU_ClockDivGet
                0x00000000       0xbc ./emlib/em_cmu.o
 .text.CMU_ClockSelectGet
                0x00000000       0xb4 ./emlib/em_cmu.o
 .text.CMU_ClockFreqGet
                0x00000000      0x384 ./emlib/em_cmu.o
 .text.CMU_ClockDivSet
                0x00000000      0x2fc ./emlib/em_cmu.o
 .text.CMU_ClockEnable
                0x00000000       0xf8 ./emlib/em_cmu.o
 .text.CMU_ClockSelectSet
                0x00000000      0x35c ./emlib/em_cmu.o
 .text.CMU_FreezeEnable
                0x00000000       0x1c ./emlib/em_cmu.o
 .text.CMU_AUXHFRCOBandGet
                0x00000000       0x10 ./emlib/em_cmu.o
 .text.CMU_AUXHFRCOBandSet
                0x00000000       0x6c ./emlib/em_cmu.o
 .text.CMU_HFRCOBandGet
                0x00000000       0x10 ./emlib/em_cmu.o
 .text.CMU_HFRCOBandSet
                0x00000000      0x14c ./emlib/em_cmu.o
 .text.CMU_HFRCOStartupDelayGet
                0x00000000       0x10 ./emlib/em_cmu.o
 .text.CMU_HFRCOStartupDelaySet
                0x00000000       0x18 ./emlib/em_cmu.o
 .text.CMU_LCDClkFDIVGet
                0x00000000        0x4 ./emlib/em_cmu.o
 .text.CMU_LCDClkFDIVSet
                0x00000000        0x4 ./emlib/em_cmu.o
 .text.CMU_OscillatorEnable
                0x00000000       0x50 ./emlib/em_cmu.o
 .text.CMU_OscillatorTuningGet
                0x00000000       0x30 ./emlib/em_cmu.o
 .text.CMU_OscillatorTuningSet
                0x00000000       0x44 ./emlib/em_cmu.o
 .text.CMU_PCNTClockExternalGet
                0x00000000       0x44 ./emlib/em_cmu.o
 .text.CMU_PCNTClockExternalSet
                0x00000000       0x10 ./emlib/em_cmu.o
 .debug_info    0x00000000     0x2192 ./emlib/em_cmu.o
 .debug_abbrev  0x00000000      0x3d0 ./emlib/em_cmu.o
 .debug_loc     0x00000000     0x2783 ./emlib/em_cmu.o
 .debug_aranges
                0x00000000       0xc8 ./emlib/em_cmu.o
 .debug_ranges  0x00000000      0x668 ./emlib/em_cmu.o
 .debug_line    0x00000000      0x9b5 ./emlib/em_cmu.o
 .debug_str     0x00000000      0xcac ./emlib/em_cmu.o
 .comment       0x00000000       0x71 ./emlib/em_cmu.o
 .ARM.attributes
                0x00000000       0x33 ./emlib/em_cmu.o
 .debug_frame   0x00000000      0x1bc ./emlib/em_cmu.o
 .text          0x00000000        0x0 ./emlib/em_emu.o
 .data          0x00000000        0x0 ./emlib/em_emu.o
 .bss           0x00000000        0x0 ./emlib/em_emu.o
 .text.EMU_Restore
                0x00000000       0x8c ./emlib/em_emu.o
 .text.EMU_EnterEM2
                0x00000000       0x98 ./emlib/em_emu.o
 .text.EMU_EnterEM3
                0x00000000       0xb8 ./emlib/em_emu.o
 .text.EMU_EnterEM4
                0x00000000       0x30 ./emlib/em_emu.o
 .text.EMU_MemPwrDown
                0x00000000        0xc ./emlib/em_emu.o
 .text.EMU_UpdateOscConfig
                0x00000000       0x14 ./emlib/em_emu.o
 .text.EMU_EM23Init
                0x00000000       0x24 ./emlib/em_emu.o
 .text.EMU_EM4Init
                0x00000000       0x2c ./emlib/em_emu.o
 .text.EMU_BUPDInit
                0x00000000       0x70 ./emlib/em_emu.o
 .text.EMU_BUThresholdSet
                0x00000000       0x28 ./emlib/em_emu.o
 .text.EMU_BUThresRangeSet
                0x00000000       0x2c ./emlib/em_emu.o
 .bss.cmuStatus
                0x00000000        0x4 ./emlib/em_emu.o
 .debug_info    0x00000000      0xeae ./emlib/em_emu.o
 .debug_abbrev  0x00000000      0x34e ./emlib/em_emu.o
 .debug_loc     0x00000000      0x3d7 ./emlib/em_emu.o
 .debug_aranges
                0x00000000       0x70 ./emlib/em_emu.o
 .debug_ranges  0x00000000      0x178 ./emlib/em_emu.o
 .debug_line    0x00000000      0x4ee ./emlib/em_emu.o
 .debug_str     0x00000000      0x837 ./emlib/em_emu.o
 .comment       0x00000000       0x71 ./emlib/em_emu.o
 .ARM.attributes
                0x00000000       0x33 ./emlib/em_emu.o
 .debug_frame   0x00000000       0xf4 ./emlib/em_emu.o
 .text          0x00000000        0x0 ./emlib/em_gpio.o
 .data          0x00000000        0x0 ./emlib/em_gpio.o
 .bss           0x00000000        0x0 ./emlib/em_gpio.o
 .text.GPIO_DbgLocationSet
                0x00000000       0x18 ./emlib/em_gpio.o
 .text.GPIO_DriveModeSet
                0x00000000       0x1c ./emlib/em_gpio.o
 .text.GPIO_IntConfig
                0x00000000       0x68 ./emlib/em_gpio.o
 .text.GPIO_PinModeSet
                0x00000000       0xb4 ./emlib/em_gpio.o
 .debug_info    0x00000000      0x57f ./emlib/em_gpio.o
 .debug_abbrev  0x00000000      0x1bc ./emlib/em_gpio.o
 .debug_loc     0x00000000      0x312 ./emlib/em_gpio.o
 .debug_aranges
                0x00000000       0x38 ./emlib/em_gpio.o
 .debug_ranges  0x00000000       0x40 ./emlib/em_gpio.o
 .debug_line    0x00000000      0x2a0 ./emlib/em_gpio.o
 .debug_str     0x00000000      0x53a ./emlib/em_gpio.o
 .comment       0x00000000       0x71 ./emlib/em_gpio.o
 .ARM.attributes
                0x00000000       0x33 ./emlib/em_gpio.o
 .debug_frame   0x00000000       0x68 ./emlib/em_gpio.o
 .text          0x00000000        0x0 ./emlib/em_i2c.o
 .data          0x00000000        0x0 ./emlib/em_i2c.o
 .bss           0x00000000        0x0 ./emlib/em_i2c.o
 .text.I2C_BusFreqGet
                0x00000000       0x2c ./emlib/em_i2c.o
 .text.I2C_BusFreqSet
                0x00000000       0x58 ./emlib/em_i2c.o
 .text.I2C_Enable
                0x00000000        0xc ./emlib/em_i2c.o
 .text.I2C_Init
                0x00000000       0x7c ./emlib/em_i2c.o
 .text.I2C_Reset
                0x00000000       0x18 ./emlib/em_i2c.o
 .text.I2C_Transfer
                0x00000000      0x224 ./emlib/em_i2c.o
 .text.I2C_TransferInit
                0x00000000      0x278 ./emlib/em_i2c.o
 .rodata.i2cNSum
                0x00000000        0x4 ./emlib/em_i2c.o
 .bss.i2cTransfer
                0x00000000       0x18 ./emlib/em_i2c.o
 .debug_info    0x00000000      0x9da ./emlib/em_i2c.o
 .debug_abbrev  0x00000000      0x32e ./emlib/em_i2c.o
 .debug_loc     0x00000000      0xa66 ./emlib/em_i2c.o
 .debug_aranges
                0x00000000       0x50 ./emlib/em_i2c.o
 .debug_ranges  0x00000000      0x108 ./emlib/em_i2c.o
 .debug_line    0x00000000      0x52e ./emlib/em_i2c.o
 .debug_str     0x00000000      0x770 ./emlib/em_i2c.o
 .comment       0x00000000       0x71 ./emlib/em_i2c.o
 .ARM.attributes
                0x00000000       0x33 ./emlib/em_i2c.o
 .debug_frame   0x00000000       0xc4 ./emlib/em_i2c.o
 .text          0x00000000        0x0 ./emlib/em_rmu.o
 .data          0x00000000        0x0 ./emlib/em_rmu.o
 .bss           0x00000000        0x0 ./emlib/em_rmu.o
 .text.RMU_ResetControl
                0x00000000       0x10 ./emlib/em_rmu.o
 .text.RMU_ResetCauseClear
                0x00000000       0x40 ./emlib/em_rmu.o
 .text.RMU_ResetCauseGet
                0x00000000       0xf4 ./emlib/em_rmu.o
 .debug_info    0x00000000      0x475 ./emlib/em_rmu.o
 .debug_abbrev  0x00000000      0x221 ./emlib/em_rmu.o
 .debug_loc     0x00000000      0x29c ./emlib/em_rmu.o
 .debug_aranges
                0x00000000       0x30 ./emlib/em_rmu.o
 .debug_ranges  0x00000000       0x80 ./emlib/em_rmu.o
 .debug_line    0x00000000      0x2bf ./emlib/em_rmu.o
 .debug_str     0x00000000      0x370 ./emlib/em_rmu.o
 .comment       0x00000000       0x71 ./emlib/em_rmu.o
 .ARM.attributes
                0x00000000       0x33 ./emlib/em_rmu.o
 .debug_frame   0x00000000       0x48 ./emlib/em_rmu.o
 .text          0x00000000        0x0 ./emlib/em_rtc.o
 .data          0x00000000        0x0 ./emlib/em_rtc.o
 .bss           0x00000000        0x0 ./emlib/em_rtc.o
 .text.RTC_CompareGet
                0x00000000       0x1c ./emlib/em_rtc.o
 .text.RTC_CompareSet
                0x00000000       0x1c ./emlib/em_rtc.o
 .text.RTC_Enable
                0x00000000        0x8 ./emlib/em_rtc.o
 .text.RTC_FreezeEnable
                0x00000000       0x14 ./emlib/em_rtc.o
 .text.RTC_Init
                0x00000000       0x1c ./emlib/em_rtc.o
 .text.RTC_Reset
                0x00000000       0x18 ./emlib/em_rtc.o
 .text.RTC_CounterReset
                0x00000000       0x10 ./emlib/em_rtc.o
 .debug_info    0x00000000      0x3f3 ./emlib/em_rtc.o
 .debug_abbrev  0x00000000      0x21d ./emlib/em_rtc.o
 .debug_loc     0x00000000       0x9a ./emlib/em_rtc.o
 .debug_aranges
                0x00000000       0x50 ./emlib/em_rtc.o
 .debug_ranges  0x00000000       0x70 ./emlib/em_rtc.o
 .debug_line    0x00000000      0x2a3 ./emlib/em_rtc.o
 .debug_str     0x00000000      0x2b6 ./emlib/em_rtc.o
 .comment       0x00000000       0x71 ./emlib/em_rtc.o
 .ARM.attributes
                0x00000000       0x33 ./emlib/em_rtc.o
 .debug_frame   0x00000000       0x80 ./emlib/em_rtc.o
 .text          0x00000000        0x0 ./emlib/em_system.o
 .data          0x00000000        0x0 ./emlib/em_system.o
 .bss           0x00000000        0x0 ./emlib/em_system.o
 .text.SYSTEM_GetCalibrationValue
                0x00000000       0x28 ./emlib/em_system.o
 .text          0x00000000        0x0 ./emlib/em_usart.o
 .data          0x00000000        0x0 ./emlib/em_usart.o
 .bss           0x00000000        0x0 ./emlib/em_usart.o
 .text.USART_BaudrateAsyncSet
                0x00000000       0x68 ./emlib/em_usart.o
 .text.USART_BaudrateCalc
                0x00000000       0x50 ./emlib/em_usart.o
 .text.USART_BaudrateGet
                0x00000000       0x74 ./emlib/em_usart.o
 .text.USART_BaudrateSyncSet
                0x00000000       0x30 ./emlib/em_usart.o
 .text.USART_Enable
                0x00000000       0x10 ./emlib/em_usart.o
 .text.USART_InitAsync
                0x00000000       0xdc ./emlib/em_usart.o
 .text.USART_InitSync
                0x00000000       0xcc ./emlib/em_usart.o
 .text.USART_InitIrDA
                0x00000000       0xf8 ./emlib/em_usart.o
 .text.USART_InitI2s
                0x00000000      0x114 ./emlib/em_usart.o
 .text.USART_InitPrsTrigger
                0x00000000       0x28 ./emlib/em_usart.o
 .text.USART_Reset
                0x00000000       0x54 ./emlib/em_usart.o
 .text.USART_Rx
                0x00000000        0xc ./emlib/em_usart.o
 .text.USART_RxDouble
                0x00000000        0xc ./emlib/em_usart.o
 .text.USART_RxDoubleExt
                0x00000000        0xc ./emlib/em_usart.o
 .text.USART_RxExt
                0x00000000        0xc ./emlib/em_usart.o
 .text.USART_SpiTransfer
                0x00000000       0x14 ./emlib/em_usart.o
 .text.USART_Tx
                0x00000000        0xc ./emlib/em_usart.o
 .text.USART_TxDouble
                0x00000000        0xc ./emlib/em_usart.o
 .text.USART_TxDoubleExt
                0x00000000        0xc ./emlib/em_usart.o
 .text.USART_TxExt
                0x00000000        0xc ./emlib/em_usart.o
 .debug_info    0x00000000     0x1262 ./emlib/em_usart.o
 .debug_abbrev  0x00000000      0x2ec ./emlib/em_usart.o
 .debug_loc     0x00000000      0xd9c ./emlib/em_usart.o
 .debug_aranges
                0x00000000       0xb8 ./emlib/em_usart.o
 .debug_ranges  0x00000000      0x228 ./emlib/em_usart.o
 .debug_line    0x00000000      0x66a ./emlib/em_usart.o
 .debug_str     0x00000000      0xd8c ./emlib/em_usart.o
 .comment       0x00000000       0x71 ./emlib/em_usart.o
 .ARM.attributes
                0x00000000       0x33 ./emlib/em_usart.o
 .debug_frame   0x00000000      0x1bc ./emlib/em_usart.o
 .data          0x00000000        0x0 ./CMSIS/efm32gg/startup_gcc_efm32gg.o
 .bss           0x00000000        0x0 ./CMSIS/efm32gg/startup_gcc_efm32gg.o
 .text          0x00000000        0x0 ./CMSIS/efm32gg/system_efm32gg.o
 .data          0x00000000        0x0 ./CMSIS/efm32gg/system_efm32gg.o
 .bss           0x00000000        0x0 ./CMSIS/efm32gg/system_efm32gg.o
 .text.SystemCoreClockGet
                0x00000000       0xe0 ./CMSIS/efm32gg/system_efm32gg.o
 .text.SystemHFClockGet
                0x00000000       0xc0 ./CMSIS/efm32gg/system_efm32gg.o
 .text.SystemHFXOClockGet
                0x00000000        0xc ./CMSIS/efm32gg/system_efm32gg.o
 .text.SystemHFXOClockSet
                0x00000000       0xe4 ./CMSIS/efm32gg/system_efm32gg.o
 .text.SystemLFRCOClockGet
                0x00000000        0x8 ./CMSIS/efm32gg/system_efm32gg.o
 .text.SystemULFRCOClockGet
                0x00000000        0x8 ./CMSIS/efm32gg/system_efm32gg.o
 .text.SystemLFXOClockGet
                0x00000000        0xc ./CMSIS/efm32gg/system_efm32gg.o
 .text.SystemLFXOClockSet
                0x00000000       0xe4 ./CMSIS/efm32gg/system_efm32gg.o
 .data.SystemLFXOClock
                0x00000000        0x4 ./CMSIS/efm32gg/system_efm32gg.o
 .data.SystemHFXOClock
                0x00000000        0x4 ./CMSIS/efm32gg/system_efm32gg.o
 COMMON         0x00000000        0x4 ./CMSIS/efm32gg/system_efm32gg.o
 .text          0x00000000        0x0 /home/sumanguru/Downloads/SimplicityStudio_v3/developer/toolchains/gnu_arm/4.8_2013q4/bin/../lib/gcc/arm-none-eabi/4.8.3/../../../../arm-none-eabi/lib/armv7-m/libc_s.a(lib_a-exit.o)
 .data          0x00000000        0x0 /home/sumanguru/Downloads/SimplicityStudio_v3/developer/toolchains/gnu_arm/4.8_2013q4/bin/../lib/gcc/arm-none-eabi/4.8.3/../../../../arm-none-eabi/lib/armv7-m/libc_s.a(lib_a-exit.o)
 .bss           0x00000000        0x0 /home/sumanguru/Downloads/SimplicityStudio_v3/developer/toolchains/gnu_arm/4.8_2013q4/bin/../lib/gcc/arm-none-eabi/4.8.3/../../../../arm-none-eabi/lib/armv7-m/libc_s.a(lib_a-exit.o)
 .text          0x00000000        0x0 /home/sumanguru/Downloads/SimplicityStudio_v3/developer/toolchains/gnu_arm/4.8_2013q4/bin/../lib/gcc/arm-none-eabi/4.8.3/../../../../arm-none-eabi/lib/armv7-m/libc_s.a(lib_a-impure.o)
 .data          0x00000000        0x0 /home/sumanguru/Downloads/SimplicityStudio_v3/developer/toolchains/gnu_arm/4.8_2013q4/bin/../lib/gcc/arm-none-eabi/4.8.3/../../../../arm-none-eabi/lib/armv7-m/libc_s.a(lib_a-impure.o)
 .bss           0x00000000        0x0 /home/sumanguru/Downloads/SimplicityStudio_v3/developer/toolchains/gnu_arm/4.8_2013q4/bin/../lib/gcc/arm-none-eabi/4.8.3/../../../../arm-none-eabi/lib/armv7-m/libc_s.a(lib_a-impure.o)
 .data._impure_ptr
                0x00000000        0x4 /home/sumanguru/Downloads/SimplicityStudio_v3/developer/toolchains/gnu_arm/4.8_2013q4/bin/../lib/gcc/arm-none-eabi/4.8.3/../../../../arm-none-eabi/lib/armv7-m/libc_s.a(lib_a-impure.o)
 .text          0x00000000        0x0 /home/sumanguru/Downloads/SimplicityStudio_v3/developer/toolchains/gnu_arm/4.8_2013q4/bin/../lib/gcc/arm-none-eabi/4.8.3/../../../../arm-none-eabi/lib/armv7-m/libc_s.a(lib_a-init.o)
 .data          0x00000000        0x0 /home/sumanguru/Downloads/SimplicityStudio_v3/developer/toolchains/gnu_arm/4.8_2013q4/bin/../lib/gcc/arm-none-eabi/4.8.3/../../../../arm-none-eabi/lib/armv7-m/libc_s.a(lib_a-init.o)
 .bss           0x00000000        0x0 /home/sumanguru/Downloads/SimplicityStudio_v3/developer/toolchains/gnu_arm/4.8_2013q4/bin/../lib/gcc/arm-none-eabi/4.8.3/../../../../arm-none-eabi/lib/armv7-m/libc_s.a(lib_a-init.o)
 .text          0x00000000        0x0 /home/sumanguru/Downloads/SimplicityStudio_v3/developer/toolchains/gnu_arm/4.8_2013q4/bin/../lib/gcc/arm-none-eabi/4.8.3/../../../../arm-none-eabi/lib/armv7-m/libc_s.a(lib_a-memset.o)
 .data          0x00000000        0x0 /home/sumanguru/Downloads/SimplicityStudio_v3/developer/toolchains/gnu_arm/4.8_2013q4/bin/../lib/gcc/arm-none-eabi/4.8.3/../../../../arm-none-eabi/lib/armv7-m/libc_s.a(lib_a-memset.o)
 .bss           0x00000000        0x0 /home/sumanguru/Downloads/SimplicityStudio_v3/developer/toolchains/gnu_arm/4.8_2013q4/bin/../lib/gcc/arm-none-eabi/4.8.3/../../../../arm-none-eabi/lib/armv7-m/libc_s.a(lib_a-memset.o)
 .text          0x00000000        0x0 /home/sumanguru/Downloads/SimplicityStudio_v3/developer/toolchains/gnu_arm/4.8_2013q4/bin/../lib/gcc/arm-none-eabi/4.8.3/../../../../arm-none-eabi/lib/armv7-m/libnosys.a(_exit.o)
 .data          0x00000000        0x0 /home/sumanguru/Downloads/SimplicityStudio_v3/developer/toolchains/gnu_arm/4.8_2013q4/bin/../lib/gcc/arm-none-eabi/4.8.3/../../../../arm-none-eabi/lib/armv7-m/libnosys.a(_exit.o)
 .bss           0x00000000        0x0 /home/sumanguru/Downloads/SimplicityStudio_v3/developer/toolchains/gnu_arm/4.8_2013q4/bin/../lib/gcc/arm-none-eabi/4.8.3/../../../../arm-none-eabi/lib/armv7-m/libnosys.a(_exit.o)
 .text          0x00000000        0x0 /home/sumanguru/Downloads/SimplicityStudio_v3/developer/toolchains/gnu_arm/4.8_2013q4/bin/../lib/gcc/arm-none-eabi/4.8.3/armv7-m/crtend.o
 .data          0x00000000        0x0 /home/sumanguru/Downloads/SimplicityStudio_v3/developer/toolchains/gnu_arm/4.8_2013q4/bin/../lib/gcc/arm-none-eabi/4.8.3/armv7-m/crtend.o
 .bss           0x00000000        0x0 /home/sumanguru/Downloads/SimplicityStudio_v3/developer/toolchains/gnu_arm/4.8_2013q4/bin/../lib/gcc/arm-none-eabi/4.8.3/armv7-m/crtend.o
 .jcr           0x00000000        0x4 /home/sumanguru/Downloads/SimplicityStudio_v3/developer/toolchains/gnu_arm/4.8_2013q4/bin/../lib/gcc/arm-none-eabi/4.8.3/armv7-m/crtend.o
 .text          0x00000000        0x0 /home/sumanguru/Downloads/SimplicityStudio_v3/developer/toolchains/gnu_arm/4.8_2013q4/bin/../lib/gcc/arm-none-eabi/4.8.3/armv7-m/crtn.o
 .data          0x00000000        0x0 /home/sumanguru/Downloads/SimplicityStudio_v3/developer/toolchains/gnu_arm/4.8_2013q4/bin/../lib/gcc/arm-none-eabi/4.8.3/armv7-m/crtn.o
 .bss           0x00000000        0x0 /home/sumanguru/Downloads/SimplicityStudio_v3/developer/toolchains/gnu_arm/4.8_2013q4/bin/../lib/gcc/arm-none-eabi/4.8.3/armv7-m/crtn.o

Memory Configuration

Name             Origin             Length             Attributes
FLASH            0x00000000         0x00100000         xr
RAM              0x20000000         0x00020000         xrw
*default*        0x00000000         0xffffffff

Linker script and memory map

LOAD /home/sumanguru/Downloads/SimplicityStudio_v3/developer/toolchains/gnu_arm/4.8_2013q4/bin/../lib/gcc/arm-none-eabi/4.8.3/armv7-m/crti.o
LOAD /home/sumanguru/Downloads/SimplicityStudio_v3/developer/toolchains/gnu_arm/4.8_2013q4/bin/../lib/gcc/arm-none-eabi/4.8.3/armv7-m/crtbegin.o
LOAD /home/sumanguru/Downloads/SimplicityStudio_v3/developer/toolchains/gnu_arm/4.8_2013q4/bin/../lib/gcc/arm-none-eabi/4.8.3/../../../../arm-none-eabi/lib/armv7-m/crt0.o
LOAD ./src/BQ25010.o
LOAD ./src/InitDevice.o
LOAD ./src/main.o
LOAD ./emlib/em_burtc.o
LOAD ./emlib/em_cmu.o
LOAD ./emlib/em_emu.o
LOAD ./emlib/em_gpio.o
LOAD ./emlib/em_i2c.o
LOAD ./emlib/em_rmu.o
LOAD ./emlib/em_rtc.o
LOAD ./emlib/em_system.o
LOAD ./emlib/em_usart.o
LOAD ./CMSIS/efm32gg/startup_gcc_efm32gg.o
LOAD ./CMSIS/efm32gg/system_efm32gg.o
START GROUP
LOAD /home/sumanguru/Downloads/SimplicityStudio_v3/developer/toolchains/gnu_arm/4.8_2013q4/bin/../lib/gcc/arm-none-eabi/4.8.3/armv7-m/libgcc.a
LOAD /home/sumanguru/Downloads/SimplicityStudio_v3/developer/toolchains/gnu_arm/4.8_2013q4/bin/../lib/gcc/arm-none-eabi/4.8.3/../../../../arm-none-eabi/lib/armv7-m/libc_s.a
LOAD /home/sumanguru/Downloads/SimplicityStudio_v3/developer/toolchains/gnu_arm/4.8_2013q4/bin/../lib/gcc/arm-none-eabi/4.8.3/../../../../arm-none-eabi/lib/armv7-m/libnosys.a
END GROUP
START GROUP
LOAD /home/sumanguru/Downloads/SimplicityStudio_v3/developer/toolchains/gnu_arm/4.8_2013q4/bin/../lib/gcc/arm-none-eabi/4.8.3/armv7-m/libgcc.a
LOAD /home/sumanguru/Downloads/SimplicityStudio_v3/developer/toolchains/gnu_arm/4.8_2013q4/bin/../lib/gcc/arm-none-eabi/4.8.3/../../../../arm-none-eabi/lib/armv7-m/libg_s.a
LOAD /home/sumanguru/Downloads/SimplicityStudio_v3/developer/toolchains/gnu_arm/4.8_2013q4/bin/../lib/gcc/arm-none-eabi/4.8.3/../../../../arm-none-eabi/lib/armv7-m/libc_s.a
END GROUP
START GROUP
LOAD /home/sumanguru/Downloads/SimplicityStudio_v3/developer/toolchains/gnu_arm/4.8_2013q4/bin/../lib/gcc/arm-none-eabi/4.8.3/armv7-m/libgcc.a
LOAD /home/sumanguru/Downloads/SimplicityStudio_v3/developer/toolchains/gnu_arm/4.8_2013q4/bin/../lib/gcc/arm-none-eabi/4.8.3/../../../../arm-none-eabi/lib/armv7-m/libc_s.a
END GROUP
LOAD /home/sumanguru/Downloads/SimplicityStudio_v3/developer/toolchains/gnu_arm/4.8_2013q4/bin/../lib/gcc/arm-none-eabi/4.8.3/armv7-m/crtend.o
LOAD /home/sumanguru/Downloads/SimplicityStudio_v3/developer/toolchains/gnu_arm/4.8_2013q4/bin/../lib/gcc/arm-none-eabi/4.8.3/armv7-m/crtn.o

.text           0x00000000      0x398
 *(.isr_vector)
 .isr_vector    0x00000000      0x100 ./CMSIS/efm32gg/startup_gcc_efm32gg.o
                0x00000000                __isr_vector
 *(.text*)
 .text          0x00000100       0x54 /home/sumanguru/Downloads/SimplicityStudio_v3/developer/toolchains/gnu_arm/4.8_2013q4/bin/../lib/gcc/arm-none-eabi/4.8.3/armv7-m/crtbegin.o
 .text          0x00000154       0x74 /home/sumanguru/Downloads/SimplicityStudio_v3/developer/toolchains/gnu_arm/4.8_2013q4/bin/../lib/gcc/arm-none-eabi/4.8.3/../../../../arm-none-eabi/lib/armv7-m/crt0.o
                0x00000154                _mainCRTStartup
                0x00000154                _start
 .text.BQ25010_init
                0x000001c8       0x18 ./src/BQ25010.o
                0x000001c8                BQ25010_init
 .text.startup.main
                0x000001e0       0x3c ./src/main.o
                0x000001e0                main
 .text.SYSTEM_ChipRevisionGet
                0x0000021c       0x34 ./emlib/em_system.o
                0x0000021c                SYSTEM_ChipRevisionGet
 .text          0x00000250       0x98 ./CMSIS/efm32gg/startup_gcc_efm32gg.o
                0x00000250                Reset_Handler
                0x00000284                Default_Handler
                0x00000286                NMI_Handler
                0x00000288                HardFault_Handler
                0x0000028a                MemManage_Handler
                0x0000028c                BusFault_Handler
                0x0000028e                UsageFault_Handler
                0x00000290                SVC_Handler
                0x00000292                DebugMon_Handler
                0x00000294                PendSV_Handler
                0x00000296                SysTick_Handler
                0x00000298                DMA_IRQHandler
                0x0000029a                GPIO_EVEN_IRQHandler
                0x0000029c                TIMER0_IRQHandler
                0x0000029e                USART0_RX_IRQHandler
                0x000002a0                USART0_TX_IRQHandler
                0x000002a2                USB_IRQHandler
                0x000002a4                ACMP0_IRQHandler
                0x000002a6                ADC0_IRQHandler
                0x000002a8                DAC0_IRQHandler
                0x000002aa                I2C0_IRQHandler
                0x000002ac                I2C1_IRQHandler
                0x000002ae                GPIO_ODD_IRQHandler
                0x000002b0                TIMER1_IRQHandler
                0x000002b2                TIMER2_IRQHandler
                0x000002b4                TIMER3_IRQHandler
                0x000002b6                USART1_RX_IRQHandler
                0x000002b8                USART1_TX_IRQHandler
                0x000002ba                LESENSE_IRQHandler
                0x000002bc                USART2_RX_IRQHandler
                0x000002be                USART2_TX_IRQHandler
                0x000002c0                UART0_RX_IRQHandler
                0x000002c2                UART0_TX_IRQHandler
                0x000002c4                UART1_RX_IRQHandler
                0x000002c6                UART1_TX_IRQHandler
                0x000002c8                LEUART0_IRQHandler
                0x000002ca                LEUART1_IRQHandler
                0x000002cc                LETIMER0_IRQHandler
                0x000002ce                PCNT0_IRQHandler
                0x000002d0                PCNT1_IRQHandler
                0x000002d2                PCNT2_IRQHandler
                0x000002d4                RTC_IRQHandler
                0x000002d6                BURTC_IRQHandler
                0x000002d8                CMU_IRQHandler
                0x000002da                VCMP_IRQHandler
                0x000002dc                LCD_IRQHandler
                0x000002de                MSC_IRQHandler
                0x000002e0                AES_IRQHandler
                0x000002e2                EBI_IRQHandler
                0x000002e4                EMU_IRQHandler
 .text.SystemInit
                0x000002e8        0x4 ./CMSIS/efm32gg/system_efm32gg.o
                0x000002e8                SystemInit
 .text.exit     0x000002ec       0x28 /home/sumanguru/Downloads/SimplicityStudio_v3/developer/toolchains/gnu_arm/4.8_2013q4/bin/../lib/gcc/arm-none-eabi/4.8.3/../../../../arm-none-eabi/lib/armv7-m/libc_s.a(lib_a-exit.o)
                0x000002ec                exit
 .text.__libc_init_array
                0x00000314       0x4c /home/sumanguru/Downloads/SimplicityStudio_v3/developer/toolchains/gnu_arm/4.8_2013q4/bin/../lib/gcc/arm-none-eabi/4.8.3/../../../../arm-none-eabi/lib/armv7-m/libc_s.a(lib_a-init.o)
                0x00000314                __libc_init_array
 .text.memset   0x00000360       0x10 /home/sumanguru/Downloads/SimplicityStudio_v3/developer/toolchains/gnu_arm/4.8_2013q4/bin/../lib/gcc/arm-none-eabi/4.8.3/../../../../arm-none-eabi/lib/armv7-m/libc_s.a(lib_a-memset.o)
                0x00000360                memset
 .text._exit    0x00000370        0x4 /home/sumanguru/Downloads/SimplicityStudio_v3/developer/toolchains/gnu_arm/4.8_2013q4/bin/../lib/gcc/arm-none-eabi/4.8.3/../../../../arm-none-eabi/lib/armv7-m/libnosys.a(_exit.o)
                0x00000370                _exit
 *(.init)
 .init          0x00000374        0x4 /home/sumanguru/Downloads/SimplicityStudio_v3/developer/toolchains/gnu_arm/4.8_2013q4/bin/../lib/gcc/arm-none-eabi/4.8.3/armv7-m/crti.o
                0x00000374                _init
 .init          0x00000378        0x8 /home/sumanguru/Downloads/SimplicityStudio_v3/developer/toolchains/gnu_arm/4.8_2013q4/bin/../lib/gcc/arm-none-eabi/4.8.3/armv7-m/crtn.o
 *(.fini)
 .fini          0x00000380        0x4 /home/sumanguru/Downloads/SimplicityStudio_v3/developer/toolchains/gnu_arm/4.8_2013q4/bin/../lib/gcc/arm-none-eabi/4.8.3/armv7-m/crti.o
                0x00000380                _fini
 .fini          0x00000384        0x8 /home/sumanguru/Downloads/SimplicityStudio_v3/developer/toolchains/gnu_arm/4.8_2013q4/bin/../lib/gcc/arm-none-eabi/4.8.3/armv7-m/crtn.o
 *crtbegin.o(.ctors)
 *crtbegin?.o(.ctors)
 *(EXCLUDE_FILE(*crtend.o *crtend?.o) .ctors)
 *(SORT(.ctors.*))
 *(.ctors)
 *crtbegin.o(.dtors)
 *crtbegin?.o(.dtors)
 *(EXCLUDE_FILE(*crtend.o *crtend?.o) .dtors)
 *(SORT(.dtors.*))
 *(.dtors)
 *(.rodata*)
 .rodata.str1.1
                0x0000038c        0x2 /home/sumanguru/Downloads/SimplicityStudio_v3/developer/toolchains/gnu_arm/4.8_2013q4/bin/../lib/gcc/arm-none-eabi/4.8.3/../../../../arm-none-eabi/lib/armv7-m/libc_s.a(lib_a-impure.o)
 *fill*         0x0000038e        0x2 
 .rodata._global_impure_ptr
                0x00000390        0x4 /home/sumanguru/Downloads/SimplicityStudio_v3/developer/toolchains/gnu_arm/4.8_2013q4/bin/../lib/gcc/arm-none-eabi/4.8.3/../../../../arm-none-eabi/lib/armv7-m/libc_s.a(lib_a-impure.o)
                0x00000390                _global_impure_ptr
 *(.eh_frame*)
 .eh_frame      0x00000394        0x0 /home/sumanguru/Downloads/SimplicityStudio_v3/developer/toolchains/gnu_arm/4.8_2013q4/bin/../lib/gcc/arm-none-eabi/4.8.3/armv7-m/crtbegin.o
 .eh_frame      0x00000394        0x4 /home/sumanguru/Downloads/SimplicityStudio_v3/developer/toolchains/gnu_arm/4.8_2013q4/bin/../lib/gcc/arm-none-eabi/4.8.3/armv7-m/crtend.o

.glue_7         0x00000398        0x0
 .glue_7        0x00000000        0x0 linker stubs

.glue_7t        0x00000398        0x0
 .glue_7t       0x00000000        0x0 linker stubs

.vfp11_veneer   0x00000398        0x0
 .vfp11_veneer  0x00000000        0x0 linker stubs

.v4_bx          0x00000398        0x0
 .v4_bx         0x00000000        0x0 linker stubs

.iplt           0x00000398        0x0
 .iplt          0x00000000        0x0 /home/sumanguru/Downloads/SimplicityStudio_v3/developer/toolchains/gnu_arm/4.8_2013q4/bin/../lib/gcc/arm-none-eabi/4.8.3/armv7-m/crtbegin.o

.ARM.extab
 *(.ARM.extab* .gnu.linkonce.armextab.*)
                0x00000398                __exidx_start = .

.ARM.exidx      0x00000398        0x8
 *(.ARM.exidx* .gnu.linkonce.armexidx.*)
 .ARM.exidx     0x00000398        0x8 /home/sumanguru/Downloads/SimplicityStudio_v3/developer/toolchains/gnu_arm/4.8_2013q4/bin/../lib/gcc/arm-none-eabi/4.8.3/../../../../arm-none-eabi/lib/armv7-m/crt0.o
                0x000003a0                __exidx_end = .
                0x000003a0                __etext = .

.rel.dyn        0x000003a0        0x0
 .rel.iplt      0x00000000        0x0 /home/sumanguru/Downloads/SimplicityStudio_v3/developer/toolchains/gnu_arm/4.8_2013q4/bin/../lib/gcc/arm-none-eabi/4.8.3/armv7-m/crtbegin.o

.data           0x20000000       0x68 load address 0x000003a0
                0x20000000                __data_start__ = .
 *(vtable)
 *(.data*)
 .data.impure_data
                0x20000000       0x60 /home/sumanguru/Downloads/SimplicityStudio_v3/developer/toolchains/gnu_arm/4.8_2013q4/bin/../lib/gcc/arm-none-eabi/4.8.3/../../../../arm-none-eabi/lib/armv7-m/libc_s.a(lib_a-impure.o)
                0x20000060                . = ALIGN (0x4)
 *(.ram)
                0x20000060                . = ALIGN (0x4)
                0x20000060                PROVIDE (__preinit_array_start, .)
 *(.preinit_array)
                0x20000060                PROVIDE (__preinit_array_end, .)
                0x20000060                . = ALIGN (0x4)
                0x20000060                PROVIDE (__init_array_start, .)
 *(SORT(.init_array.*))
 *(.init_array)
 .init_array    0x20000060        0x4 /home/sumanguru/Downloads/SimplicityStudio_v3/developer/toolchains/gnu_arm/4.8_2013q4/bin/../lib/gcc/arm-none-eabi/4.8.3/armv7-m/crtbegin.o
                0x20000064                PROVIDE (__init_array_end, .)
                0x20000064                . = ALIGN (0x4)
                0x20000064                PROVIDE (__fini_array_start, .)
 *(SORT(.fini_array.*))
 *(.fini_array)
 .fini_array    0x20000064        0x4 /home/sumanguru/Downloads/SimplicityStudio_v3/developer/toolchains/gnu_arm/4.8_2013q4/bin/../lib/gcc/arm-none-eabi/4.8.3/armv7-m/crtbegin.o
                0x20000068                PROVIDE (__fini_array_end, .)
                0x20000068                . = ALIGN (0x4)
                0x20000068                __data_end__ = .

.jcr            0x20000068        0x0 load address 0x00000408
 .jcr           0x20000068        0x0 /home/sumanguru/Downloads/SimplicityStudio_v3/developer/toolchains/gnu_arm/4.8_2013q4/bin/../lib/gcc/arm-none-eabi/4.8.3/armv7-m/crtbegin.o

.igot.plt       0x20000068        0x0 load address 0x00000408
 .igot.plt      0x00000000        0x0 /home/sumanguru/Downloads/SimplicityStudio_v3/developer/toolchains/gnu_arm/4.8_2013q4/bin/../lib/gcc/arm-none-eabi/4.8.3/armv7-m/crtbegin.o

.bss            0x20000068       0x1c load address 0x00000408
                0x20000068                __bss_start__ = .
 *(.bss*)
 .bss           0x20000068       0x1c /home/sumanguru/Downloads/SimplicityStudio_v3/developer/toolchains/gnu_arm/4.8_2013q4/bin/../lib/gcc/arm-none-eabi/4.8.3/armv7-m/crtbegin.o
 *(COMMON)
                0x20000084                __bss_end__ = .

.heap           0x20000088      0xc00
                0x20000088                __end__ = .
                0x20000088                end = __end__
                0x20000088                _end = __end__
 *(.heap*)
 .heap          0x20000088      0xc00 ./CMSIS/efm32gg/startup_gcc_efm32gg.o
                0x20000088                __HeapBase
                0x20000c88                __HeapLimit = .

.stack_dummy    0x20000088      0x400
 *(.stack)
 .stack         0x20000088      0x400 ./CMSIS/efm32gg/startup_gcc_efm32gg.o
                0x20020000                __StackTop = (ORIGIN (RAM) + 0x20000)
                0x2001fc00                __StackLimit = (__StackTop - SIZEOF (.stack_dummy))
                0x20020000                PROVIDE (__stack, __StackTop)
                0x00000001                ASSERT ((__StackLimit >= __HeapLimit), region RAM overflowed with stack)
                0x00000001                ASSERT ((0x100000 >= (__etext + SIZEOF (.data))), FLASH memory overflowed !)
OUTPUT(Anastasia.axf elf32-littlearm)

.ARM.attributes
                0x00000000       0x29
 .ARM.attributes
                0x00000000       0x1d /home/sumanguru/Downloads/SimplicityStudio_v3/developer/toolchains/gnu_arm/4.8_2013q4/bin/../lib/gcc/arm-none-eabi/4.8.3/armv7-m/crti.o
 .ARM.attributes
                0x0000001d       0x2d /home/sumanguru/Downloads/SimplicityStudio_v3/developer/toolchains/gnu_arm/4.8_2013q4/bin/../lib/gcc/arm-none-eabi/4.8.3/armv7-m/crtbegin.o
 .ARM.attributes
                0x0000004a       0x1b /home/sumanguru/Downloads/SimplicityStudio_v3/developer/toolchains/gnu_arm/4.8_2013q4/bin/../lib/gcc/arm-none-eabi/4.8.3/../../../../arm-none-eabi/lib/armv7-m/crt0.o
 .ARM.attributes
                0x00000065       0x33 ./src/BQ25010.o
 .ARM.attributes
                0x00000098       0x33 ./src/main.o
 .ARM.attributes
                0x000000cb       0x33 ./emlib/em_system.o
 .ARM.attributes
                0x000000fe       0x1b ./CMSIS/efm32gg/startup_gcc_efm32gg.o
 .ARM.attributes
                0x00000119       0x33 ./CMSIS/efm32gg/system_efm32gg.o
 .ARM.attributes
                0x0000014c       0x2d /home/sumanguru/Downloads/SimplicityStudio_v3/developer/toolchains/gnu_arm/4.8_2013q4/bin/../lib/gcc/arm-none-eabi/4.8.3/../../../../arm-none-eabi/lib/armv7-m/libc_s.a(lib_a-exit.o)
 .ARM.attributes
                0x00000179       0x2d /home/sumanguru/Downloads/SimplicityStudio_v3/developer/toolchains/gnu_arm/4.8_2013q4/bin/../lib/gcc/arm-none-eabi/4.8.3/../../../../arm-none-eabi/lib/armv7-m/libc_s.a(lib_a-impure.o)
 .ARM.attributes
                0x000001a6       0x2d /home/sumanguru/Downloads/SimplicityStudio_v3/developer/toolchains/gnu_arm/4.8_2013q4/bin/../lib/gcc/arm-none-eabi/4.8.3/../../../../arm-none-eabi/lib/armv7-m/libc_s.a(lib_a-init.o)
 .ARM.attributes
                0x000001d3       0x2d /home/sumanguru/Downloads/SimplicityStudio_v3/developer/toolchains/gnu_arm/4.8_2013q4/bin/../lib/gcc/arm-none-eabi/4.8.3/../../../../arm-none-eabi/lib/armv7-m/libc_s.a(lib_a-memset.o)
 .ARM.attributes
                0x00000200       0x2d /home/sumanguru/Downloads/SimplicityStudio_v3/developer/toolchains/gnu_arm/4.8_2013q4/bin/../lib/gcc/arm-none-eabi/4.8.3/../../../../arm-none-eabi/lib/armv7-m/libnosys.a(_exit.o)
 .ARM.attributes
                0x0000022d       0x2d /home/sumanguru/Downloads/SimplicityStudio_v3/developer/toolchains/gnu_arm/4.8_2013q4/bin/../lib/gcc/arm-none-eabi/4.8.3/armv7-m/crtend.o
 .ARM.attributes
                0x0000025a       0x1d /home/sumanguru/Downloads/SimplicityStudio_v3/developer/toolchains/gnu_arm/4.8_2013q4/bin/../lib/gcc/arm-none-eabi/4.8.3/armv7-m/crtn.o

.comment        0x00000000       0x70
 .comment       0x00000000       0x70 ./src/BQ25010.o
                                 0x71 (size before relaxing)
 .comment       0x00000000       0x71 ./src/main.o
 .comment       0x00000000       0x71 ./emlib/em_system.o
 .comment       0x00000000       0x71 ./CMSIS/efm32gg/system_efm32gg.o

.debug_info     0x00000000      0xe2a
 .debug_info    0x00000000      0x311 ./src/BQ25010.o
 .debug_info    0x00000311      0x192 ./src/main.o
 .debug_info    0x000004a3      0x246 ./emlib/em_system.o
 .debug_info    0x000006e9       0xab ./CMSIS/efm32gg/startup_gcc_efm32gg.o
 .debug_info    0x00000794      0x696 ./CMSIS/efm32gg/system_efm32gg.o

.debug_abbrev   0x00000000      0x500
 .debug_abbrev  0x00000000       0xe5 ./src/BQ25010.o
 .debug_abbrev  0x000000e5      0x12b ./src/main.o
 .debug_abbrev  0x00000210       0xef ./emlib/em_system.o
 .debug_abbrev  0x000002ff       0x14 ./CMSIS/efm32gg/startup_gcc_efm32gg.o
 .debug_abbrev  0x00000313      0x1ed ./CMSIS/efm32gg/system_efm32gg.o

.debug_loc      0x00000000      0x461
 .debug_loc     0x00000000       0x27 ./src/BQ25010.o
 .debug_loc     0x00000027       0x2c ./src/main.o
 .debug_loc     0x00000053       0xa5 ./emlib/em_system.o
 .debug_loc     0x000000f8      0x369 ./CMSIS/efm32gg/system_efm32gg.o

.debug_aranges  0x00000000      0x110
 .debug_aranges
                0x00000000       0x48 ./src/BQ25010.o
 .debug_aranges
                0x00000048       0x20 ./src/main.o
 .debug_aranges
                0x00000068       0x28 ./emlib/em_system.o
 .debug_aranges
                0x00000090       0x20 ./CMSIS/efm32gg/startup_gcc_efm32gg.o
 .debug_aranges
                0x000000b0       0x60 ./CMSIS/efm32gg/system_efm32gg.o

.debug_ranges   0x00000000      0x1d8
 .debug_ranges  0x00000000       0x38 ./src/BQ25010.o
 .debug_ranges  0x00000038       0x30 ./src/main.o
 .debug_ranges  0x00000068       0x18 ./emlib/em_system.o
 .debug_ranges  0x00000080      0x158 ./CMSIS/efm32gg/system_efm32gg.o

.debug_line     0x00000000      0xa3b
 .debug_line    0x00000000      0x1fe ./src/BQ25010.o
 .debug_line    0x000001fe      0x1f8 ./src/main.o
 .debug_line    0x000003f6      0x246 ./emlib/em_system.o
 .debug_line    0x0000063c       0x9f ./CMSIS/efm32gg/startup_gcc_efm32gg.o
 .debug_line    0x000006db      0x360 ./CMSIS/efm32gg/system_efm32gg.o

.debug_str      0x00000000      0x647
 .debug_str     0x00000000      0x2b9 ./src/BQ25010.o
                                0x2fa (size before relaxing)
 .debug_str     0x000002b9       0x73 ./src/main.o
                                0x239 (size before relaxing)
 .debug_str     0x0000032c       0xa2 ./emlib/em_system.o
                                0x2a9 (size before relaxing)
 .debug_str     0x000003ce      0x279 ./CMSIS/efm32gg/system_efm32gg.o
                                0x472 (size before relaxing)

.debug_frame    0x00000000      0x1fc
 .debug_frame   0x00000000       0x70 ./src/BQ25010.o
 .debug_frame   0x00000070       0x28 ./src/main.o
 .debug_frame   0x00000098       0x30 ./emlib/em_system.o
 .debug_frame   0x000000c8       0xa0 ./CMSIS/efm32gg/system_efm32gg.o
 .debug_frame   0x00000168       0x28 /home/sumanguru/Downloads/SimplicityStudio_v3/developer/toolchains/gnu_arm/4.8_2013q4/bin/../lib/gcc/arm-none-eabi/4.8.3/../../../../arm-none-eabi/lib/armv7-m/libc_s.a(lib_a-exit.o)
 .debug_frame   0x00000190       0x2c /home/sumanguru/Downloads/SimplicityStudio_v3/developer/toolchains/gnu_arm/4.8_2013q4/bin/../lib/gcc/arm-none-eabi/4.8.3/../../../../arm-none-eabi/lib/armv7-m/libc_s.a(lib_a-init.o)
 .debug_frame   0x000001bc       0x20 /home/sumanguru/Downloads/SimplicityStudio_v3/developer/toolchains/gnu_arm/4.8_2013q4/bin/../lib/gcc/arm-none-eabi/4.8.3/../../../../arm-none-eabi/lib/armv7-m/libc_s.a(lib_a-memset.o)
 .debug_frame   0x000001dc       0x20 /home/sumanguru/Downloads/SimplicityStudio_v3/developer/toolchains/gnu_arm/4.8_2013q4/bin/../lib/gcc/arm-none-eabi/4.8.3/../../../../arm-none-eabi/lib/armv7-m/libnosys.a(_exit.o)
