Archive member included because of file (symbol)

/home/sumanguru/Downloads/SimplicityStudio_v3/developer/toolchains/gnu_arm/4.8_2013q4/bin/../lib/gcc/arm-none-eabi/4.8.3/../../../../arm-none-eabi/lib/armv7-m/libc_s.a(lib_a-exit.o)
                              /home/sumanguru/Downloads/SimplicityStudio_v3/developer/toolchains/gnu_arm/4.8_2013q4/bin/../lib/gcc/arm-none-eabi/4.8.3/../../../../arm-none-eabi/lib/armv7-m/crt0.o (exit)
/home/sumanguru/Downloads/SimplicityStudio_v3/developer/toolchains/gnu_arm/4.8_2013q4/bin/../lib/gcc/arm-none-eabi/4.8.3/../../../../arm-none-eabi/lib/armv7-m/libc_s.a(lib_a-impure.o)
                              /home/sumanguru/Downloads/SimplicityStudio_v3/developer/toolchains/gnu_arm/4.8_2013q4/bin/../lib/gcc/arm-none-eabi/4.8.3/../../../../arm-none-eabi/lib/armv7-m/libc_s.a(lib_a-exit.o) (_global_impure_ptr)
/home/sumanguru/Downloads/SimplicityStudio_v3/developer/toolchains/gnu_arm/4.8_2013q4/bin/../lib/gcc/arm-none-eabi/4.8.3/../../../../arm-none-eabi/lib/armv7-m/libc_s.a(lib_a-init.o)
                              /home/sumanguru/Downloads/SimplicityStudio_v3/developer/toolchains/gnu_arm/4.8_2013q4/bin/../lib/gcc/arm-none-eabi/4.8.3/../../../../arm-none-eabi/lib/armv7-m/crt0.o (__libc_init_array)
/home/sumanguru/Downloads/SimplicityStudio_v3/developer/toolchains/gnu_arm/4.8_2013q4/bin/../lib/gcc/arm-none-eabi/4.8.3/../../../../arm-none-eabi/lib/armv7-m/libc_s.a(lib_a-memset.o)
                              /home/sumanguru/Downloads/SimplicityStudio_v3/developer/toolchains/gnu_arm/4.8_2013q4/bin/../lib/gcc/arm-none-eabi/4.8.3/../../../../arm-none-eabi/lib/armv7-m/crt0.o (memset)
/home/sumanguru/Downloads/SimplicityStudio_v3/developer/toolchains/gnu_arm/4.8_2013q4/bin/../lib/gcc/arm-none-eabi/4.8.3/../../../../arm-none-eabi/lib/armv7-m/libnosys.a(_exit.o)
                              /home/sumanguru/Downloads/SimplicityStudio_v3/developer/toolchains/gnu_arm/4.8_2013q4/bin/../lib/gcc/arm-none-eabi/4.8.3/../../../../arm-none-eabi/lib/armv7-m/libc_s.a(lib_a-exit.o) (_exit)

Allocating common symbols
Common symbol       size              file

SystemCoreClock     0x4               ./CMSIS/efm32gg/system_efm32gg.o

Discarded input sections

 .text          0x00000000        0x0 /home/sumanguru/Downloads/SimplicityStudio_v3/developer/toolchains/gnu_arm/4.8_2013q4/bin/../lib/gcc/arm-none-eabi/4.8.3/armv7-m/crti.o
 .data          0x00000000        0x0 /home/sumanguru/Downloads/SimplicityStudio_v3/developer/toolchains/gnu_arm/4.8_2013q4/bin/../lib/gcc/arm-none-eabi/4.8.3/armv7-m/crti.o
 .bss           0x00000000        0x0 /home/sumanguru/Downloads/SimplicityStudio_v3/developer/toolchains/gnu_arm/4.8_2013q4/bin/../lib/gcc/arm-none-eabi/4.8.3/armv7-m/crti.o
 .data          0x00000000        0x4 /home/sumanguru/Downloads/SimplicityStudio_v3/developer/toolchains/gnu_arm/4.8_2013q4/bin/../lib/gcc/arm-none-eabi/4.8.3/armv7-m/crtbegin.o
 .data          0x00000000        0x0 /home/sumanguru/Downloads/SimplicityStudio_v3/developer/toolchains/gnu_arm/4.8_2013q4/bin/../lib/gcc/arm-none-eabi/4.8.3/../../../../arm-none-eabi/lib/armv7-m/crt0.o
 .bss           0x00000000        0x0 /home/sumanguru/Downloads/SimplicityStudio_v3/developer/toolchains/gnu_arm/4.8_2013q4/bin/../lib/gcc/arm-none-eabi/4.8.3/../../../../arm-none-eabi/lib/armv7-m/crt0.o
 .ARM.extab     0x00000000        0x0 /home/sumanguru/Downloads/SimplicityStudio_v3/developer/toolchains/gnu_arm/4.8_2013q4/bin/../lib/gcc/arm-none-eabi/4.8.3/../../../../arm-none-eabi/lib/armv7-m/crt0.o
 .text          0x00000000        0x0 ./src/BQ25010.o
 .data          0x00000000        0x0 ./src/BQ25010.o
 .bss           0x00000000        0x0 ./src/BQ25010.o
 .text.BQ25010_get_status
                0x00000000       0x30 ./src/BQ25010.o
 .text.BQ25010_charge_on
                0x00000000       0x1c ./src/BQ25010.o
 .text.BQ25010_charge_off
                0x00000000       0x1c ./src/BQ25010.o
 .text.BQ25010_USB_charge_high
                0x00000000       0x1c ./src/BQ25010.o
 .text.BQ25010_USB_charge_low
                0x00000000       0x1c ./src/BQ25010.o
 .text          0x00000000        0x0 ./src/BQ27421.o
 .data          0x00000000        0x0 ./src/BQ27421.o
 .bss           0x00000000        0x0 ./src/BQ27421.o
 .rodata.BQ27421_ADDR
                0x00000000        0x4 ./src/BQ27421.o
 .text.BQ27421_Get_Temp
                0x00000000       0x5c ./src/BQ27421.o
 .text.BQ27421_Get_Pack_Voltage
                0x00000000       0x5c ./src/BQ27421.o
 .text          0x00000000        0x0 ./src/InitDevice.o
 .data          0x00000000        0x0 ./src/InitDevice.o
 .bss           0x00000000        0x0 ./src/InitDevice.o
 .text.ADC0_enter_DefaultMode_from_RESET
                0x00000000        0xc ./src/InitDevice.o
 .text.ACMP0_enter_DefaultMode_from_RESET
                0x00000000        0xc ./src/InitDevice.o
 .text.ACMP1_enter_DefaultMode_from_RESET
                0x00000000        0xc ./src/InitDevice.o
 .text.DAC0_enter_DefaultMode_from_RESET
                0x00000000        0xc ./src/InitDevice.o
 .text.OPAMP0_enter_DefaultMode_from_RESET
                0x00000000        0xc ./src/InitDevice.o
 .text.OPAMP1_enter_DefaultMode_from_RESET
                0x00000000        0xc ./src/InitDevice.o
 .text.OPAMP2_enter_DefaultMode_from_RESET
                0x00000000        0xc ./src/InitDevice.o
 .text.USART2_enter_DefaultMode_from_RESET
                0x00000000        0xc ./src/InitDevice.o
 .text.LEUART0_enter_DefaultMode_from_RESET
                0x00000000        0xc ./src/InitDevice.o
 .text.LEUART1_enter_DefaultMode_from_RESET
                0x00000000        0xc ./src/InitDevice.o
 .text.VCMP_enter_DefaultMode_from_RESET
                0x00000000        0xc ./src/InitDevice.o
 .text.WDOG_enter_DefaultMode_from_RESET
                0x00000000        0xc ./src/InitDevice.o
 .text.TIMER0_enter_DefaultMode_from_RESET
                0x00000000        0xc ./src/InitDevice.o
 .text.TIMER1_enter_DefaultMode_from_RESET
                0x00000000        0xc ./src/InitDevice.o
 .text.TIMER2_enter_DefaultMode_from_RESET
                0x00000000        0xc ./src/InitDevice.o
 .text.TIMER3_enter_DefaultMode_from_RESET
                0x00000000        0xc ./src/InitDevice.o
 .text.PCNT0_enter_DefaultMode_from_RESET
                0x00000000        0xc ./src/InitDevice.o
 .text.PCNT1_enter_DefaultMode_from_RESET
                0x00000000        0xc ./src/InitDevice.o
 .text.PCNT2_enter_DefaultMode_from_RESET
                0x00000000        0xc ./src/InitDevice.o
 .text.PRS_enter_DefaultMode_from_RESET
                0x00000000        0xc ./src/InitDevice.o
 .text.ETM_enter_DefaultMode_from_RESET
                0x00000000        0xc ./src/InitDevice.o
 .text          0x00000000        0x0 ./src/main.o
 .data          0x00000000        0x0 ./src/main.o
 .bss           0x00000000        0x0 ./src/main.o
 .text          0x00000000        0x0 ./emlib/em_burtc.o
 .data          0x00000000        0x0 ./emlib/em_burtc.o
 .bss           0x00000000        0x0 ./emlib/em_burtc.o
 .text.BITBAND_PeripheralRead
                0x00000000       0x2c ./emlib/em_burtc.o
 .text.BURTC_CompareGet
                0x00000000       0x1c ./emlib/em_burtc.o
 .text.BURTC_CounterReset
                0x00000000       0x20 ./emlib/em_burtc.o
 .text.BURTC_Reset
                0x00000000       0x3c ./emlib/em_burtc.o
 .text.BURTC_ClockFreqGet
                0x00000000       0x7c ./emlib/em_burtc.o
 .text          0x00000000        0x0 ./emlib/em_cmu.o
 .data          0x00000000        0x0 ./emlib/em_cmu.o
 .bss           0x00000000        0x0 ./emlib/em_cmu.o
 .text.CMU_DivToLog2
                0x00000000       0x3c ./emlib/em_cmu.o
 .text.CMU_Log2ToDiv
                0x00000000       0x1c ./emlib/em_cmu.o
 .text.CMU_Calibrate
                0x00000000       0x88 ./emlib/em_cmu.o
 .text.CMU_CalibrateConfig
                0x00000000       0xd8 ./emlib/em_cmu.o
 .text.CMU_ClockDivGet
                0x00000000      0x134 ./emlib/em_cmu.o
 .text.CMU_ClockDivSet
                0x00000000      0x1f8 ./emlib/em_cmu.o
 .text.CMU_FreezeEnable
                0x00000000       0x38 ./emlib/em_cmu.o
 .text.CMU_AUXHFRCOBandGet
                0x00000000       0x20 ./emlib/em_cmu.o
 .text.CMU_AUXHFRCOBandSet
                0x00000000       0xb0 ./emlib/em_cmu.o
 .text.CMU_HFRCOBandGet
                0x00000000       0x20 ./emlib/em_cmu.o
 .text.CMU_HFRCOBandSet
                0x00000000       0xcc ./emlib/em_cmu.o
 .text.CMU_HFRCOStartupDelayGet
                0x00000000       0x1c ./emlib/em_cmu.o
 .text.CMU_HFRCOStartupDelaySet
                0x00000000       0x30 ./emlib/em_cmu.o
 .text.CMU_LCDClkFDIVGet
                0x00000000       0x10 ./emlib/em_cmu.o
 .text.CMU_LCDClkFDIVSet
                0x00000000       0x14 ./emlib/em_cmu.o
 .text.CMU_OscillatorTuningGet
                0x00000000       0x50 ./emlib/em_cmu.o
 .text.CMU_OscillatorTuningSet
                0x00000000       0x74 ./emlib/em_cmu.o
 .text.CMU_PCNTClockExternalGet
                0x00000000       0x64 ./emlib/em_cmu.o
 .text.CMU_PCNTClockExternalSet
                0x00000000       0x34 ./emlib/em_cmu.o
 .text          0x00000000        0x0 ./emlib/em_emu.o
 .data          0x00000000        0x0 ./emlib/em_emu.o
 .bss           0x00000000        0x0 ./emlib/em_emu.o
 .text.SystemCoreClockUpdate
                0x00000000        0xc ./emlib/em_emu.o
 .text.BITBAND_Peripheral
                0x00000000       0x2c ./emlib/em_emu.o
 .text.EMU_BUPinEnable
                0x00000000       0x20 ./emlib/em_emu.o
 .text.EMU_Unlock
                0x00000000       0x18 ./emlib/em_emu.o
 .text.CMU_Lock
                0x00000000       0x18 ./emlib/em_emu.o
 .text.CMU_Unlock
                0x00000000       0x1c ./emlib/em_emu.o
 .text.EMU_Restore
                0x00000000       0xf4 ./emlib/em_emu.o
 .text.getErrataFixEmuE107En
                0x00000000       0x68 ./emlib/em_emu.o
 .text.EMU_EnterEM2
                0x00000000       0x9c ./emlib/em_emu.o
 .text.EMU_EnterEM3
                0x00000000       0xbc ./emlib/em_emu.o
 .text.EMU_EnterEM4
                0x00000000       0x50 ./emlib/em_emu.o
 .text.EMU_MemPwrDown
                0x00000000       0x1c ./emlib/em_emu.o
 .text.EMU_EM23Init
                0x00000000       0x34 ./emlib/em_emu.o
 .text.EMU_EM4Init
                0x00000000       0x50 ./emlib/em_emu.o
 .text.EMU_BUPDInit
                0x00000000       0xcc ./emlib/em_emu.o
 .text.EMU_BUThresholdSet
                0x00000000       0x4c ./emlib/em_emu.o
 .text.EMU_BUThresRangeSet
                0x00000000       0x50 ./emlib/em_emu.o
 .text          0x00000000        0x0 ./emlib/em_gpio.o
 .data          0x00000000        0x0 ./emlib/em_gpio.o
 .bss           0x00000000        0x0 ./emlib/em_gpio.o
 .text.BITBAND_Peripheral
                0x00000000       0x2c ./emlib/em_gpio.o
 .text.GPIO_DbgLocationSet
                0x00000000       0x2c ./emlib/em_gpio.o
 .text.GPIO_DriveModeSet
                0x00000000       0x50 ./emlib/em_gpio.o
 .text.GPIO_IntConfig
                0x00000000       0xc0 ./emlib/em_gpio.o
 .text.GPIO_PinModeSet
                0x00000000      0x144 ./emlib/em_gpio.o
 .debug_info    0x00000000      0x4d4 ./emlib/em_gpio.o
 .debug_abbrev  0x00000000      0x13a ./emlib/em_gpio.o
 .debug_loc     0x00000000      0x118 ./emlib/em_gpio.o
 .debug_aranges
                0x00000000       0x40 ./emlib/em_gpio.o
 .debug_ranges  0x00000000       0x30 ./emlib/em_gpio.o
 .debug_line    0x00000000      0x2a7 ./emlib/em_gpio.o
 .debug_str     0x00000000      0x557 ./emlib/em_gpio.o
 .comment       0x00000000       0x71 ./emlib/em_gpio.o
 .ARM.attributes
                0x00000000       0x33 ./emlib/em_gpio.o
 .debug_frame   0x00000000       0xa8 ./emlib/em_gpio.o
 .text          0x00000000        0x0 ./emlib/em_i2c.o
 .data          0x00000000        0x0 ./emlib/em_i2c.o
 .bss           0x00000000        0x0 ./emlib/em_i2c.o
 .text.I2C_BusFreqGet
                0x00000000       0x44 ./emlib/em_i2c.o
 .text.I2C_Enable
                0x00000000       0x3c ./emlib/em_i2c.o
 .text.I2C_Reset
                0x00000000       0x3c ./emlib/em_i2c.o
 .text          0x00000000        0x0 ./emlib/em_rmu.o
 .data          0x00000000        0x0 ./emlib/em_rmu.o
 .bss           0x00000000        0x0 ./emlib/em_rmu.o
 .text.EMU_Lock
                0x00000000       0x18 ./emlib/em_rmu.o
 .text.EMU_Unlock
                0x00000000       0x18 ./emlib/em_rmu.o
 .rodata.resetCauseMasks
                0x00000000       0x80 ./emlib/em_rmu.o
 .text.RMU_ResetCauseClear
                0x00000000       0x50 ./emlib/em_rmu.o
 .text.RMU_ResetCauseGet
                0x00000000       0x68 ./emlib/em_rmu.o
 .text          0x00000000        0x0 ./emlib/em_rtc.o
 .data          0x00000000        0x0 ./emlib/em_rtc.o
 .bss           0x00000000        0x0 ./emlib/em_rtc.o
 .text.BITBAND_Peripheral
                0x00000000       0x2c ./emlib/em_rtc.o
 .text.RTC_CompareGet
                0x00000000       0x3c ./emlib/em_rtc.o
 .text.RTC_CompareSet
                0x00000000       0x4c ./emlib/em_rtc.o
 .text.RTC_Enable
                0x00000000       0x20 ./emlib/em_rtc.o
 .text.RTC_FreezeEnable
                0x00000000       0x2c ./emlib/em_rtc.o
 .text.RTC_Reset
                0x00000000       0x34 ./emlib/em_rtc.o
 .text.RTC_CounterReset
                0x00000000       0x14 ./emlib/em_rtc.o
 .text          0x00000000        0x0 ./emlib/em_system.o
 .data          0x00000000        0x0 ./emlib/em_system.o
 .bss           0x00000000        0x0 ./emlib/em_system.o
 .text.SYSTEM_GetCalibrationValue
                0x00000000       0x54 ./emlib/em_system.o
 .text          0x00000000        0x0 ./emlib/em_usart.o
 .data          0x00000000        0x0 ./emlib/em_usart.o
 .bss           0x00000000        0x0 ./emlib/em_usart.o
 .text.USART_BaudrateAsyncSet
                0x00000000       0xb0 ./emlib/em_usart.o
 .text.USART_BaudrateCalc
                0x00000000       0xb8 ./emlib/em_usart.o
 .text.USART_BaudrateGet
                0x00000000       0x50 ./emlib/em_usart.o
 .text.USART_Enable
                0x00000000       0x58 ./emlib/em_usart.o
 .text.USART_InitAsync
                0x00000000       0x9c ./emlib/em_usart.o
 .text.USART_InitIrDA
                0x00000000       0x74 ./emlib/em_usart.o
 .text.USART_InitI2s
                0x00000000       0x94 ./emlib/em_usart.o
 .text.USART_Rx
                0x00000000       0x28 ./emlib/em_usart.o
 .text.USART_RxDouble
                0x00000000       0x28 ./emlib/em_usart.o
 .text.USART_RxDoubleExt
                0x00000000       0x28 ./emlib/em_usart.o
 .text.USART_RxExt
                0x00000000       0x28 ./emlib/em_usart.o
 .text.USART_SpiTransfer
                0x00000000       0x40 ./emlib/em_usart.o
 .text.USART_Tx
                0x00000000       0x2c ./emlib/em_usart.o
 .text.USART_TxDouble
                0x00000000       0x2c ./emlib/em_usart.o
 .text.USART_TxDoubleExt
                0x00000000       0x28 ./emlib/em_usart.o
 .text.USART_TxExt
                0x00000000       0x2c ./emlib/em_usart.o
 .data          0x00000000        0x0 ./CMSIS/efm32gg/startup_gcc_efm32gg.o
 .bss           0x00000000        0x0 ./CMSIS/efm32gg/startup_gcc_efm32gg.o
 .text          0x00000000        0x0 ./CMSIS/efm32gg/system_efm32gg.o
 .data          0x00000000        0x0 ./CMSIS/efm32gg/system_efm32gg.o
 .bss           0x00000000        0x0 ./CMSIS/efm32gg/system_efm32gg.o
 .text.SystemHFXOClockSet
                0x00000000       0x2c ./CMSIS/efm32gg/system_efm32gg.o
 .text.SystemLFXOClockSet
                0x00000000       0x2c ./CMSIS/efm32gg/system_efm32gg.o
 .text          0x00000000        0x0 /home/sumanguru/Downloads/SimplicityStudio_v3/developer/toolchains/gnu_arm/4.8_2013q4/bin/../lib/gcc/arm-none-eabi/4.8.3/../../../../arm-none-eabi/lib/armv7-m/libc_s.a(lib_a-exit.o)
 .data          0x00000000        0x0 /home/sumanguru/Downloads/SimplicityStudio_v3/developer/toolchains/gnu_arm/4.8_2013q4/bin/../lib/gcc/arm-none-eabi/4.8.3/../../../../arm-none-eabi/lib/armv7-m/libc_s.a(lib_a-exit.o)
 .bss           0x00000000        0x0 /home/sumanguru/Downloads/SimplicityStudio_v3/developer/toolchains/gnu_arm/4.8_2013q4/bin/../lib/gcc/arm-none-eabi/4.8.3/../../../../arm-none-eabi/lib/armv7-m/libc_s.a(lib_a-exit.o)
 .text          0x00000000        0x0 /home/sumanguru/Downloads/SimplicityStudio_v3/developer/toolchains/gnu_arm/4.8_2013q4/bin/../lib/gcc/arm-none-eabi/4.8.3/../../../../arm-none-eabi/lib/armv7-m/libc_s.a(lib_a-impure.o)
 .data          0x00000000        0x0 /home/sumanguru/Downloads/SimplicityStudio_v3/developer/toolchains/gnu_arm/4.8_2013q4/bin/../lib/gcc/arm-none-eabi/4.8.3/../../../../arm-none-eabi/lib/armv7-m/libc_s.a(lib_a-impure.o)
 .bss           0x00000000        0x0 /home/sumanguru/Downloads/SimplicityStudio_v3/developer/toolchains/gnu_arm/4.8_2013q4/bin/../lib/gcc/arm-none-eabi/4.8.3/../../../../arm-none-eabi/lib/armv7-m/libc_s.a(lib_a-impure.o)
 .data._impure_ptr
                0x00000000        0x4 /home/sumanguru/Downloads/SimplicityStudio_v3/developer/toolchains/gnu_arm/4.8_2013q4/bin/../lib/gcc/arm-none-eabi/4.8.3/../../../../arm-none-eabi/lib/armv7-m/libc_s.a(lib_a-impure.o)
 .text          0x00000000        0x0 /home/sumanguru/Downloads/SimplicityStudio_v3/developer/toolchains/gnu_arm/4.8_2013q4/bin/../lib/gcc/arm-none-eabi/4.8.3/../../../../arm-none-eabi/lib/armv7-m/libc_s.a(lib_a-init.o)
 .data          0x00000000        0x0 /home/sumanguru/Downloads/SimplicityStudio_v3/developer/toolchains/gnu_arm/4.8_2013q4/bin/../lib/gcc/arm-none-eabi/4.8.3/../../../../arm-none-eabi/lib/armv7-m/libc_s.a(lib_a-init.o)
 .bss           0x00000000        0x0 /home/sumanguru/Downloads/SimplicityStudio_v3/developer/toolchains/gnu_arm/4.8_2013q4/bin/../lib/gcc/arm-none-eabi/4.8.3/../../../../arm-none-eabi/lib/armv7-m/libc_s.a(lib_a-init.o)
 .text          0x00000000        0x0 /home/sumanguru/Downloads/SimplicityStudio_v3/developer/toolchains/gnu_arm/4.8_2013q4/bin/../lib/gcc/arm-none-eabi/4.8.3/../../../../arm-none-eabi/lib/armv7-m/libc_s.a(lib_a-memset.o)
 .data          0x00000000        0x0 /home/sumanguru/Downloads/SimplicityStudio_v3/developer/toolchains/gnu_arm/4.8_2013q4/bin/../lib/gcc/arm-none-eabi/4.8.3/../../../../arm-none-eabi/lib/armv7-m/libc_s.a(lib_a-memset.o)
 .bss           0x00000000        0x0 /home/sumanguru/Downloads/SimplicityStudio_v3/developer/toolchains/gnu_arm/4.8_2013q4/bin/../lib/gcc/arm-none-eabi/4.8.3/../../../../arm-none-eabi/lib/armv7-m/libc_s.a(lib_a-memset.o)
 .text          0x00000000        0x0 /home/sumanguru/Downloads/SimplicityStudio_v3/developer/toolchains/gnu_arm/4.8_2013q4/bin/../lib/gcc/arm-none-eabi/4.8.3/../../../../arm-none-eabi/lib/armv7-m/libnosys.a(_exit.o)
 .data          0x00000000        0x0 /home/sumanguru/Downloads/SimplicityStudio_v3/developer/toolchains/gnu_arm/4.8_2013q4/bin/../lib/gcc/arm-none-eabi/4.8.3/../../../../arm-none-eabi/lib/armv7-m/libnosys.a(_exit.o)
 .bss           0x00000000        0x0 /home/sumanguru/Downloads/SimplicityStudio_v3/developer/toolchains/gnu_arm/4.8_2013q4/bin/../lib/gcc/arm-none-eabi/4.8.3/../../../../arm-none-eabi/lib/armv7-m/libnosys.a(_exit.o)
 .text          0x00000000        0x0 /home/sumanguru/Downloads/SimplicityStudio_v3/developer/toolchains/gnu_arm/4.8_2013q4/bin/../lib/gcc/arm-none-eabi/4.8.3/armv7-m/crtend.o
 .data          0x00000000        0x0 /home/sumanguru/Downloads/SimplicityStudio_v3/developer/toolchains/gnu_arm/4.8_2013q4/bin/../lib/gcc/arm-none-eabi/4.8.3/armv7-m/crtend.o
 .bss           0x00000000        0x0 /home/sumanguru/Downloads/SimplicityStudio_v3/developer/toolchains/gnu_arm/4.8_2013q4/bin/../lib/gcc/arm-none-eabi/4.8.3/armv7-m/crtend.o
 .jcr           0x00000000        0x4 /home/sumanguru/Downloads/SimplicityStudio_v3/developer/toolchains/gnu_arm/4.8_2013q4/bin/../lib/gcc/arm-none-eabi/4.8.3/armv7-m/crtend.o
 .text          0x00000000        0x0 /home/sumanguru/Downloads/SimplicityStudio_v3/developer/toolchains/gnu_arm/4.8_2013q4/bin/../lib/gcc/arm-none-eabi/4.8.3/armv7-m/crtn.o
 .data          0x00000000        0x0 /home/sumanguru/Downloads/SimplicityStudio_v3/developer/toolchains/gnu_arm/4.8_2013q4/bin/../lib/gcc/arm-none-eabi/4.8.3/armv7-m/crtn.o
 .bss           0x00000000        0x0 /home/sumanguru/Downloads/SimplicityStudio_v3/developer/toolchains/gnu_arm/4.8_2013q4/bin/../lib/gcc/arm-none-eabi/4.8.3/armv7-m/crtn.o

Memory Configuration

Name             Origin             Length             Attributes
FLASH            0x00000000         0x00100000         xr
RAM              0x20000000         0x00020000         xrw
*default*        0x00000000         0xffffffff

Linker script and memory map

LOAD /home/sumanguru/Downloads/SimplicityStudio_v3/developer/toolchains/gnu_arm/4.8_2013q4/bin/../lib/gcc/arm-none-eabi/4.8.3/armv7-m/crti.o
LOAD /home/sumanguru/Downloads/SimplicityStudio_v3/developer/toolchains/gnu_arm/4.8_2013q4/bin/../lib/gcc/arm-none-eabi/4.8.3/armv7-m/crtbegin.o
LOAD /home/sumanguru/Downloads/SimplicityStudio_v3/developer/toolchains/gnu_arm/4.8_2013q4/bin/../lib/gcc/arm-none-eabi/4.8.3/../../../../arm-none-eabi/lib/armv7-m/crt0.o
LOAD ./src/BQ25010.o
LOAD ./src/BQ27421.o
LOAD ./src/InitDevice.o
LOAD ./src/main.o
LOAD ./emlib/em_burtc.o
LOAD ./emlib/em_cmu.o
LOAD ./emlib/em_emu.o
LOAD ./emlib/em_gpio.o
LOAD ./emlib/em_i2c.o
LOAD ./emlib/em_rmu.o
LOAD ./emlib/em_rtc.o
LOAD ./emlib/em_system.o
LOAD ./emlib/em_usart.o
LOAD ./CMSIS/efm32gg/startup_gcc_efm32gg.o
LOAD ./CMSIS/efm32gg/system_efm32gg.o
START GROUP
LOAD /home/sumanguru/Downloads/SimplicityStudio_v3/developer/toolchains/gnu_arm/4.8_2013q4/bin/../lib/gcc/arm-none-eabi/4.8.3/armv7-m/libgcc.a
LOAD /home/sumanguru/Downloads/SimplicityStudio_v3/developer/toolchains/gnu_arm/4.8_2013q4/bin/../lib/gcc/arm-none-eabi/4.8.3/../../../../arm-none-eabi/lib/armv7-m/libc_s.a
LOAD /home/sumanguru/Downloads/SimplicityStudio_v3/developer/toolchains/gnu_arm/4.8_2013q4/bin/../lib/gcc/arm-none-eabi/4.8.3/../../../../arm-none-eabi/lib/armv7-m/libnosys.a
END GROUP
START GROUP
LOAD /home/sumanguru/Downloads/SimplicityStudio_v3/developer/toolchains/gnu_arm/4.8_2013q4/bin/../lib/gcc/arm-none-eabi/4.8.3/armv7-m/libgcc.a
LOAD /home/sumanguru/Downloads/SimplicityStudio_v3/developer/toolchains/gnu_arm/4.8_2013q4/bin/../lib/gcc/arm-none-eabi/4.8.3/../../../../arm-none-eabi/lib/armv7-m/libg_s.a
LOAD /home/sumanguru/Downloads/SimplicityStudio_v3/developer/toolchains/gnu_arm/4.8_2013q4/bin/../lib/gcc/arm-none-eabi/4.8.3/../../../../arm-none-eabi/lib/armv7-m/libc_s.a
END GROUP
START GROUP
LOAD /home/sumanguru/Downloads/SimplicityStudio_v3/developer/toolchains/gnu_arm/4.8_2013q4/bin/../lib/gcc/arm-none-eabi/4.8.3/armv7-m/libgcc.a
LOAD /home/sumanguru/Downloads/SimplicityStudio_v3/developer/toolchains/gnu_arm/4.8_2013q4/bin/../lib/gcc/arm-none-eabi/4.8.3/../../../../arm-none-eabi/lib/armv7-m/libc_s.a
END GROUP
LOAD /home/sumanguru/Downloads/SimplicityStudio_v3/developer/toolchains/gnu_arm/4.8_2013q4/bin/../lib/gcc/arm-none-eabi/4.8.3/armv7-m/crtend.o
LOAD /home/sumanguru/Downloads/SimplicityStudio_v3/developer/toolchains/gnu_arm/4.8_2013q4/bin/../lib/gcc/arm-none-eabi/4.8.3/armv7-m/crtn.o

.text           0x00000000     0x2348
 *(.isr_vector)
 .isr_vector    0x00000000      0x100 ./CMSIS/efm32gg/startup_gcc_efm32gg.o
                0x00000000                __isr_vector
 *(.text*)
 .text          0x00000100       0x54 /home/sumanguru/Downloads/SimplicityStudio_v3/developer/toolchains/gnu_arm/4.8_2013q4/bin/../lib/gcc/arm-none-eabi/4.8.3/armv7-m/crtbegin.o
 .text          0x00000154       0x74 /home/sumanguru/Downloads/SimplicityStudio_v3/developer/toolchains/gnu_arm/4.8_2013q4/bin/../lib/gcc/arm-none-eabi/4.8.3/../../../../arm-none-eabi/lib/armv7-m/crt0.o
                0x00000154                _mainCRTStartup
                0x00000154                _start
 .text.BQ25010_init
                0x000001c8       0x28 ./src/BQ25010.o
                0x000001c8                BQ25010_init
 .text.BQ27421_Get_Device_Type
                0x000001f0       0x6c ./src/BQ27421.o
                0x000001f0                BQ27421_Get_Device_Type
 .text.BQ27421_Init
                0x0000025c       0x54 ./src/BQ27421.o
                0x0000025c                BQ27421_Init
 .text.enter_DefaultMode_from_RESET
                0x000002b0       0x30 ./src/InitDevice.o
                0x000002b0                enter_DefaultMode_from_RESET
 .text.CMU_enter_DefaultMode_from_RESET
                0x000002e0       0x6c ./src/InitDevice.o
                0x000002e0                CMU_enter_DefaultMode_from_RESET
 .text.BURTC_enter_DefaultMode_from_RESET
                0x0000034c       0x74 ./src/InitDevice.o
                0x0000034c                BURTC_enter_DefaultMode_from_RESET
 .text.HFXO_enter_DefaultMode_from_RESET
                0x000003c0       0x28 ./src/InitDevice.o
                0x000003c0                HFXO_enter_DefaultMode_from_RESET
 .text.LFXO_enter_DefaultMode_from_RESET
                0x000003e8       0x28 ./src/InitDevice.o
                0x000003e8                LFXO_enter_DefaultMode_from_RESET
 .text.RTC_enter_DefaultMode_from_RESET
                0x00000410       0x2c ./src/InitDevice.o
                0x00000410                RTC_enter_DefaultMode_from_RESET
 .text.USART0_enter_DefaultMode_from_RESET
                0x0000043c       0x7c ./src/InitDevice.o
                0x0000043c                USART0_enter_DefaultMode_from_RESET
 .text.USART1_enter_DefaultMode_from_RESET
                0x000004b8       0x7c ./src/InitDevice.o
                0x000004b8                USART1_enter_DefaultMode_from_RESET
 .text.I2C0_enter_DefaultMode_from_RESET
                0x00000534       0x3c ./src/InitDevice.o
                0x00000534                I2C0_enter_DefaultMode_from_RESET
 .text.I2C1_enter_DefaultMode_from_RESET
                0x00000570       0x3c ./src/InitDevice.o
                0x00000570                I2C1_enter_DefaultMode_from_RESET
 .text.PORTIO_enter_DefaultMode_from_RESET
                0x000005ac      0x320 ./src/InitDevice.o
                0x000005ac                PORTIO_enter_DefaultMode_from_RESET
 .text.CHIP_Init
                0x000008cc       0x40 ./src/main.o
 .text.main     0x0000090c       0x20 ./src/main.o
                0x0000090c                main
 .text.BITBAND_Peripheral
                0x0000092c       0x2c ./emlib/em_burtc.o
 .text.BURTC_IntClear
                0x00000958       0x1c ./emlib/em_burtc.o
 .text.BURTC_Enable
                0x00000974       0x50 ./emlib/em_burtc.o
 .text.BURTC_FreezeEnable
                0x000009c4       0x20 ./emlib/em_burtc.o
 .text.BURTC_DivToLog2
                0x000009e4       0x3c ./emlib/em_burtc.o
 .text.BURTC_Sync
                0x00000a20       0x40 ./emlib/em_burtc.o
 .text.BURTC_Init
                0x00000a60       0xe8 ./emlib/em_burtc.o
                0x00000a60                BURTC_Init
 .text.BURTC_CompareSet
                0x00000b48       0x20 ./emlib/em_burtc.o
                0x00000b48                BURTC_CompareSet
 .text.BITBAND_Peripheral
                0x00000b68       0x2c ./emlib/em_cmu.o
 .text.CMU_MaxFreqHfle
                0x00000b94       0x8c ./emlib/em_cmu.o
 .text.CMU_FlashWaitStateControl
                0x00000c20       0xb8 ./emlib/em_cmu.o
 .text.CMU_FlashWaitStateMax
                0x00000cd8       0x1c ./emlib/em_cmu.o
 .text.CMU_USBCClkGet
                0x00000cf4       0x4c ./emlib/em_cmu.o
 .text.CMU_AUXClkGet
                0x00000d40       0x8c ./emlib/em_cmu.o
 .text.CMU_DBGClkGet
                0x00000dcc       0x58 ./emlib/em_cmu.o
 .text.CMU_LFClkGet
                0x00000e24       0xb4 ./emlib/em_cmu.o
 .text.CMU_Sync
                0x00000ed8       0x34 ./emlib/em_cmu.o
 .text.CMU_ClockEnable
                0x00000f0c       0xe0 ./emlib/em_cmu.o
                0x00000f0c                CMU_ClockEnable
 .text.CMU_ClockFreqGet
                0x00000fec      0x190 ./emlib/em_cmu.o
                0x00000fec                CMU_ClockFreqGet
 .text.CMU_ClockSelectGet
                0x0000117c      0x164 ./emlib/em_cmu.o
                0x0000117c                CMU_ClockSelectGet
 .text.CMU_ClockSelectSet
                0x000012e0      0x29c ./emlib/em_cmu.o
                0x000012e0                CMU_ClockSelectSet
 .text.CMU_OscillatorEnable
                0x0000157c       0xc0 ./emlib/em_cmu.o
                0x0000157c                CMU_OscillatorEnable
 .text.EMU_UpdateOscConfig
                0x0000163c       0x1c ./emlib/em_emu.o
                0x0000163c                EMU_UpdateOscConfig
 .text.BITBAND_Peripheral
                0x00001658       0x2c ./emlib/em_i2c.o
 .text.I2C_BusFreqSet
                0x00001684       0x88 ./emlib/em_i2c.o
                0x00001684                I2C_BusFreqSet
 .text.I2C_Init
                0x0000170c       0x78 ./emlib/em_i2c.o
                0x0000170c                I2C_Init
 .text.I2C_Transfer
                0x00001784      0x44c ./emlib/em_i2c.o
                0x00001784                I2C_Transfer
 .text.I2C_TransferInit
                0x00001bd0       0xe4 ./emlib/em_i2c.o
                0x00001bd0                I2C_TransferInit
 .text.BITBAND_Peripheral
                0x00001cb4       0x2c ./emlib/em_rmu.o
 .text.RMU_ResetControl
                0x00001ce0       0x28 ./emlib/em_rmu.o
                0x00001ce0                RMU_ResetControl
 .text.RTC_Init
                0x00001d08       0x50 ./emlib/em_rtc.o
                0x00001d08                RTC_Init
 .text.SYSTEM_ChipRevisionGet
                0x00001d58       0x74 ./emlib/em_system.o
                0x00001d58                SYSTEM_ChipRevisionGet
 .text.USART_BaudrateSyncSet
                0x00001dcc       0x6c ./emlib/em_usart.o
                0x00001dcc                USART_BaudrateSyncSet
 .text.USART_InitSync
                0x00001e38       0xc8 ./emlib/em_usart.o
                0x00001e38                USART_InitSync
 .text.USART_InitPrsTrigger
                0x00001f00       0x60 ./emlib/em_usart.o
                0x00001f00                USART_InitPrsTrigger
 .text.USART_Reset
                0x00001f60       0x98 ./emlib/em_usart.o
                0x00001f60                USART_Reset
 .text          0x00001ff8       0x98 ./CMSIS/efm32gg/startup_gcc_efm32gg.o
                0x00001ff8                Reset_Handler
                0x0000202c                Default_Handler
                0x0000202e                NMI_Handler
                0x00002030                HardFault_Handler
                0x00002032                MemManage_Handler
                0x00002034                BusFault_Handler
                0x00002036                UsageFault_Handler
                0x00002038                SVC_Handler
                0x0000203a                DebugMon_Handler
                0x0000203c                PendSV_Handler
                0x0000203e                SysTick_Handler
                0x00002040                DMA_IRQHandler
                0x00002042                GPIO_EVEN_IRQHandler
                0x00002044                TIMER0_IRQHandler
                0x00002046                USART0_RX_IRQHandler
                0x00002048                USART0_TX_IRQHandler
                0x0000204a                USB_IRQHandler
                0x0000204c                ACMP0_IRQHandler
                0x0000204e                ADC0_IRQHandler
                0x00002050                DAC0_IRQHandler
                0x00002052                I2C0_IRQHandler
                0x00002054                I2C1_IRQHandler
                0x00002056                GPIO_ODD_IRQHandler
                0x00002058                TIMER1_IRQHandler
                0x0000205a                TIMER2_IRQHandler
                0x0000205c                TIMER3_IRQHandler
                0x0000205e                USART1_RX_IRQHandler
                0x00002060                USART1_TX_IRQHandler
                0x00002062                LESENSE_IRQHandler
                0x00002064                USART2_RX_IRQHandler
                0x00002066                USART2_TX_IRQHandler
                0x00002068                UART0_RX_IRQHandler
                0x0000206a                UART0_TX_IRQHandler
                0x0000206c                UART1_RX_IRQHandler
                0x0000206e                UART1_TX_IRQHandler
                0x00002070                LEUART0_IRQHandler
                0x00002072                LEUART1_IRQHandler
                0x00002074                LETIMER0_IRQHandler
                0x00002076                PCNT0_IRQHandler
                0x00002078                PCNT1_IRQHandler
                0x0000207a                PCNT2_IRQHandler
                0x0000207c                RTC_IRQHandler
                0x0000207e                BURTC_IRQHandler
                0x00002080                CMU_IRQHandler
                0x00002082                VCMP_IRQHandler
                0x00002084                LCD_IRQHandler
                0x00002086                MSC_IRQHandler
                0x00002088                AES_IRQHandler
                0x0000208a                EBI_IRQHandler
                0x0000208c                EMU_IRQHandler
 .text.GetProdRev
                0x00002090       0x1c ./CMSIS/efm32gg/system_efm32gg.o
 .text.SystemCoreClockGet
                0x000020ac       0x48 ./CMSIS/efm32gg/system_efm32gg.o
                0x000020ac                SystemCoreClockGet
 .text.SystemHFClockGet
                0x000020f4       0xf0 ./CMSIS/efm32gg/system_efm32gg.o
                0x000020f4                SystemHFClockGet
 .text.SystemHFXOClockGet
                0x000021e4       0x18 ./CMSIS/efm32gg/system_efm32gg.o
                0x000021e4                SystemHFXOClockGet
 .text.SystemInit
                0x000021fc        0xc ./CMSIS/efm32gg/system_efm32gg.o
                0x000021fc                SystemInit
 .text.SystemLFRCOClockGet
                0x00002208       0x14 ./CMSIS/efm32gg/system_efm32gg.o
                0x00002208                SystemLFRCOClockGet
 .text.SystemULFRCOClockGet
                0x0000221c       0x14 ./CMSIS/efm32gg/system_efm32gg.o
                0x0000221c                SystemULFRCOClockGet
 .text.SystemLFXOClockGet
                0x00002230       0x18 ./CMSIS/efm32gg/system_efm32gg.o
                0x00002230                SystemLFXOClockGet
 .text.exit     0x00002248       0x28 /home/sumanguru/Downloads/SimplicityStudio_v3/developer/toolchains/gnu_arm/4.8_2013q4/bin/../lib/gcc/arm-none-eabi/4.8.3/../../../../arm-none-eabi/lib/armv7-m/libc_s.a(lib_a-exit.o)
                0x00002248                exit
 .text.__libc_init_array
                0x00002270       0x4c /home/sumanguru/Downloads/SimplicityStudio_v3/developer/toolchains/gnu_arm/4.8_2013q4/bin/../lib/gcc/arm-none-eabi/4.8.3/../../../../arm-none-eabi/lib/armv7-m/libc_s.a(lib_a-init.o)
                0x00002270                __libc_init_array
 .text.memset   0x000022bc       0x10 /home/sumanguru/Downloads/SimplicityStudio_v3/developer/toolchains/gnu_arm/4.8_2013q4/bin/../lib/gcc/arm-none-eabi/4.8.3/../../../../arm-none-eabi/lib/armv7-m/libc_s.a(lib_a-memset.o)
                0x000022bc                memset
 .text._exit    0x000022cc        0x4 /home/sumanguru/Downloads/SimplicityStudio_v3/developer/toolchains/gnu_arm/4.8_2013q4/bin/../lib/gcc/arm-none-eabi/4.8.3/../../../../arm-none-eabi/lib/armv7-m/libnosys.a(_exit.o)
                0x000022cc                _exit
 *(.init)
 .init          0x000022d0        0x4 /home/sumanguru/Downloads/SimplicityStudio_v3/developer/toolchains/gnu_arm/4.8_2013q4/bin/../lib/gcc/arm-none-eabi/4.8.3/armv7-m/crti.o
                0x000022d0                _init
 .init          0x000022d4        0x8 /home/sumanguru/Downloads/SimplicityStudio_v3/developer/toolchains/gnu_arm/4.8_2013q4/bin/../lib/gcc/arm-none-eabi/4.8.3/armv7-m/crtn.o
 *(.fini)
 .fini          0x000022dc        0x4 /home/sumanguru/Downloads/SimplicityStudio_v3/developer/toolchains/gnu_arm/4.8_2013q4/bin/../lib/gcc/arm-none-eabi/4.8.3/armv7-m/crti.o
                0x000022dc                _fini
 .fini          0x000022e0        0x8 /home/sumanguru/Downloads/SimplicityStudio_v3/developer/toolchains/gnu_arm/4.8_2013q4/bin/../lib/gcc/arm-none-eabi/4.8.3/armv7-m/crtn.o
 *crtbegin.o(.ctors)
 *crtbegin?.o(.ctors)
 *(EXCLUDE_FILE(*crtend.o *crtend?.o) .ctors)
 *(SORT(.ctors.*))
 *(.ctors)
 *crtbegin.o(.dtors)
 *crtbegin?.o(.dtors)
 *(EXCLUDE_FILE(*crtend.o *crtend?.o) .dtors)
 *(SORT(.dtors.*))
 *(.dtors)
 *(.rodata*)
 .rodata        0x000022e8       0x10 ./src/BQ27421.o
 .rodata        0x000022f8       0x40 ./src/InitDevice.o
 .rodata.i2cNSum
                0x00002338        0x4 ./emlib/em_i2c.o
 .rodata.str1.1
                0x0000233c        0x2 /home/sumanguru/Downloads/SimplicityStudio_v3/developer/toolchains/gnu_arm/4.8_2013q4/bin/../lib/gcc/arm-none-eabi/4.8.3/../../../../arm-none-eabi/lib/armv7-m/libc_s.a(lib_a-impure.o)
 *fill*         0x0000233e        0x2 
 .rodata._global_impure_ptr
                0x00002340        0x4 /home/sumanguru/Downloads/SimplicityStudio_v3/developer/toolchains/gnu_arm/4.8_2013q4/bin/../lib/gcc/arm-none-eabi/4.8.3/../../../../arm-none-eabi/lib/armv7-m/libc_s.a(lib_a-impure.o)
                0x00002340                _global_impure_ptr
 *(.eh_frame*)
 .eh_frame      0x00002344        0x0 /home/sumanguru/Downloads/SimplicityStudio_v3/developer/toolchains/gnu_arm/4.8_2013q4/bin/../lib/gcc/arm-none-eabi/4.8.3/armv7-m/crtbegin.o
 .eh_frame      0x00002344        0x4 /home/sumanguru/Downloads/SimplicityStudio_v3/developer/toolchains/gnu_arm/4.8_2013q4/bin/../lib/gcc/arm-none-eabi/4.8.3/armv7-m/crtend.o

.glue_7         0x00002348        0x0
 .glue_7        0x00000000        0x0 linker stubs

.glue_7t        0x00002348        0x0
 .glue_7t       0x00000000        0x0 linker stubs

.vfp11_veneer   0x00002348        0x0
 .vfp11_veneer  0x00000000        0x0 linker stubs

.v4_bx          0x00002348        0x0
 .v4_bx         0x00000000        0x0 linker stubs

.iplt           0x00002348        0x0
 .iplt          0x00000000        0x0 /home/sumanguru/Downloads/SimplicityStudio_v3/developer/toolchains/gnu_arm/4.8_2013q4/bin/../lib/gcc/arm-none-eabi/4.8.3/armv7-m/crtbegin.o

.ARM.extab
 *(.ARM.extab* .gnu.linkonce.armextab.*)
                0x00002348                __exidx_start = .

.ARM.exidx      0x00002348        0x8
 *(.ARM.exidx* .gnu.linkonce.armexidx.*)
 .ARM.exidx     0x00002348        0x8 /home/sumanguru/Downloads/SimplicityStudio_v3/developer/toolchains/gnu_arm/4.8_2013q4/bin/../lib/gcc/arm-none-eabi/4.8.3/../../../../arm-none-eabi/lib/armv7-m/crt0.o
                0x00002350                __exidx_end = .
                0x00002350                __etext = .

.rel.dyn        0x00002350        0x0
 .rel.iplt      0x00000000        0x0 /home/sumanguru/Downloads/SimplicityStudio_v3/developer/toolchains/gnu_arm/4.8_2013q4/bin/../lib/gcc/arm-none-eabi/4.8.3/armv7-m/crtbegin.o

.data           0x20000000       0x70 load address 0x00002350
                0x20000000                __data_start__ = .
 *(vtable)
 *(.data*)
 .data.SystemHFXOClock
                0x20000000        0x4 ./CMSIS/efm32gg/system_efm32gg.o
 .data.SystemLFXOClock
                0x20000004        0x4 ./CMSIS/efm32gg/system_efm32gg.o
 .data.impure_data
                0x20000008       0x60 /home/sumanguru/Downloads/SimplicityStudio_v3/developer/toolchains/gnu_arm/4.8_2013q4/bin/../lib/gcc/arm-none-eabi/4.8.3/../../../../arm-none-eabi/lib/armv7-m/libc_s.a(lib_a-impure.o)
                0x20000068                . = ALIGN (0x4)
 *(.ram)
                0x20000068                . = ALIGN (0x4)
                0x20000068                PROVIDE (__preinit_array_start, .)
 *(.preinit_array)
                0x20000068                PROVIDE (__preinit_array_end, .)
                0x20000068                . = ALIGN (0x4)
                0x20000068                PROVIDE (__init_array_start, .)
 *(SORT(.init_array.*))
 *(.init_array)
 .init_array    0x20000068        0x4 /home/sumanguru/Downloads/SimplicityStudio_v3/developer/toolchains/gnu_arm/4.8_2013q4/bin/../lib/gcc/arm-none-eabi/4.8.3/armv7-m/crtbegin.o
                0x2000006c                PROVIDE (__init_array_end, .)
                0x2000006c                . = ALIGN (0x4)
                0x2000006c                PROVIDE (__fini_array_start, .)
 *(SORT(.fini_array.*))
 *(.fini_array)
 .fini_array    0x2000006c        0x4 /home/sumanguru/Downloads/SimplicityStudio_v3/developer/toolchains/gnu_arm/4.8_2013q4/bin/../lib/gcc/arm-none-eabi/4.8.3/armv7-m/crtbegin.o
                0x20000070                PROVIDE (__fini_array_end, .)
                0x20000070                . = ALIGN (0x4)
                0x20000070                __data_end__ = .

.jcr            0x20000070        0x0 load address 0x000023c0
 .jcr           0x20000070        0x0 /home/sumanguru/Downloads/SimplicityStudio_v3/developer/toolchains/gnu_arm/4.8_2013q4/bin/../lib/gcc/arm-none-eabi/4.8.3/armv7-m/crtbegin.o

.igot.plt       0x20000070        0x0 load address 0x000023c0
 .igot.plt      0x00000000        0x0 /home/sumanguru/Downloads/SimplicityStudio_v3/developer/toolchains/gnu_arm/4.8_2013q4/bin/../lib/gcc/arm-none-eabi/4.8.3/armv7-m/crtbegin.o

.bss            0x20000070       0x3c load address 0x000023c0
                0x20000070                __bss_start__ = .
 *(.bss*)
 .bss           0x20000070       0x1c /home/sumanguru/Downloads/SimplicityStudio_v3/developer/toolchains/gnu_arm/4.8_2013q4/bin/../lib/gcc/arm-none-eabi/4.8.3/armv7-m/crtbegin.o
 .bss.cmuStatus
                0x2000008c        0x4 ./emlib/em_emu.o
 .bss.i2cTransfer
                0x20000090       0x18 ./emlib/em_i2c.o
 *(COMMON)
 COMMON         0x200000a8        0x4 ./CMSIS/efm32gg/system_efm32gg.o
                0x200000a8                SystemCoreClock
                0x200000ac                __bss_end__ = .

.heap           0x200000b0      0xc00
                0x200000b0                __end__ = .
                0x200000b0                end = __end__
                0x200000b0                _end = __end__
 *(.heap*)
 .heap          0x200000b0      0xc00 ./CMSIS/efm32gg/startup_gcc_efm32gg.o
                0x200000b0                __HeapBase
                0x20000cb0                __HeapLimit = .

.stack_dummy    0x200000b0      0x400
 *(.stack)
 .stack         0x200000b0      0x400 ./CMSIS/efm32gg/startup_gcc_efm32gg.o
                0x20020000                __StackTop = (ORIGIN (RAM) + 0x20000)
                0x2001fc00                __StackLimit = (__StackTop - SIZEOF (.stack_dummy))
                0x20020000                PROVIDE (__stack, __StackTop)
                0x00000001                ASSERT ((__StackLimit >= __HeapLimit), region RAM overflowed with stack)
                0x00000001                ASSERT ((0x100000 >= (__etext + SIZEOF (.data))), FLASH memory overflowed !)
OUTPUT(Anastasia.axf elf32-littlearm)

.ARM.attributes
                0x00000000       0x29
 .ARM.attributes
                0x00000000       0x1d /home/sumanguru/Downloads/SimplicityStudio_v3/developer/toolchains/gnu_arm/4.8_2013q4/bin/../lib/gcc/arm-none-eabi/4.8.3/armv7-m/crti.o
 .ARM.attributes
                0x0000001d       0x2d /home/sumanguru/Downloads/SimplicityStudio_v3/developer/toolchains/gnu_arm/4.8_2013q4/bin/../lib/gcc/arm-none-eabi/4.8.3/armv7-m/crtbegin.o
 .ARM.attributes
                0x0000004a       0x1b /home/sumanguru/Downloads/SimplicityStudio_v3/developer/toolchains/gnu_arm/4.8_2013q4/bin/../lib/gcc/arm-none-eabi/4.8.3/../../../../arm-none-eabi/lib/armv7-m/crt0.o
 .ARM.attributes
                0x00000065       0x33 ./src/BQ25010.o
 .ARM.attributes
                0x00000098       0x33 ./src/BQ27421.o
 .ARM.attributes
                0x000000cb       0x33 ./src/InitDevice.o
 .ARM.attributes
                0x000000fe       0x33 ./src/main.o
 .ARM.attributes
                0x00000131       0x33 ./emlib/em_burtc.o
 .ARM.attributes
                0x00000164       0x33 ./emlib/em_cmu.o
 .ARM.attributes
                0x00000197       0x33 ./emlib/em_emu.o
 .ARM.attributes
                0x000001ca       0x33 ./emlib/em_i2c.o
 .ARM.attributes
                0x000001fd       0x33 ./emlib/em_rmu.o
 .ARM.attributes
                0x00000230       0x33 ./emlib/em_rtc.o
 .ARM.attributes
                0x00000263       0x33 ./emlib/em_system.o
 .ARM.attributes
                0x00000296       0x33 ./emlib/em_usart.o
 .ARM.attributes
                0x000002c9       0x1b ./CMSIS/efm32gg/startup_gcc_efm32gg.o
 .ARM.attributes
                0x000002e4       0x33 ./CMSIS/efm32gg/system_efm32gg.o
 .ARM.attributes
                0x00000317       0x2d /home/sumanguru/Downloads/SimplicityStudio_v3/developer/toolchains/gnu_arm/4.8_2013q4/bin/../lib/gcc/arm-none-eabi/4.8.3/../../../../arm-none-eabi/lib/armv7-m/libc_s.a(lib_a-exit.o)
 .ARM.attributes
                0x00000344       0x2d /home/sumanguru/Downloads/SimplicityStudio_v3/developer/toolchains/gnu_arm/4.8_2013q4/bin/../lib/gcc/arm-none-eabi/4.8.3/../../../../arm-none-eabi/lib/armv7-m/libc_s.a(lib_a-impure.o)
 .ARM.attributes
                0x00000371       0x2d /home/sumanguru/Downloads/SimplicityStudio_v3/developer/toolchains/gnu_arm/4.8_2013q4/bin/../lib/gcc/arm-none-eabi/4.8.3/../../../../arm-none-eabi/lib/armv7-m/libc_s.a(lib_a-init.o)
 .ARM.attributes
                0x0000039e       0x2d /home/sumanguru/Downloads/SimplicityStudio_v3/developer/toolchains/gnu_arm/4.8_2013q4/bin/../lib/gcc/arm-none-eabi/4.8.3/../../../../arm-none-eabi/lib/armv7-m/libc_s.a(lib_a-memset.o)
 .ARM.attributes
                0x000003cb       0x2d /home/sumanguru/Downloads/SimplicityStudio_v3/developer/toolchains/gnu_arm/4.8_2013q4/bin/../lib/gcc/arm-none-eabi/4.8.3/../../../../arm-none-eabi/lib/armv7-m/libnosys.a(_exit.o)
 .ARM.attributes
                0x000003f8       0x2d /home/sumanguru/Downloads/SimplicityStudio_v3/developer/toolchains/gnu_arm/4.8_2013q4/bin/../lib/gcc/arm-none-eabi/4.8.3/armv7-m/crtend.o
 .ARM.attributes
                0x00000425       0x1d /home/sumanguru/Downloads/SimplicityStudio_v3/developer/toolchains/gnu_arm/4.8_2013q4/bin/../lib/gcc/arm-none-eabi/4.8.3/armv7-m/crtn.o

.comment        0x00000000       0x70
 .comment       0x00000000       0x70 ./src/BQ25010.o
                                 0x71 (size before relaxing)
 .comment       0x00000000       0x71 ./src/BQ27421.o
 .comment       0x00000000       0x71 ./src/InitDevice.o
 .comment       0x00000000       0x71 ./src/main.o
 .comment       0x00000000       0x71 ./emlib/em_burtc.o
 .comment       0x00000000       0x71 ./emlib/em_cmu.o
 .comment       0x00000000       0x71 ./emlib/em_emu.o
 .comment       0x00000000       0x71 ./emlib/em_i2c.o
 .comment       0x00000000       0x71 ./emlib/em_rmu.o
 .comment       0x00000000       0x71 ./emlib/em_rtc.o
 .comment       0x00000000       0x71 ./emlib/em_system.o
 .comment       0x00000000       0x71 ./emlib/em_usart.o
 .comment       0x00000000       0x71 ./CMSIS/efm32gg/system_efm32gg.o

.debug_info     0x00000000     0x6384
 .debug_info    0x00000000      0x316 ./src/BQ25010.o
 .debug_info    0x00000316      0x3d3 ./src/BQ27421.o
 .debug_info    0x000006e9     0x112c ./src/InitDevice.o
 .debug_info    0x00001815      0x14d ./src/main.o
 .debug_info    0x00001962      0x66f ./emlib/em_burtc.o
 .debug_info    0x00001fd1     0x10bb ./emlib/em_cmu.o
 .debug_info    0x0000308c      0xd9f ./emlib/em_emu.o
 .debug_info    0x00003e2b      0x7bd ./emlib/em_i2c.o
 .debug_info    0x000045e8      0x3cd ./emlib/em_rmu.o
 .debug_info    0x000049b5      0x32d ./emlib/em_rtc.o
 .debug_info    0x00004ce2      0x245 ./emlib/em_system.o
 .debug_info    0x00004f27      0xe4a ./emlib/em_usart.o
 .debug_info    0x00005d71       0xa9 ./CMSIS/efm32gg/startup_gcc_efm32gg.o
 .debug_info    0x00005e1a      0x56a ./CMSIS/efm32gg/system_efm32gg.o

.debug_abbrev   0x00000000     0x1577
 .debug_abbrev  0x00000000       0xe5 ./src/BQ25010.o
 .debug_abbrev  0x000000e5      0x137 ./src/BQ27421.o
 .debug_abbrev  0x0000021c      0x197 ./src/InitDevice.o
 .debug_abbrev  0x000003b3       0xd5 ./src/main.o
 .debug_abbrev  0x00000488      0x226 ./emlib/em_burtc.o
 .debug_abbrev  0x000006ae      0x2e4 ./emlib/em_cmu.o
 .debug_abbrev  0x00000992      0x263 ./emlib/em_emu.o
 .debug_abbrev  0x00000bf5      0x234 ./emlib/em_i2c.o
 .debug_abbrev  0x00000e29      0x154 ./emlib/em_rmu.o
 .debug_abbrev  0x00000f7d      0x198 ./emlib/em_rtc.o
 .debug_abbrev  0x00001115       0xef ./emlib/em_system.o
 .debug_abbrev  0x00001204      0x1ba ./emlib/em_usart.o
 .debug_abbrev  0x000013be       0x14 ./CMSIS/efm32gg/startup_gcc_efm32gg.o
 .debug_abbrev  0x000013d2      0x1a5 ./CMSIS/efm32gg/system_efm32gg.o

.debug_loc      0x00000000     0x2100
 .debug_loc     0x00000000      0x114 ./src/BQ25010.o
 .debug_loc     0x00000114       0xe0 ./src/BQ27421.o
 .debug_loc     0x000001f4      0x5c8 ./src/InitDevice.o
 .debug_loc     0x000007bc       0x64 ./src/main.o
 .debug_loc     0x00000820      0x2cc ./emlib/em_burtc.o
 .debug_loc     0x00000aec      0x708 ./emlib/em_cmu.o
 .debug_loc     0x000011f4      0x3b4 ./emlib/em_emu.o
 .debug_loc     0x000015a8      0x1c0 ./emlib/em_i2c.o
 .debug_loc     0x00001768      0x138 ./emlib/em_rmu.o
 .debug_loc     0x000018a0      0x1a8 ./emlib/em_rtc.o
 .debug_loc     0x00001a48       0x70 ./emlib/em_system.o
 .debug_loc     0x00001ab8      0x460 ./emlib/em_usart.o
 .debug_loc     0x00001f18      0x1e8 ./CMSIS/efm32gg/system_efm32gg.o

.debug_aranges  0x00000000      0x668
 .debug_aranges
                0x00000000       0x48 ./src/BQ25010.o
 .debug_aranges
                0x00000048       0x38 ./src/BQ27421.o
 .debug_aranges
                0x00000080      0x118 ./src/InitDevice.o
 .debug_aranges
                0x00000198       0x28 ./src/main.o
 .debug_aranges
                0x000001c0       0x80 ./emlib/em_burtc.o
 .debug_aranges
                0x00000240      0x120 ./emlib/em_cmu.o
 .debug_aranges
                0x00000360       0xa8 ./emlib/em_emu.o
 .debug_aranges
                0x00000408       0x58 ./emlib/em_i2c.o
 .debug_aranges
                0x00000460       0x48 ./emlib/em_rmu.o
 .debug_aranges
                0x000004a8       0x58 ./emlib/em_rtc.o
 .debug_aranges
                0x00000500       0x28 ./emlib/em_system.o
 .debug_aranges
                0x00000528       0xb8 ./emlib/em_usart.o
 .debug_aranges
                0x000005e0       0x20 ./CMSIS/efm32gg/startup_gcc_efm32gg.o
 .debug_aranges
                0x00000600       0x68 ./CMSIS/efm32gg/system_efm32gg.o

.debug_ranges   0x00000000      0x578
 .debug_ranges  0x00000000       0x38 ./src/BQ25010.o
 .debug_ranges  0x00000038       0x28 ./src/BQ27421.o
 .debug_ranges  0x00000060      0x108 ./src/InitDevice.o
 .debug_ranges  0x00000168       0x18 ./src/main.o
 .debug_ranges  0x00000180       0x70 ./emlib/em_burtc.o
 .debug_ranges  0x000001f0      0x110 ./emlib/em_cmu.o
 .debug_ranges  0x00000300       0x98 ./emlib/em_emu.o
 .debug_ranges  0x00000398       0x48 ./emlib/em_i2c.o
 .debug_ranges  0x000003e0       0x38 ./emlib/em_rmu.o
 .debug_ranges  0x00000418       0x48 ./emlib/em_rtc.o
 .debug_ranges  0x00000460       0x18 ./emlib/em_system.o
 .debug_ranges  0x00000478       0xa8 ./emlib/em_usart.o
 .debug_ranges  0x00000520       0x58 ./CMSIS/efm32gg/system_efm32gg.o

.debug_line     0x00000000     0x2f41
 .debug_line    0x00000000      0x205 ./src/BQ25010.o
 .debug_line    0x00000205      0x264 ./src/BQ27421.o
 .debug_line    0x00000469      0x539 ./src/InitDevice.o
 .debug_line    0x000009a2      0x1b7 ./src/main.o
 .debug_line    0x00000b59      0x3b9 ./emlib/em_burtc.o
 .debug_line    0x00000f12      0x807 ./emlib/em_cmu.o
 .debug_line    0x00001719      0x4af ./emlib/em_emu.o
 .debug_line    0x00001bc8      0x3cd ./emlib/em_i2c.o
 .debug_line    0x00001f95      0x2a9 ./emlib/em_rmu.o
 .debug_line    0x0000223e      0x2bf ./emlib/em_rtc.o
 .debug_line    0x000024fd      0x23f ./emlib/em_system.o
 .debug_line    0x0000273c      0x4dc ./emlib/em_usart.o
 .debug_line    0x00002c18       0x9f ./CMSIS/efm32gg/startup_gcc_efm32gg.o
 .debug_line    0x00002cb7      0x28a ./CMSIS/efm32gg/system_efm32gg.o

.debug_str      0x00000000     0x280a
 .debug_str     0x00000000      0x2d1 ./src/BQ25010.o
                                0x317 (size before relaxing)
 .debug_str     0x000002d1      0x1ee ./src/BQ27421.o
                                0x3db (size before relaxing)
 .debug_str     0x000004bf      0xdbc ./src/InitDevice.o
                               0x1172 (size before relaxing)
 .debug_str     0x0000127b       0x54 ./src/main.o
                                0x24f (size before relaxing)
 .debug_str     0x000012cf      0x18f ./emlib/em_burtc.o
                                0x4df (size before relaxing)
 .debug_str     0x0000145e      0x5d1 ./emlib/em_cmu.o
                                0xc42 (size before relaxing)
 .debug_str     0x00001a2f      0x498 ./emlib/em_emu.o
                                0x841 (size before relaxing)
 .debug_str     0x00001ec7      0x1cd ./emlib/em_i2c.o
                                0x76a (size before relaxing)
 .debug_str     0x00002094       0xd0 ./emlib/em_rmu.o
                                0x38d (size before relaxing)
 .debug_str     0x00002164       0x20 ./emlib/em_rtc.o
                                0x2d3 (size before relaxing)
 .debug_str     0x00002184       0x7b ./emlib/em_system.o
                                0x2c6 (size before relaxing)
 .debug_str     0x000021ff      0x50a ./emlib/em_usart.o
                                0xd86 (size before relaxing)
 .debug_str     0x00002709      0x101 ./CMSIS/efm32gg/system_efm32gg.o
                                0x48f (size before relaxing)

.debug_frame    0x00000000     0x1348
 .debug_frame   0x00000000       0xa4 ./src/BQ25010.o
 .debug_frame   0x000000a4       0x90 ./src/BQ27421.o
 .debug_frame   0x00000134      0x354 ./src/InitDevice.o
 .debug_frame   0x00000488       0x4c ./src/main.o
 .debug_frame   0x000004d4      0x194 ./emlib/em_burtc.o
 .debug_frame   0x00000668      0x3cc ./emlib/em_cmu.o
 .debug_frame   0x00000a34      0x210 ./emlib/em_emu.o
 .debug_frame   0x00000c44      0x104 ./emlib/em_i2c.o
 .debug_frame   0x00000d48       0xb8 ./emlib/em_rmu.o
 .debug_frame   0x00000e00       0xf0 ./emlib/em_rtc.o
 .debug_frame   0x00000ef0       0x48 ./emlib/em_system.o
 .debug_frame   0x00000f38      0x25c ./emlib/em_usart.o
 .debug_frame   0x00001194      0x120 ./CMSIS/efm32gg/system_efm32gg.o
 .debug_frame   0x000012b4       0x28 /home/sumanguru/Downloads/SimplicityStudio_v3/developer/toolchains/gnu_arm/4.8_2013q4/bin/../lib/gcc/arm-none-eabi/4.8.3/../../../../arm-none-eabi/lib/armv7-m/libc_s.a(lib_a-exit.o)
 .debug_frame   0x000012dc       0x2c /home/sumanguru/Downloads/SimplicityStudio_v3/developer/toolchains/gnu_arm/4.8_2013q4/bin/../lib/gcc/arm-none-eabi/4.8.3/../../../../arm-none-eabi/lib/armv7-m/libc_s.a(lib_a-init.o)
 .debug_frame   0x00001308       0x20 /home/sumanguru/Downloads/SimplicityStudio_v3/developer/toolchains/gnu_arm/4.8_2013q4/bin/../lib/gcc/arm-none-eabi/4.8.3/../../../../arm-none-eabi/lib/armv7-m/libc_s.a(lib_a-memset.o)
 .debug_frame   0x00001328       0x20 /home/sumanguru/Downloads/SimplicityStudio_v3/developer/toolchains/gnu_arm/4.8_2013q4/bin/../lib/gcc/arm-none-eabi/4.8.3/../../../../arm-none-eabi/lib/armv7-m/libnosys.a(_exit.o)
